Archive member included to satisfy reference by file (symbol)

c:/users/patri/appdata/local/programs/renesas/ra/e2studio_v2022-10_fsp_v4.2.0/toolchains/gcc_arm/gcc-arm-none-eabi-10.3-2021.10/bin/../lib/gcc/arm-none-eabi/10.3.1/thumb/v8-m.main+fp/hard\libgcc.a(_aeabi_ldivmod.o)
                              ./src/modbus_protocol.o (__aeabi_ldivmod)
c:/users/patri/appdata/local/programs/renesas/ra/e2studio_v2022-10_fsp_v4.2.0/toolchains/gcc_arm/gcc-arm-none-eabi-10.3-2021.10/bin/../lib/gcc/arm-none-eabi/10.3.1/thumb/v8-m.main+fp/hard\libgcc.a(_aeabi_uldivmod.o)
                              ./src/modbus_protocol.o (__aeabi_uldivmod)
c:/users/patri/appdata/local/programs/renesas/ra/e2studio_v2022-10_fsp_v4.2.0/toolchains/gcc_arm/gcc-arm-none-eabi-10.3-2021.10/bin/../lib/gcc/arm-none-eabi/10.3.1/thumb/v8-m.main+fp/hard\libgcc.a(_udivmoddi4.o)
                              c:/users/patri/appdata/local/programs/renesas/ra/e2studio_v2022-10_fsp_v4.2.0/toolchains/gcc_arm/gcc-arm-none-eabi-10.3-2021.10/bin/../lib/gcc/arm-none-eabi/10.3.1/thumb/v8-m.main+fp/hard\libgcc.a(_aeabi_ldivmod.o) (__udivmoddi4)
c:/users/patri/appdata/local/programs/renesas/ra/e2studio_v2022-10_fsp_v4.2.0/toolchains/gcc_arm/gcc-arm-none-eabi-10.3-2021.10/bin/../lib/gcc/arm-none-eabi/10.3.1/thumb/v8-m.main+fp/hard\libgcc.a(_dvmd_tls.o)
                              c:/users/patri/appdata/local/programs/renesas/ra/e2studio_v2022-10_fsp_v4.2.0/toolchains/gcc_arm/gcc-arm-none-eabi-10.3-2021.10/bin/../lib/gcc/arm-none-eabi/10.3.1/thumb/v8-m.main+fp/hard\libgcc.a(_aeabi_ldivmod.o) (__aeabi_ldiv0)
c:/users/patri/appdata/local/programs/renesas/ra/e2studio_v2022-10_fsp_v4.2.0/toolchains/gcc_arm/gcc-arm-none-eabi-10.3-2021.10/bin/../lib/gcc/arm-none-eabi/10.3.1/../../../../arm-none-eabi/lib/thumb/v8-m.main+fp/hard\libg_nano.a(lib_a-errno.o)
                              ./ra/fsp/src/bsp/mcu/all/bsp_sbrk.o (__errno)
c:/users/patri/appdata/local/programs/renesas/ra/e2studio_v2022-10_fsp_v4.2.0/toolchains/gcc_arm/gcc-arm-none-eabi-10.3-2021.10/bin/../lib/gcc/arm-none-eabi/10.3.1/../../../../arm-none-eabi/lib/thumb/v8-m.main+fp/hard\libg_nano.a(lib_a-exit.o)
                              c:/users/patri/appdata/local/programs/renesas/ra/e2studio_v2022-10_fsp_v4.2.0/toolchains/gcc_arm/gcc-arm-none-eabi-10.3-2021.10/bin/../lib/gcc/arm-none-eabi/10.3.1/../../../../arm-none-eabi/lib/thumb/v8-m.main+fp/hard/rdimon-crt0.o (exit)
c:/users/patri/appdata/local/programs/renesas/ra/e2studio_v2022-10_fsp_v4.2.0/toolchains/gcc_arm/gcc-arm-none-eabi-10.3-2021.10/bin/../lib/gcc/arm-none-eabi/10.3.1/../../../../arm-none-eabi/lib/thumb/v8-m.main+fp/hard\libg_nano.a(lib_a-impure.o)
                              c:/users/patri/appdata/local/programs/renesas/ra/e2studio_v2022-10_fsp_v4.2.0/toolchains/gcc_arm/gcc-arm-none-eabi-10.3-2021.10/bin/../lib/gcc/arm-none-eabi/10.3.1/../../../../arm-none-eabi/lib/thumb/v8-m.main+fp/hard\libg_nano.a(lib_a-exit.o) (_global_impure_ptr)
c:/users/patri/appdata/local/programs/renesas/ra/e2studio_v2022-10_fsp_v4.2.0/toolchains/gcc_arm/gcc-arm-none-eabi-10.3-2021.10/bin/../lib/gcc/arm-none-eabi/10.3.1/../../../../arm-none-eabi/lib/thumb/v8-m.main+fp/hard\libg_nano.a(lib_a-init.o)
                              c:/users/patri/appdata/local/programs/renesas/ra/e2studio_v2022-10_fsp_v4.2.0/toolchains/gcc_arm/gcc-arm-none-eabi-10.3-2021.10/bin/../lib/gcc/arm-none-eabi/10.3.1/../../../../arm-none-eabi/lib/thumb/v8-m.main+fp/hard/rdimon-crt0.o (__libc_init_array)
c:/users/patri/appdata/local/programs/renesas/ra/e2studio_v2022-10_fsp_v4.2.0/toolchains/gcc_arm/gcc-arm-none-eabi-10.3-2021.10/bin/../lib/gcc/arm-none-eabi/10.3.1/../../../../arm-none-eabi/lib/thumb/v8-m.main+fp/hard\libg_nano.a(lib_a-memcpy-stub.o)
                              ./ra/fsp/src/r_sci_uart/r_sci_uart.o (memcpy)
c:/users/patri/appdata/local/programs/renesas/ra/e2studio_v2022-10_fsp_v4.2.0/toolchains/gcc_arm/gcc-arm-none-eabi-10.3-2021.10/bin/../lib/gcc/arm-none-eabi/10.3.1/../../../../arm-none-eabi/lib/thumb/v8-m.main+fp/hard\libg_nano.a(lib_a-memset.o)
                              c:/users/patri/appdata/local/programs/renesas/ra/e2studio_v2022-10_fsp_v4.2.0/toolchains/gcc_arm/gcc-arm-none-eabi-10.3-2021.10/bin/../lib/gcc/arm-none-eabi/10.3.1/../../../../arm-none-eabi/lib/thumb/v8-m.main+fp/hard/rdimon-crt0.o (memset)
c:/users/patri/appdata/local/programs/renesas/ra/e2studio_v2022-10_fsp_v4.2.0/toolchains/gcc_arm/gcc-arm-none-eabi-10.3-2021.10/bin/../lib/gcc/arm-none-eabi/10.3.1/../../../../arm-none-eabi/lib/thumb/v8-m.main+fp/hard\librdimon_nano.a(rdimon-syscalls.o)
                              c:/users/patri/appdata/local/programs/renesas/ra/e2studio_v2022-10_fsp_v4.2.0/toolchains/gcc_arm/gcc-arm-none-eabi-10.3-2021.10/bin/../lib/gcc/arm-none-eabi/10.3.1/../../../../arm-none-eabi/lib/thumb/v8-m.main+fp/hard/rdimon-crt0.o (initialise_monitor_handles)
[...]
Memory Configuration

Name             Origin             Length             Attributes
ITCM             0x00000000         0x00000000         xr
DTCM             0x00000000         0x00000000         xrw
FLASH            0x00000000         0x00180000         xr
RAM              0x20000000         0x00080000         xrw
DATA_FLASH       0x08000000         0x00002000         xr
QSPI_FLASH       0x60000000         0x04000000         xr
OSPI_DEVICE_0    0x68000000         0x08000000         xr
OSPI_DEVICE_1    0x70000000         0x10000000         xr
OSPI_DEVICE_0_RAM 0x68000000         0x08000000         xrw
OSPI_DEVICE_1_RAM 0x70000000         0x10000000         xrw
SDRAM            0x80010000         0x00000000         xrw
OPTION_SETTING   0x0100a100         0x00000100         r
OPTION_SETTING_OFS 0x0100a100         0x00000018         r
OPTION_SETTING_SAS 0x0100a134         0x000000cc         r
OPTION_SETTING_S 0x0100a200         0x00000100         r
ID_CODE          0x00000000         0x00000000         xr
*default*        0x00000000         0xffffffff

Linker script and memory map

LOAD c:/users/patri/appdata/local/programs/renesas/ra/e2studio_v2022-10_fsp_v4.2.0/toolchains/gcc_arm/gcc-arm-none-eabi-10.3-2021.10/bin/../lib/gcc/arm-none-eabi/10.3.1/thumb/v8-m.main+fp/hard/crti.o
LOAD c:/users/patri/appdata/local/programs/renesas/ra/e2studio_v2022-10_fsp_v4.2.0/toolchains/gcc_arm/gcc-arm-none-eabi-10.3-2021.10/bin/../lib/gcc/arm-none-eabi/10.3.1/thumb/v8-m.main+fp/hard/crtbegin.o
LOAD c:/users/patri/appdata/local/programs/renesas/ra/e2studio_v2022-10_fsp_v4.2.0/toolchains/gcc_arm/gcc-arm-none-eabi-10.3-2021.10/bin/../lib/gcc/arm-none-eabi/10.3.1/../../../../arm-none-eabi/lib/thumb/v8-m.main+fp/hard/rdimon-crt0.o
START GROUP
LOAD ./src/application_data.o
LOAD ./src/control_utils.o
LOAD ./src/dosing_control.o
LOAD ./src/hal_entry.o
LOAD ./src/hmi_control.o
LOAD ./src/modbus_crc.o
LOAD ./src/modbus_protocol.o
LOAD ./src/serial_communication.o
LOAD ./ra_gen/common_data.o
LOAD ./ra_gen/hal_data.o
LOAD ./ra_gen/main.o
LOAD ./ra_gen/pin_data.o
LOAD ./ra_gen/vector_data.o
LOAD ./ra/fsp/src/r_sci_uart/r_sci_uart.o
LOAD ./ra/fsp/src/r_ioport/r_ioport.o
LOAD ./ra/fsp/src/r_gpt/r_gpt.o
LOAD ./ra/fsp/src/r_agt/r_agt.o
LOAD ./ra/fsp/src/r_adc/r_adc.o
LOAD ./ra/fsp/src/bsp/mcu/all/bsp_clocks.o
LOAD ./ra/fsp/src/bsp/mcu/all/bsp_common.o
LOAD ./ra/fsp/src/bsp/mcu/all/bsp_delay.o
LOAD ./ra/fsp/src/bsp/mcu/all/bsp_group_irq.o
LOAD ./ra/fsp/src/bsp/mcu/all/bsp_guard.o
LOAD ./ra/fsp/src/bsp/mcu/all/bsp_io.o
LOAD ./ra/fsp/src/bsp/mcu/all/bsp_irq.o
LOAD ./ra/fsp/src/bsp/mcu/all/bsp_register_protection.o
LOAD ./ra/fsp/src/bsp/mcu/all/bsp_rom_registers.o
LOAD ./ra/fsp/src/bsp/mcu/all/bsp_sbrk.o
LOAD ./ra/fsp/src/bsp/mcu/all/bsp_security.o
LOAD ./ra/fsp/src/bsp/cmsis/Device/RENESAS/Source/startup.o
LOAD ./ra/fsp/src/bsp/cmsis/Device/RENESAS/Source/system.o
END GROUP
START GROUP
LOAD c:/users/patri/appdata/local/programs/renesas/ra/e2studio_v2022-10_fsp_v4.2.0/toolchains/gcc_arm/gcc-arm-none-eabi-10.3-2021.10/bin/../lib/gcc/arm-none-eabi/10.3.1/thumb/v8-m.main+fp/hard\libgcc.a
LOAD c:/users/patri/appdata/local/programs/renesas/ra/e2studio_v2022-10_fsp_v4.2.0/toolchains/gcc_arm/gcc-arm-none-eabi-10.3-2021.10/bin/../lib/gcc/arm-none-eabi/10.3.1/../../../../arm-none-eabi/lib/thumb/v8-m.main+fp/hard\libg_nano.a
LOAD c:/users/patri/appdata/local/programs/renesas/ra/e2studio_v2022-10_fsp_v4.2.0/toolchains/gcc_arm/gcc-arm-none-eabi-10.3-2021.10/bin/../lib/gcc/arm-none-eabi/10.3.1/../../../../arm-none-eabi/lib/thumb/v8-m.main+fp/hard\libc_nano.a
END GROUP
START GROUP
LOAD c:/users/patri/appdata/local/programs/renesas/ra/e2studio_v2022-10_fsp_v4.2.0/toolchains/gcc_arm/gcc-arm-none-eabi-10.3-2021.10/bin/../lib/gcc/arm-none-eabi/10.3.1/thumb/v8-m.main+fp/hard\libgcc.a
LOAD c:/users/patri/appdata/local/programs/renesas/ra/e2studio_v2022-10_fsp_v4.2.0/toolchains/gcc_arm/gcc-arm-none-eabi-10.3-2021.10/bin/../lib/gcc/arm-none-eabi/10.3.1/../../../../arm-none-eabi/lib/thumb/v8-m.main+fp/hard\libc_nano.a
LOAD c:/users/patri/appdata/local/programs/renesas/ra/e2studio_v2022-10_fsp_v4.2.0/toolchains/gcc_arm/gcc-arm-none-eabi-10.3-2021.10/bin/../lib/gcc/arm-none-eabi/10.3.1/../../../../arm-none-eabi/lib/thumb/v8-m.main+fp/hard\librdimon_nano.a
END GROUP
START GROUP
LOAD c:/users/patri/appdata/local/programs/renesas/ra/e2studio_v2022-10_fsp_v4.2.0/toolchains/gcc_arm/gcc-arm-none-eabi-10.3-2021.10/bin/../lib/gcc/arm-none-eabi/10.3.1/thumb/v8-m.main+fp/hard\libgcc.a
LOAD c:/users/patri/appdata/local/programs/renesas/ra/e2studio_v2022-10_fsp_v4.2.0/toolchains/gcc_arm/gcc-arm-none-eabi-10.3-2021.10/bin/../lib/gcc/arm-none-eabi/10.3.1/../../../../arm-none-eabi/lib/thumb/v8-m.main+fp/hard\libc_nano.a
LOAD c:/users/patri/appdata/local/programs/renesas/ra/e2studio_v2022-10_fsp_v4.2.0/toolchains/gcc_arm/gcc-arm-none-eabi-10.3-2021.10/bin/../lib/gcc/arm-none-eabi/10.3.1/../../../../arm-none-eabi/lib/thumb/v8-m.main+fp/hard\librdimon_nano.a
END GROUP
LOAD c:/users/patri/appdata/local/programs/renesas/ra/e2studio_v2022-10_fsp_v4.2.0/toolchains/gcc_arm/gcc-arm-none-eabi-10.3-2021.10/bin/../lib/gcc/arm-none-eabi/10.3.1/thumb/v8-m.main+fp/hard/crtend.o
LOAD c:/users/patri/appdata/local/programs/renesas/ra/e2studio_v2022-10_fsp_v4.2.0/toolchains/gcc_arm/gcc-arm-none-eabi-10.3-2021.10/bin/../lib/gcc/arm-none-eabi/10.3.1/thumb/v8-m.main+fp/hard/crtn.o
                0x20000000                RAM_START = 0x20000000
                0x00080000                RAM_LENGTH = 0x80000
                0x00000000                FLASH_START = 0x0
                0x00180000                FLASH_LENGTH = 0x180000
                0x08000000                DATA_FLASH_START = 0x8000000
                0x00002000                DATA_FLASH_LENGTH = 0x2000
                0x0100a100                OPTION_SETTING_START = 0x100a100
                0x00000100                OPTION_SETTING_LENGTH = 0x100
                0x0100a200                OPTION_SETTING_S_START = 0x100a200
                0x00000100                OPTION_SETTING_S_LENGTH = 0x100
                0x00000000                ID_CODE_START = 0x0
                0x00000000                ID_CODE_LENGTH = 0x0
                0x80010000                SDRAM_START = 0x80010000
                0x00000000                SDRAM_LENGTH = 0x0
                0x60000000                QSPI_FLASH_START = 0x60000000
                0x04000000                QSPI_FLASH_LENGTH = 0x4000000
                0x68000000                OSPI_DEVICE_0_START = 0x68000000
                0x08000000                OSPI_DEVICE_0_LENGTH = 0x8000000
                0x70000000                OSPI_DEVICE_1_START = 0x70000000
                0x10000000                OSPI_DEVICE_1_LENGTH = 0x10000000
                0x04000000                QSPI_FLASH_PRV_LENGTH = DEFINED (QSPI_FLASH_SIZE)?ABSOLUTE (QSPI_FLASH_SIZE):ABSOLUTE (QSPI_FLASH_LENGTH)
                0x08000000                OSPI_DEVICE_0_PRV_LENGTH = DEFINED (OSPI_DEVICE_0_SIZE)?ABSOLUTE (OSPI_DEVICE_0_SIZE):ABSOLUTE (OSPI_DEVICE_0_LENGTH)
                0x10000000                OSPI_DEVICE_1_PRV_LENGTH = DEFINED (OSPI_DEVICE_1_SIZE)?ABSOLUTE (OSPI_DEVICE_1_SIZE):ABSOLUTE (OSPI_DEVICE_1_LENGTH)
                0x00000000                __RESERVE_NS_RAM = ((! (DEFINED (PROJECT_NONSECURE)) && DEFINED (RAM_NS_BUFFER_LENGTH)) && (OPTION_SETTING_S_LENGTH != 0x0))
                0x00000000                ITCM_START = DEFINED (ITCM_START)?ITCM_START:0x0
                0x00000000                ITCM_LENGTH = DEFINED (ITCM_LENGTH)?ITCM_LENGTH:0x0
                0x00000000                DTCM_START = DEFINED (DTCM_START)?DTCM_START:0x0
                0x00000000                DTCM_LENGTH = DEFINED (DTCM_LENGTH)?DTCM_LENGTH:0x0
                0x00000000                NS_OFFSET_START = DEFINED (NS_OFFSET_START)?NS_OFFSET_START:0x0
                0x00000000                NS_IMAGE_OFFSET = DEFINED (PROJECT_NONSECURE)?NS_OFFSET_START:0x0
                0x00000000                RAM_NS_BUFFER_BLOCK_LENGTH = DEFINED (RAM_NS_BUFFER_LENGTH)?ALIGN (RAM_NS_BUFFER_LENGTH, 0x2000):0x0
                0x00000000                RAM_NS_BUFFER_LENGTH = DEFINED (RAM_NS_BUFFER_LENGTH)?RAM_NS_BUFFER_LENGTH:0x0
                0x20080000                RAM_NS_BUFFER_START = ((RAM_START + RAM_LENGTH) - RAM_NS_BUFFER_LENGTH)
                0x20080000                RAM_NS_BUFFER_BLOCK_START = ((RAM_START + RAM_LENGTH) - RAM_NS_BUFFER_BLOCK_LENGTH)
                0x0100a180                OPTION_SETTING_START_NS = DEFINED (PROJECT_NONSECURE)?OPTION_SETTING_START:(OPTION_SETTING_START + 0x80)
                0x00000001                __bl_FSP_BOOTABLE_IMAGE = 0x1
                0x00000001                __bln_FSP_BOOTABLE_IMAGE = 0x1
                0x00000001                PROJECT_SECURE_OR_FLAT = (((! (DEFINED (PROJECT_NONSECURE)) || DEFINED (PROJECT_SECURE)) && OPTION_SETTING_LENGTH) && ! (DEFINED (FSP_BOOTABLE_IMAGE)))
                0x00000000                USE_OPTION_SETTING_NS = (DEFINED (PROJECT_NONSECURE) && ! (DEFINED (FSP_BOOTABLE_IMAGE)))
                0x00000000                __bl_FLASH_IMAGE_START = ! (DEFINED (FLASH_BOOTLOADER_LENGTH))?0x0:(FLASH_APPLICATION_IMAGE_NUMBER == 0x1)?(FLASH_BOOTLOADER_LENGTH + FLASH_BOOTLOADER_HEADER_LENGTH):(((FLASH_BOOTLOADER_LENGTH + FLASH_BOOTLOADER_SCRATCH_LENGTH) + FLASH_APPLICATION_S_LENGTH) + FLASH_BOOTLOADER_HEADER_LENGTH)
                0x00000000                __bl_FLASH_IMAGE_LENGTH = ! (DEFINED (FLASH_BOOTLOADER_LENGTH))?0x0:(FLASH_APPLICATION_S_LENGTH - FLASH_BOOTLOADER_HEADER_LENGTH)
                0x00000000                __bl_FLASH_IMAGE_END = (__bl_FLASH_IMAGE_START + __bl_FLASH_IMAGE_LENGTH)
                0x00000000                __bl_XIP_SECONDARY_FLASH_IMAGE_START = ! (DEFINED (FLASH_BOOTLOADER_LENGTH))?0x0:((FLASH_BOOTLOADER_LENGTH + FLASH_APPLICATION_S_LENGTH) + FLASH_BOOTLOADER_HEADER_LENGTH)
                0x00000000                __bl_XIP_SECONDARY_FLASH_IMAGE_END = (__bl_XIP_SECONDARY_FLASH_IMAGE_START + __bl_FLASH_IMAGE_LENGTH)
                0x00000000                __bl_FLASH_NS_START = ! (DEFINED (FLASH_BOOTLOADER_LENGTH))?0x0:(FLASH_APPLICATION_NS_LENGTH == 0x0)?__bl_FLASH_IMAGE_END:((__bl_FLASH_IMAGE_START - FLASH_BOOTLOADER_HEADER_LENGTH) + FLASH_APPLICATION_S_LENGTH)
                0x00000000                __bl_FLASH_NSC_START = ! (DEFINED (FLASH_BOOTLOADER_LENGTH))?0x0:(FLASH_APPLICATION_NS_LENGTH == 0x0)?__bl_FLASH_IMAGE_END:(__bl_FLASH_NS_START - FLASH_APPLICATION_NSC_LENGTH)
                0x00000000                __bl_RAM_NS_START = ! (DEFINED (FLASH_BOOTLOADER_LENGTH))?0x0:(FLASH_APPLICATION_NS_LENGTH == 0x0)?(RAM_START + RAM_LENGTH):((RAM_START + RAM_LENGTH) - RAM_APPLICATION_NS_LENGTH)
                0x00000000                __bl_RAM_NSC_START = ! (DEFINED (FLASH_BOOTLOADER_LENGTH))?0x0:(FLASH_APPLICATION_NS_LENGTH == 0x0)?(RAM_START + RAM_LENGTH):(__bl_RAM_NS_START - RAM_APPLICATION_NSC_LENGTH)
                0x00000000                __bl_FLASH_NS_IMAGE_START = ! (DEFINED (FLASH_BOOTLOADER_LENGTH))?0x0:(FLASH_APPLICATION_NS_LENGTH == 0x0)?__bl_FLASH_IMAGE_END:(__bl_FLASH_NS_START + FLASH_BOOTLOADER_HEADER_LENGTH_2)
                0x00000000                __bln_FLASH_IMAGE_START = __bl_FLASH_NS_IMAGE_START
                0x00000000                __bln_FLASH_IMAGE_LENGTH = ! (DEFINED (FLASH_BOOTLOADER_LENGTH))?0x0:(FLASH_APPLICATION_NS_LENGTH == 0x0)?__bl_FLASH_IMAGE_END:(FLASH_APPLICATION_NS_LENGTH - FLASH_BOOTLOADER_HEADER_LENGTH_2)
                0x00000000                XIP_SECONDARY_SLOT_IMAGE = DEFINED (XIP_SECONDARY_SLOT_IMAGE)?XIP_SECONDARY_SLOT_IMAGE:0x0
                0x00000000                FLASH_ORIGIN = ! (DEFINED (FLASH_IMAGE_START))?FLASH_START:(XIP_SECONDARY_SLOT_IMAGE == 0x1)?XIP_SECONDARY_FLASH_IMAGE_START:FLASH_IMAGE_START
                0x00180000                LIMITED_FLASH_LENGTH = DEFINED (FLASH_IMAGE_LENGTH)?FLASH_IMAGE_LENGTH:DEFINED (FLASH_BOOTLOADER_LENGTH)?FLASH_BOOTLOADER_LENGTH:FLASH_LENGTH
START GROUP
LOAD c:/users/patri/appdata/local/programs/renesas/ra/e2studio_v2022-10_fsp_v4.2.0/toolchains/gcc_arm/gcc-arm-none-eabi-10.3-2021.10/bin/../lib/gcc/arm-none-eabi/10.3.1/thumb/v8-m.main+fp/hard\libgcc.a
LOAD c:/users/patri/appdata/local/programs/renesas/ra/e2studio_v2022-10_fsp_v4.2.0/toolchains/gcc_arm/gcc-arm-none-eabi-10.3-2021.10/bin/../lib/gcc/arm-none-eabi/10.3.1/../../../../arm-none-eabi/lib/thumb/v8-m.main+fp/hard\libc.a
LOAD c:/users/patri/appdata/local/programs/renesas/ra/e2studio_v2022-10_fsp_v4.2.0/toolchains/gcc_arm/gcc-arm-none-eabi-10.3-2021.10/bin/../lib/gcc/arm-none-eabi/10.3.1/../../../../arm-none-eabi/lib/thumb/v8-m.main+fp/hard\libm.a
LOAD c:/users/patri/appdata/local/programs/renesas/ra/e2studio_v2022-10_fsp_v4.2.0/toolchains/gcc_arm/gcc-arm-none-eabi-10.3-2021.10/bin/../lib/gcc/arm-none-eabi/10.3.1/../../../../arm-none-eabi/lib/thumb/v8-m.main+fp/hard\libnosys.a
END GROUP

.itcm_data      0x00000000        0x0
                0x00000000                __tz_ITCM_S = ABSOLUTE (ITCM_START)
                0x00000000                __itcm_data_start__ = .
 *(.itcm_data*)
                0x00000000                __itcm_data_end__ = .
                0x00000000                __tz_ITCM_N = DEFINED (ITCM_NS_START)?ABSOLUTE (ITCM_NS_START):ALIGN (__itcm_data_end__, 0x2000)

.text           0x00000000     0x32fc
                0x00000000                __tz_FLASH_S = ABSOLUTE (FLASH_START)
                0x00000000                __ROM_Start = .
 *(.fixed_vectors*)
 .fixed_vectors
                0x00000000       0x40 ./ra/fsp/src/bsp/cmsis/Device/RENESAS/Source/startup.o
                0x00000000                __Vectors
 *(.application_vectors*)
 .application_vectors
                0x00000040      0x180 ./ra_gen/vector_data.o
                0x00000040                g_vector_table
                0x000001c0                __Vectors_End = .
                0x000001c0                . = (OPTION_SETTING_LENGTH > 0x0)?.:(__ROM_Start + 0x400)
 *(.rom_registers*)
                0x000001c0                . = (OPTION_SETTING_LENGTH > 0x0)?.:(__ROM_Start + 0x500)
                0x00000200                . = ALIGN (0x80)
 *fill*         0x000001c0       0x40 ff
 *(.mcuboot_sce9_key*)
 *(.text*)
 .text          0x00000200       0x40 c:/users/patri/appdata/local/programs/renesas/ra/e2studio_v2022-10_fsp_v4.2.0/toolchains/gcc_arm/gcc-arm-none-eabi-10.3-2021.10/bin/../lib/gcc/arm-none-eabi/10.3.1/thumb/v8-m.main+fp/hard/crtbegin.o
 .text.configure_app
                0x00000240      0x11c ./src/application_data.o
                0x00000240                configure_app
 .text.initialise_holding_registers
                0x0000035c       0x5c ./src/application_data.o
                0x0000035c                initialise_holding_registers
 .text.convert_adc_to_ph
                0x000003b8       0x58 ./src/control_utils.o
                0x000003b8                convert_adc_to_ph
 .text.convert_adc_to_cond
                0x00000410       0x58 ./src/control_utils.o
                0x00000410                convert_adc_to_cond
 .text.convert_ph_to_adc
                0x00000468       0x54 ./src/control_utils.o
                0x00000468                convert_ph_to_adc
 .text.convert_cond_to_adc
                0x000004bc       0x54 ./src/control_utils.o
                0x000004bc                convert_cond_to_adc
 .text.read_sensors
                0x00000510      0x234 ./src/dosing_control.o
                0x00000510                read_sensors
 .text.handle_pumps
                0x00000744      0x288 ./src/dosing_control.o
                0x00000744                handle_pumps
 .text.turn_sensors_on
                0x000009cc       0x2c ./src/dosing_control.o
                0x000009cc                turn_sensors_on
 .text.count_millis
                0x000009f8       0x24 ./src/hal_entry.o
                0x000009f8                count_millis
 .text.hal_entry
                0x00000a1c      0x220 ./src/hal_entry.o
                0x00000a1c                hal_entry
 .text.R_BSP_WarmStart
                0x00000c3c       0x18 ./src/hal_entry.o
                0x00000c3c                R_BSP_WarmStart
 .text.determine_bcd
                0x00000c54       0x9c ./src/hmi_control.o
                0x00000c54                determine_bcd
 .text.handle_hmi
                0x00000cf0       0xc8 ./src/hmi_control.o
                0x00000cf0                handle_hmi
 .text.crc16    0x00000db8       0x60 ./src/modbus_crc.o
                0x00000db8                crc16
 .text.reset_timer
                0x00000e18       0x5c ./src/modbus_protocol.o
                0x00000e18                reset_timer
 .text.modbus_timer_cb
                0x00000e74       0x9c ./src/modbus_protocol.o
                0x00000e74                modbus_timer_cb
 .text.modbus_uart_cb
                0x00000f10       0x74 ./src/modbus_protocol.o
                0x00000f10                modbus_uart_cb
 .text.send_modbus
                0x00000f84       0x48 ./src/modbus_protocol.o
                0x00000f84                send_modbus
 .text.read_input_registers
                0x00000fcc       0xe8 ./src/modbus_protocol.o
                0x00000fcc                read_input_registers
 .text.read_holding_registers
                0x000010b4       0xd8 ./src/modbus_protocol.o
                0x000010b4                read_holding_registers
 .text.write_holding_registers
                0x0000118c      0x10c ./src/modbus_protocol.o
                0x0000118c                write_holding_registers
 .text.handle_modbus_message
                0x00001298       0xd4 ./src/modbus_protocol.o
                0x00001298                handle_modbus_message
 .text.startup.main
                0x0000136c        0xc ./ra_gen/main.o
                0x0000136c                main
 .text.R_SCI_UART_Write
                0x00001378       0xd4 ./ra/fsp/src/r_sci_uart/r_sci_uart.o
                0x00001378                R_SCI_UART_Write
 .text.r_sci_uart_call_callback
                0x0000144c       0x44 ./ra/fsp/src/r_sci_uart/r_sci_uart.o
 .text.r_sci_negate_de_pin.isra.0
                0x00001490       0x8c ./ra/fsp/src/r_sci_uart/r_sci_uart.o
 .text.R_SCI_UART_Open
                0x0000151c      0x368 ./ra/fsp/src/r_sci_uart/r_sci_uart.o
                0x0000151c                R_SCI_UART_Open
 .text.sci_uart_txi_isr
                0x00001884       0x90 ./ra/fsp/src/r_sci_uart/r_sci_uart.o
                0x00001884                sci_uart_txi_isr
 .text.sci_uart_rxi_isr
                0x00001914       0x90 ./ra/fsp/src/r_sci_uart/r_sci_uart.o
                0x00001914                sci_uart_rxi_isr
 .text.sci_uart_tei_isr
                0x000019a4       0x50 ./ra/fsp/src/r_sci_uart/r_sci_uart.o
                0x000019a4                sci_uart_tei_isr
 .text.sci_uart_eri_isr
                0x000019f4       0x78 ./ra/fsp/src/r_sci_uart/r_sci_uart.o
                0x000019f4                sci_uart_eri_isr
 .text.R_IOPORT_Close
                0x00001a6c        0xc ./ra/fsp/src/r_ioport/r_ioport.o
                0x00001a6c                R_IOPORT_Close
 .text.R_IOPORT_PinRead
                0x00001a78       0x24 ./ra/fsp/src/r_ioport/r_ioport.o
                0x00001a78                R_IOPORT_PinRead
 .text.R_IOPORT_PortRead
                0x00001a9c       0x14 ./ra/fsp/src/r_ioport/r_ioport.o
                0x00001a9c                R_IOPORT_PortRead
 .text.R_IOPORT_PortWrite
                0x00001ab0       0x1c ./ra/fsp/src/r_ioport/r_ioport.o
                0x00001ab0                R_IOPORT_PortWrite
 .text.R_IOPORT_PinWrite
                0x00001acc       0x20 ./ra/fsp/src/r_ioport/r_ioport.o
                0x00001acc                R_IOPORT_PinWrite
 .text.R_IOPORT_PortDirectionSet
                0x00001aec       0x2c ./ra/fsp/src/r_ioport/r_ioport.o
                0x00001aec                R_IOPORT_PortDirectionSet
 .text.R_IOPORT_PortEventInputRead
                0x00001b18       0x18 ./ra/fsp/src/r_ioport/r_ioport.o
                0x00001b18                R_IOPORT_PortEventInputRead
 .text.R_IOPORT_PinEventInputRead
                0x00001b30       0x38 ./ra/fsp/src/r_ioport/r_ioport.o
                0x00001b30                R_IOPORT_PinEventInputRead
 .text.R_IOPORT_PortEventOutputWrite
                0x00001b68       0x1c ./ra/fsp/src/r_ioport/r_ioport.o
                0x00001b68                R_IOPORT_PortEventOutputWrite
 .text.R_IOPORT_PinEventOutputWrite
                0x00001b84       0x4c ./ra/fsp/src/r_ioport/r_ioport.o
                0x00001b84                R_IOPORT_PinEventOutputWrite
 .text.bsp_vbatt_init
                0x00001bd0       0xac ./ra/fsp/src/r_ioport/r_ioport.o
 .text.r_ioport_pins_config
                0x00001c7c       0xc0 ./ra/fsp/src/r_ioport/r_ioport.o
 .text.R_IOPORT_Open
                0x00001d3c       0x14 ./ra/fsp/src/r_ioport/r_ioport.o
                0x00001d3c                R_IOPORT_Open
 .text.R_IOPORT_PinsCfg
                0x00001d50        0xc ./ra/fsp/src/r_ioport/r_ioport.o
                0x00001d50                R_IOPORT_PinsCfg
 .text.R_IOPORT_PinCfg
                0x00001d5c       0xa8 ./ra/fsp/src/r_ioport/r_ioport.o
                0x00001d5c                R_IOPORT_PinCfg
 .text.R_GPT_Start
                0x00001e04        0xc ./ra/fsp/src/r_gpt/r_gpt.o
                0x00001e04                R_GPT_Start
 .text.r_gpt_call_callback
                0x00001e10       0x3c ./ra/fsp/src/r_gpt/r_gpt.o
 .text.r_gpt_enable_irq
                0x00001e4c       0x64 ./ra/fsp/src/r_gpt/r_gpt.o
 .text.R_GPT_Open
                0x00001eb0      0x10c ./ra/fsp/src/r_gpt/r_gpt.o
                0x00001eb0                R_GPT_Open
 .text.gpt_counter_overflow_isr
                0x00001fbc       0x90 ./ra/fsp/src/r_gpt/r_gpt.o
                0x00001fbc                gpt_counter_overflow_isr
 .text.R_AGT_Start
                0x0000204c       0x38 ./ra/fsp/src/r_agt/r_agt.o
                0x0000204c                R_AGT_Start
 .text.R_AGT_Stop
                0x00002084       0x1c ./ra/fsp/src/r_agt/r_agt.o
                0x00002084                R_AGT_Stop
 .text.R_AGT_PeriodSet
                0x000020a0       0x30 ./ra/fsp/src/r_agt/r_agt.o
                0x000020a0                R_AGT_PeriodSet
 .text.R_AGT_Open
                0x000020d0      0x140 ./ra/fsp/src/r_agt/r_agt.o
                0x000020d0                R_AGT_Open
 .text.agt_int_isr
                0x00002210       0x8c ./ra/fsp/src/r_agt/r_agt.o
                0x00002210                agt_int_isr
 .text.R_ADC_ScanStart
                0x0000229c        0xc ./ra/fsp/src/r_adc/r_adc.o
                0x0000229c                R_ADC_ScanStart
 .text.R_ADC_StatusGet
                0x000022a8       0x10 ./ra/fsp/src/r_adc/r_adc.o
                0x000022a8                R_ADC_StatusGet
 .text.R_ADC_Read
                0x000022b8       0x10 ./ra/fsp/src/r_adc/r_adc.o
                0x000022b8                R_ADC_Read
 .text.r_adc_irq_enable
                0x000022c8       0x64 ./ra/fsp/src/r_adc/r_adc.o
 .text.R_ADC_Open
                0x0000232c      0x10c ./ra/fsp/src/r_adc/r_adc.o
                0x0000232c                R_ADC_Open
 .text.R_ADC_ScanCfg
                0x00002438      0x1d8 ./ra/fsp/src/r_adc/r_adc.o
                0x00002438                R_ADC_ScanCfg
 .text.SystemCoreClockUpdate
                0x00002610       0x28 ./ra/fsp/src/bsp/mcu/all/bsp_clocks.o
                0x00002610                SystemCoreClockUpdate
 .text.bsp_clock_init
                0x00002638      0x108 ./ra/fsp/src/bsp/mcu/all/bsp_clocks.o
                0x00002638                bsp_clock_init
 .text.bsp_init_internal
                0x00002740        0x4 ./ra/fsp/src/bsp/mcu/all/bsp_common.o
                0x00002740                bsp_init_internal
                0x00002740                bsp_init
 .text.bsp_prv_software_delay_loop
                0x00002744        0xc ./ra/fsp/src/bsp/mcu/all/bsp_delay.o
                0x00002744                bsp_prv_software_delay_loop
 .text.R_BSP_SoftwareDelay
                0x00002750       0x68 ./ra/fsp/src/bsp/mcu/all/bsp_delay.o
                0x00002750                R_BSP_SoftwareDelay
 .text.NMI_Handler
                0x000027b8       0x38 ./ra/fsp/src/bsp/mcu/all/bsp_group_irq.o
                0x000027b8                NMI_Handler
 .text.bsp_irq_cfg
                0x000027f0       0xa0 ./ra/fsp/src/bsp/mcu/all/bsp_irq.o
                0x000027f0                bsp_irq_cfg
 .text.R_BSP_RegisterProtectEnable
                0x00002890       0x60 ./ra/fsp/src/bsp/mcu/all/bsp_register_protection.o
                0x00002890                R_BSP_RegisterProtectEnable
 .text.R_BSP_RegisterProtectDisable
                0x000028f0       0x54 ./ra/fsp/src/bsp/mcu/all/bsp_register_protection.o
                0x000028f0                R_BSP_RegisterProtectDisable
 .text.Default_Handler
                0x00002944        0x4 ./ra/fsp/src/bsp/cmsis/Device/RENESAS/Source/startup.o
                0x00002944                DebugMon_Handler
                0x00002944                HardFault_Handler
                0x00002944                SysTick_Handler
                0x00002944                PendSV_Handler
                0x00002944                UsageFault_Handler
                0x00002944                SecureFault_Handler
                0x00002944                Default_Handler
                0x00002944                MemManage_Handler
                0x00002944                SVC_Handler
                0x00002944                BusFault_Handler
 .text.Reset_Handler
                0x00002948        0xc ./ra/fsp/src/bsp/cmsis/Device/RENESAS/Source/startup.o
                0x00002948                Reset_Handler
 .text.SystemInit
                0x00002954       0xc0 ./ra/fsp/src/bsp/cmsis/Device/RENESAS/Source/system.o
                0x00002954                SystemInit
 .text          0x00002a14       0x30 c:/users/patri/appdata/local/programs/renesas/ra/e2studio_v2022-10_fsp_v4.2.0/toolchains/gcc_arm/gcc-arm-none-eabi-10.3-2021.10/bin/../lib/gcc/arm-none-eabi/10.3.1/thumb/v8-m.main+fp/hard\libgcc.a(_aeabi_uldivmod.o)
                0x00002a14                __aeabi_uldivmod
 .text          0x00002a44      0x2ec c:/users/patri/appdata/local/programs/renesas/ra/e2studio_v2022-10_fsp_v4.2.0/toolchains/gcc_arm/gcc-arm-none-eabi-10.3-2021.10/bin/../lib/gcc/arm-none-eabi/10.3.1/thumb/v8-m.main+fp/hard\libgcc.a(_udivmoddi4.o)
                0x00002a44                __udivmoddi4
 .text          0x00002d30        0x4 c:/users/patri/appdata/local/programs/renesas/ra/e2studio_v2022-10_fsp_v4.2.0/toolchains/gcc_arm/gcc-arm-none-eabi-10.3-2021.10/bin/../lib/gcc/arm-none-eabi/10.3.1/thumb/v8-m.main+fp/hard\libgcc.a(_dvmd_tls.o)
                0x00002d30                __aeabi_idiv0
                0x00002d30                __aeabi_ldiv0
 .text.memcpy   0x00002d34       0x1a c:/users/patri/appdata/local/programs/renesas/ra/e2studio_v2022-10_fsp_v4.2.0/toolchains/gcc_arm/gcc-arm-none-eabi-10.3-2021.10/bin/../lib/gcc/arm-none-eabi/10.3.1/../../../../arm-none-eabi/lib/thumb/v8-m.main+fp/hard\libg_nano.a(lib_a-memcpy-stub.o)
                0x00002d34                memcpy
 .text.memset   0x00002d4e       0x10 c:/users/patri/appdata/local/programs/renesas/ra/e2studio_v2022-10_fsp_v4.2.0/toolchains/gcc_arm/gcc-arm-none-eabi-10.3-2021.10/bin/../lib/gcc/arm-none-eabi/10.3.1/../../../../arm-none-eabi/lib/thumb/v8-m.main+fp/hard\libg_nano.a(lib_a-memset.o)
                0x00002d4e                memset
 *(.version)
 *fill*         0x00002d5e        0x2 ff
 .version       0x00002d60       0x50 ./ra/fsp/src/bsp/mcu/all/bsp_common.o
 *(.init)
 .init          0x00002db0        0x4 c:/users/patri/appdata/local/programs/renesas/ra/e2studio_v2022-10_fsp_v4.2.0/toolchains/gcc_arm/gcc-arm-none-eabi-10.3-2021.10/bin/../lib/gcc/arm-none-eabi/10.3.1/thumb/v8-m.main+fp/hard/crti.o
                0x00002db0                _init
 .init          0x00002db4        0x8 c:/users/patri/appdata/local/programs/renesas/ra/e2studio_v2022-10_fsp_v4.2.0/toolchains/gcc_arm/gcc-arm-none-eabi-10.3-2021.10/bin/../lib/gcc/arm-none-eabi/10.3.1/thumb/v8-m.main+fp/hard/crtn.o
 *(.fini)
 .fini          0x00002dbc        0x4 c:/users/patri/appdata/local/programs/renesas/ra/e2studio_v2022-10_fsp_v4.2.0/toolchains/gcc_arm/gcc-arm-none-eabi-10.3-2021.10/bin/../lib/gcc/arm-none-eabi/10.3.1/thumb/v8-m.main+fp/hard/crti.o
                0x00002dbc                _fini
 .fini          0x00002dc0        0x8 c:/users/patri/appdata/local/programs/renesas/ra/e2studio_v2022-10_fsp_v4.2.0/toolchains/gcc_arm/gcc-arm-none-eabi-10.3-2021.10/bin/../lib/gcc/arm-none-eabi/10.3.1/thumb/v8-m.main+fp/hard/crtn.o
 *crtbegin.o(.ctors)
 *crtbegin?.o(.ctors)
 *(EXCLUDE_FILE(*crtend.o *crtend?.o) .ctors)
 *(SORT_BY_NAME(.ctors.*))
 *(.ctors)
 *crtbegin.o(.dtors)
 *crtbegin?.o(.dtors)
 *(EXCLUDE_FILE(*crtend.o *crtend?.o) .dtors)
 *(SORT_BY_NAME(.dtors.*))
 *(.dtors)
 *(.rodata*)
 .rodata.analog_mains_high_threshold
                0x00002dc8        0x2 ./src/application_data.o
                0x00002dc8                analog_mains_high_threshold
 .rodata.analog_mains_low_threshold
                0x00002dca        0x2 ./src/application_data.o
                0x00002dca                analog_mains_low_threshold
 .rodata.bcd_pins
                0x00002dcc       0x10 ./src/hmi_control.o
 .rodata.digit_enable_pins
                0x00002ddc        0xc ./src/hmi_control.o
 .rodata.table_crc_hi
                0x00002de8      0x100 ./src/modbus_crc.o
 .rodata.table_crc_lo
                0x00002ee8      0x100 ./src/modbus_crc.o
 .rodata.g_ioport
                0x00002fe8        0xc ./ra_gen/common_data.o
                0x00002fe8                g_ioport
 .rodata.g_adc0_cfg
                0x00002ff4       0x18 ./ra_gen/hal_data.o
                0x00002ff4                g_adc0_cfg
 .rodata.g_adc0_cfg_extend
                0x0000300c        0xa ./ra_gen/hal_data.o
                0x0000300c                g_adc0_cfg_extend
 *fill*         0x00003016        0x2 ff
 .rodata.g_adc0_channel_cfg
                0x00003018       0x14 ./ra_gen/hal_data.o
                0x00003018                g_adc0_channel_cfg
 .rodata.g_modbus_timer_cfg
                0x0000302c       0x20 ./ra_gen/hal_data.o
                0x0000302c                g_modbus_timer_cfg
 .rodata.g_modbus_timer_extend
                0x0000304c        0x7 ./ra_gen/hal_data.o
                0x0000304c                g_modbus_timer_extend
 *fill*         0x00003053        0x1 ff
 .rodata.g_modbus_uart_cfg
                0x00003054       0x20 ./ra_gen/hal_data.o
                0x00003054                g_modbus_uart_cfg
 .rodata.g_modbus_uart_cfg_extend
                0x00003074       0x14 ./ra_gen/hal_data.o
                0x00003074                g_modbus_uart_cfg_extend
 .rodata.g_timer0_cfg
                0x00003088       0x20 ./ra_gen/hal_data.o
                0x00003088                g_timer0_cfg
 .rodata.g_timer0_extend
                0x000030a8       0x30 ./ra_gen/hal_data.o
                0x000030a8                g_timer0_extend
 .rodata.g_bsp_pin_cfg
                0x000030d8        0x8 ./ra_gen/pin_data.o
                0x000030d8                g_bsp_pin_cfg
 .rodata.g_bsp_pin_cfg_data
                0x000030e0      0x110 ./ra_gen/pin_data.o
                0x000030e0                g_bsp_pin_cfg_data
 .rodata.g_interrupt_event_link_select
                0x000031f0       0xc0 ./ra_gen/vector_data.o
                0x000031f0                g_interrupt_event_link_select
 .rodata.g_ioport_on_ioport
                0x000032b0       0x34 ./ra/fsp/src/r_ioport/r_ioport.o
                0x000032b0                g_ioport_on_ioport
 .rodata.adc_elc_trigger_lut
                0x000032e4        0xc ./ra/fsp/src/r_adc/r_adc.o
 .rodata.g_prcr_masks
                0x000032f0        0x8 ./ra/fsp/src/bsp/mcu/all/bsp_register_protection.o
                0x000032f8                __usb_dev_descriptor_start_fs = .
 *(.usb_device_desc_fs*)
                0x000032f8                __usb_cfg_descriptor_start_fs = .
 *(.usb_config_desc_fs*)
                0x000032f8                __usb_interface_descriptor_start_fs = .
 *(.usb_interface_desc_fs*)
                0x000032f8                __usb_descriptor_end_fs = .
                0x000032f8                __usb_dev_descriptor_start_hs = .
 *(.usb_device_desc_hs*)
                0x000032f8                __usb_cfg_descriptor_start_hs = .
 *(.usb_config_desc_hs*)
                0x000032f8                __usb_interface_descriptor_start_hs = .
 *(.usb_interface_desc_hs*)
                0x000032f8                __usb_descriptor_end_hs = .
 *(.eh_frame*)
 .eh_frame      0x000032f8        0x0 c:/users/patri/appdata/local/programs/renesas/ra/e2studio_v2022-10_fsp_v4.2.0/toolchains/gcc_arm/gcc-arm-none-eabi-10.3-2021.10/bin/../lib/gcc/arm-none-eabi/10.3.1/thumb/v8-m.main+fp/hard/crtbegin.o
 .eh_frame      0x000032f8        0x4 c:/users/patri/appdata/local/programs/renesas/ra/e2studio_v2022-10_fsp_v4.2.0/toolchains/gcc_arm/gcc-arm-none-eabi-10.3-2021.10/bin/../lib/gcc/arm-none-eabi/10.3.1/thumb/v8-m.main+fp/hard/crtend.o
                0x000032fc                __ROM_End = .
                0x000001c0                __Vectors_Size = (__Vectors_End - __Vectors)

.glue_7         0x000032fc        0x0
 .glue_7        0x000032fc        0x0 linker stubs

.glue_7t        0x000032fc        0x0
 .glue_7t       0x000032fc        0x0 linker stubs

.vfp11_veneer   0x000032fc        0x0
 .vfp11_veneer  0x000032fc        0x0 linker stubs

.v4_bx          0x000032fc        0x0
 .v4_bx         0x000032fc        0x0 linker stubs

.iplt           0x000032fc        0x0
 .iplt          0x000032fc        0x0 c:/users/patri/appdata/local/programs/renesas/ra/e2studio_v2022-10_fsp_v4.2.0/toolchains/gcc_arm/gcc-arm-none-eabi-10.3-2021.10/bin/../lib/gcc/arm-none-eabi/10.3.1/thumb/v8-m.main+fp/hard/crtbegin.o

.ARM.extab
 *(.ARM.extab* .gnu.linkonce.armextab.*)
                0x000032fc                __exidx_start = .

.ARM.exidx      0x000032fc        0x8
 *(.ARM.exidx* .gnu.linkonce.armexidx.*)
 .ARM.exidx     0x000032fc        0x8 c:/users/patri/appdata/local/programs/renesas/ra/e2studio_v2022-10_fsp_v4.2.0/toolchains/gcc_arm/gcc-arm-none-eabi-10.3-2021.10/bin/../lib/gcc/arm-none-eabi/10.3.1/thumb/v8-m.main+fp/hard\libgcc.a(_udivmoddi4.o)
                0x00003304                __exidx_end = .
                0x00003304                __etext = .
                0x20000000                __tz_RAM_S = ORIGIN (RAM)

.fsp_dtc_vector_table
                0x20000000        0x0
                0x20000000                . = ORIGIN (RAM)
 *(.fsp_dtc_vector_table)

.data           0x20000000       0x2c load address 0x00003304
                0x20000000                __data_start__ = .
                0x20000000                . = ALIGN (0x4)
                0x20000000                __Code_In_RAM_Start = .
 *(.code_in_ram*)
                0x20000000                __Code_In_RAM_End = .
 *(vtable)
 *(.data.*)
 .data.adc_scan_interval
                0x20000000        0x4 ./src/application_data.o
                0x20000000                adc_scan_interval
 .data.conductivity_sensor_voltage_adc_channel
                0x20000004        0x1 ./src/application_data.o
                0x20000004                conductivity_sensor_voltage_adc_channel
 *fill*         0x20000005        0x3 
 .data.hmi_interval
                0x20000008        0x4 ./src/application_data.o
                0x20000008                hmi_interval
 .data.ph_sensor_voltage_adc_channel
                0x2000000c        0x1 ./src/application_data.o
                0x2000000c                ph_sensor_voltage_adc_channel
 *fill*         0x2000000d        0x3 
 .data.sensor_display_toggle_interval
                0x20000010        0x4 ./src/application_data.o
                0x20000010                sensor_display_toggle_interval
 .data.sensor_response_time
                0x20000014        0x4 ./src/application_data.o
                0x20000014                sensor_response_time
 .data.start_up_interval
                0x20000018        0x4 ./src/application_data.o
                0x20000018                start_up_interval
 .data.supply_voltage_adc_channel
                0x2000001c        0x1 ./src/application_data.o
                0x2000001c                supply_voltage_adc_channel
 *fill*         0x2000001d        0x3 
 .data.g_modbus_uart_baud_setting
                0x20000020        0x4 ./ra_gen/hal_data.o
                0x20000020                g_modbus_uart_baud_setting
 *(.data)
                0x20000024                . = ALIGN (0x4)
                0x20000024                PROVIDE (__preinit_array_start = .)
 *(.preinit_array)
                0x20000024                PROVIDE (__preinit_array_end = .)
                0x20000024                . = ALIGN (0x4)
                0x20000024                PROVIDE (__init_array_start = .)
 *(SORT_BY_NAME(.init_array.*))
 *(.init_array)
 .init_array    0x20000024        0x4 c:/users/patri/appdata/local/programs/renesas/ra/e2studio_v2022-10_fsp_v4.2.0/toolchains/gcc_arm/gcc-arm-none-eabi-10.3-2021.10/bin/../lib/gcc/arm-none-eabi/10.3.1/thumb/v8-m.main+fp/hard/crtbegin.o
                0x20000028                PROVIDE (__init_array_end = .)
                0x20000028                . = ALIGN (0x4)
                [!provide]                PROVIDE (__fini_array_start = .)
 *(SORT_BY_NAME(.fini_array.*))
 *(.fini_array)
 .fini_array    0x20000028        0x4 c:/users/patri/appdata/local/programs/renesas/ra/e2studio_v2022-10_fsp_v4.2.0/toolchains/gcc_arm/gcc-arm-none-eabi-10.3-2021.10/bin/../lib/gcc/arm-none-eabi/10.3.1/thumb/v8-m.main+fp/hard/crtbegin.o
                [!provide]                PROVIDE (__fini_array_end = .)
 *(.jcr*)
                0x2000002c                . = ALIGN (0x4)
                0x2000002c                __data_end__ = .
                0x00003330                __dtcm_data_init_start = ((__etext + __data_end__) - __data_start__)

.igot.plt       0x2000002c        0x0 load address 0x00003330
 .igot.plt      0x2000002c        0x0 c:/users/patri/appdata/local/programs/renesas/ra/e2studio_v2022-10_fsp_v4.2.0/toolchains/gcc_arm/gcc-arm-none-eabi-10.3-2021.10/bin/../lib/gcc/arm-none-eabi/10.3.1/thumb/v8-m.main+fp/hard/crtbegin.o

.dtcm_data      0x00000000        0x0 load address 0x00003330
                0x00000000                __tz_DTCM_S = ABSOLUTE (DTCM_START)
                0x00000000                __dtcm_data_start__ = .
 *(.dtcm_data*)
                0x00000000                __dtcm_data_end__ = .

.dtcm_noinit    0x00000000        0x0 load address 0x00003330
                0x00000000                __dtcm_noinit_start = .
 *(.dtcm_noinit*)
                0x00000000                __dtcm_noinit_end = .
                0x00000000                __tz_DTCM_N = DEFINED (DTCM_NS_START)?ABSOLUTE (DTCM_NS_START):ALIGN (__dtcm_noinit_end, 0x2000)
                0x00003330                DATA_END = (LOADADDR (.data) + SIZEOF (.data))
                0x00003400                SGSTUBS_LOC = (DEFINED (PROJECT_SECURE) && DEFINED (FLASH_NSC_START))?ABSOLUTE (FLASH_NSC_START):ALIGN (DATA_END, 0x400)

.gnu.sgstubs    0x00003400        0x0
                0x00003400                __tz_FLASH_C = DEFINED (FLASH_NSC_START)?ABSOLUTE (FLASH_NSC_START):__RESERVE_NS_RAM?ABSOLUTE ((FLASH_START + FLASH_LENGTH)):ALIGN (0x400)
                0x00003400                _start_sg = .
 *(.gnu.sgstubs*)
                0x00003400                . = ALIGN (0x20)
                0x00003400                _end_sg = .
                0x00008000                __tz_FLASH_N = DEFINED (FLASH_NS_START)?ABSOLUTE (FLASH_NS_START):__RESERVE_NS_RAM?ABSOLUTE ((FLASH_START + FLASH_LENGTH)):(FLASH_LENGTH < 0x8000)?FLASH_LENGTH:ALIGN (0x8000)
                0x00008000                FLASH_NS_IMAGE_START = DEFINED (FLASH_NS_IMAGE_START)?FLASH_NS_IMAGE_START:__tz_FLASH_N
                0x60000000                __tz_QSPI_FLASH_S = ORIGIN (QSPI_FLASH)

.qspi_flash     0x60000000        0x0
                0x60000000                __qspi_flash_start__ = .
 *(.qspi_flash*)
 *(.code_in_qspi*)
                0x60000000                __qspi_flash_end__ = .
                0x00000000                __qspi_flash_code_size__ = (__qspi_flash_end__ - __qspi_flash_start__)
                0x00003330                __qspi_flash_code_addr__ = (__etext + (__data_end__ - __data_start__))

.qspi_non_retentive
                0x60000000        0x0 load address 0x00003330
                0x60000000                __qspi_non_retentive_start__ = .
 *(.qspi_non_retentive*)
                0x60000000                __qspi_non_retentive_end__ = .
                0x00000000                __qspi_non_retentive_size__ = (__qspi_non_retentive_end__ - __qspi_non_retentive_start__)
                0x04000000                __qspi_region_max_size__ = 0x4000000
                0x60000000                __qspi_region_start_address__ = __qspi_flash_start__
                0x64000000                __qspi_region_end_address__ = (__qspi_flash_start__ + __qspi_region_max_size__)
                0x60000000                __tz_QSPI_FLASH_N = __qspi_non_retentive_end__

.OSPI_DEVICE_0_NO_LOAD
                0x68000000        0x0
                0x68000000                . = ALIGN (0x4)
                0x68000000                __ospi_device_0_start__ = .
 *(.ospi_device_0_no_load*)
                0x68000000                . = ALIGN (0x4)
                0x68000000                __ospi_device_0_end__ = .

.OSPI_DEVICE_1_NO_LOAD
                0x70000000        0x0
                0x70000000                . = ALIGN (0x4)
                0x70000000                __ospi_device_1_start__ = .
 *(.ospi_device_1_no_load*)
                0x70000000                . = ALIGN (0x4)
                0x70000000                __ospi_device_1_end__ = .
                0x68000000                __tz_OSPI_DEVICE_0_S = ORIGIN (OSPI_DEVICE_0)

.OSPI_DEVICE_0  0x68000000        0x0
                0x68000000                __ospi_device_0_start__ = .
 *(.ospi_device_0*)
 *(.code_in_ospi_device_0*)
                0x68000000                __ospi_device_0_end__ = .
                0x00000000                __ospi_device_0_code_size__ = (__ospi_device_0_end__ - __ospi_device_0_start__)
                0x00003330                __ospi_device_0_code_addr__ = (__etext + (__data_end__ - __data_start__))

.ospi_device_0_non_retentive
                0x68000000        0x0 load address 0x00003330
                0x68000000                __ospi_device_0_non_retentive_start__ = .
 *(.ospi_device_0_non_retentive*)
                0x68000000                __ospi_device_0_non_retentive_end__ = .
                0x00000000                __ospi_device_0_non_retentive_size__ = (__ospi_device_0_non_retentive_end__ - __ospi_device_0_non_retentive_start__)
                0x08000000                __ospi_device_0_region_max_size__ = 0x8000000
                0x68000000                __ospi_device_0_region_start_address__ = __ospi_device_0_start__
                0x70000000                __ospi_device_0_region_end_address__ = (__ospi_device_0_start__ + __ospi_device_0_region_max_size__)
                0x68000000                __tz_OSPI_DEVICE_0_N = __ospi_device_0_non_retentive_end__
                0x70000000                __tz_OSPI_DEVICE_1_S = ORIGIN (OSPI_DEVICE_1)

.OSPI_DEVICE_1  0x70000000        0x0
                0x70000000                __ospi_device_1_start__ = .
 *(.ospi_device_1*)
 *(.code_in_ospi_device_1*)
                0x70000000                __ospi_device_1_end__ = .
                0x00000000                __ospi_device_1_code_size__ = (__ospi_device_1_end__ - __ospi_device_1_start__)
                0x00003330                __ospi_device_1_code_addr__ = (__etext + (__data_end__ - __data_start__))

.ospi_device_1_non_retentive
                0x70000000        0x0 load address 0x00003330
                0x70000000                __ospi_device_1_non_retentive_start__ = .
 *(.ospi_device_1_non_retentive*)
                0x70000000                __ospi_device_1_non_retentive_end__ = .
                0x00000000                __ospi_device_1_non_retentive_size__ = (__ospi_device_1_non_retentive_end__ - __ospi_device_1_non_retentive_start__)
                0x10000000                __ospi_device_1_region_max_size__ = 0x10000000
                0x70000000                __ospi_device_1_region_start_address__ = __ospi_device_1_start__
                0x80000000                __ospi_device_1_region_end_address__ = (__ospi_device_1_start__ + __ospi_device_1_region_max_size__)
                0x70000000                __tz_OSPI_DEVICE_1_N = __ospi_device_1_non_retentive_end__

.noinit         0x2000002c       0x1c
                0x2000002c                . = ALIGN (0x4)
                0x2000002c                __noinit_start = .
 *(.noinit*)
 .noinit        0x2000002c       0x1c ./ra/fsp/src/bsp/mcu/all/bsp_clocks.o
                0x20000048                . = ALIGN (0x8)
 *(.heap.*)
                0x20000048                __noinit_end = .

.bss            0x20000048      0x374
                0x20000048                . = ALIGN (0x4)
                0x20000048                __bss_start__ = .
 *(.bss*)
 .bss           0x20000048       0x1c c:/users/patri/appdata/local/programs/renesas/ra/e2studio_v2022-10_fsp_v4.2.0/toolchains/gcc_arm/gcc-arm-none-eabi-10.3-2021.10/bin/../lib/gcc/arm-none-eabi/10.3.1/thumb/v8-m.main+fp/hard/crtbegin.o
 .bss.holding_registers
                0x20000064       0x20 ./src/application_data.o
                0x20000064                holding_registers
 .bss.input_registers
                0x20000084        0x6 ./src/application_data.o
                0x20000084                input_registers
 *fill*         0x2000008a        0x6 
 .bss.offTimerCond
                0x20000090        0x8 ./src/dosing_control.o
 .bss.offTimerPH
                0x20000098        0x8 ./src/dosing_control.o
 .bss.onTimerCond
                0x200000a0        0x8 ./src/dosing_control.o
 .bss.onTimerPH
                0x200000a8        0x8 ./src/dosing_control.o
 .bss.pumpOnCond
                0x200000b0        0x1 ./src/dosing_control.o
 .bss.pumpOnPH  0x200000b1        0x1 ./src/dosing_control.o
 .bss.sensors_on
                0x200000b2        0x1 ./src/dosing_control.o
                0x200000b2                sensors_on
 .bss.takeActionCond
                0x200000b3        0x1 ./src/dosing_control.o
 .bss.takeActionPH
                0x200000b4        0x1 ./src/dosing_control.o
 .bss.takingActionCond
                0x200000b5        0x1 ./src/dosing_control.o
 .bss.takingActionPH
                0x200000b6        0x1 ./src/dosing_control.o
 *fill*         0x200000b7        0x1 
 .bss.millis    0x200000b8        0x8 ./src/hal_entry.o
                0x200000b8                millis
 .bss.startup_complete
                0x200000c0        0x1 ./src/hal_entry.o
                0x200000c0                startup_complete
 *fill*         0x200000c1        0x3 
 .bss.bcd_values_arr
                0x200000c4        0xc ./src/hmi_control.o
 .bss.cached_reading
                0x200000d0        0x2 ./src/hmi_control.o
 .bss.current_digit
                0x200000d2        0x2 ./src/hmi_control.o
 .bss.buffer    0x200000d4       0x20 ./src/modbus_protocol.o
                0x200000d4                buffer
 .bss.g_char_interval_exceeded
                0x200000f4        0x1 ./src/modbus_protocol.o
                0x200000f4                g_char_interval_exceeded
 *fill*         0x200000f5        0x1 
 .bss.g_index   0x200000f6        0x2 ./src/modbus_protocol.o
                0x200000f6                g_index
 .bss.g_length_msg
                0x200000f8        0x2 ./src/modbus_protocol.o
                0x200000f8                g_length_msg
 .bss.g_modbus_msg_rcvd
                0x200000fa        0x1 ./src/modbus_protocol.o
                0x200000fa                g_modbus_msg_rcvd
 .bss.g_new_configurations_rcvd
                0x200000fb        0x1 ./src/modbus_protocol.o
                0x200000fb                g_new_configurations_rcvd
 .bss.modbus_rx_buffer
                0x200000fc       0x20 ./src/modbus_protocol.o
                0x200000fc                modbus_rx_buffer
 .bss.modbus_tx_buffer
                0x2000011c       0x20 ./src/modbus_protocol.o
                0x2000011c                modbus_tx_buffer
 .bss.g_ioport_ctrl
                0x2000013c        0x8 ./ra_gen/common_data.o
                0x2000013c                g_ioport_ctrl
 .bss.g_adc0_ctrl
                0x20000144       0x24 ./ra_gen/hal_data.o
                0x20000144                g_adc0_ctrl
 .bss.g_modbus_timer_ctrl
                0x20000168       0x1c ./ra_gen/hal_data.o
                0x20000168                g_modbus_timer_ctrl
 .bss.g_modbus_uart_ctrl
                0x20000184       0x30 ./ra_gen/hal_data.o
                0x20000184                g_modbus_uart_ctrl
 .bss.g_timer0_ctrl
                0x200001b4       0x20 ./ra_gen/hal_data.o
                0x200001b4                g_timer0_ctrl
 .bss.gp_prv_agt_periods
                0x200001d4       0x18 ./ra/fsp/src/r_agt/r_agt.o
 .bss.g_bsp_group_irq_sources
                0x200001ec       0x40 ./ra/fsp/src/bsp/mcu/all/bsp_group_irq.o
                0x200001ec                g_bsp_group_irq_sources
 .bss.g_protect_pfswe_counter
                0x2000022c        0x4 ./ra/fsp/src/bsp/mcu/all/bsp_io.o
                0x2000022c                g_protect_pfswe_counter
 .bss.gp_renesas_isr_context
                0x20000230      0x180 ./ra/fsp/src/bsp/mcu/all/bsp_irq.o
                0x20000230                gp_renesas_isr_context
 .bss.g_protect_counters
                0x200003b0        0x8 ./ra/fsp/src/bsp/mcu/all/bsp_register_protection.o
                0x200003b0                g_protect_counters
 .bss.SystemCoreClock
                0x200003b8        0x4 ./ra/fsp/src/bsp/cmsis/Device/RENESAS/Source/system.o
                0x200003b8                SystemCoreClock
 *(COMMON)
                0x200003bc                . = ALIGN (0x4)
                0x200003bc                __bss_end__ = .

.heap           0x200003bc        0x4
                0x200003c0                . = ALIGN (0x8)
 *fill*         0x200003bc        0x4 
                0x200003c0                __HeapBase = .
 *(.heap)
                0x200003c0                __HeapLimit = .

.stack_dummy    0x200003c0     0x1600
                0x200003c0                . = ALIGN (0x8)
                0x200003c0                __StackLimit = .
 *(.stack)
 .stack         0x200003c0     0x1600 ./ra/fsp/src/bsp/cmsis/Device/RENESAS/Source/startup.o
                0x200019c0                __StackTop = .
 *(.stack*)
                0x200019c0                __StackTopAll = .
                0x200019c0                PROVIDE (__stack = __StackTopAll)
                0x200019c0                __RAM_segment_used_end__ = ALIGN (__StackTopAll, 0x4)
                0x20001c00                __tz_RAM_C = DEFINED (RAM_NSC_START)?ABSOLUTE ((RAM_NSC_START - RAM_NS_BUFFER_BLOCK_LENGTH)):__RESERVE_NS_RAM?ABSOLUTE (RAM_NS_BUFFER_BLOCK_START):ALIGN (__RAM_segment_used_end__, 0x400)
                0x20002000                __tz_RAM_N = DEFINED (RAM_NS_START)?ABSOLUTE ((RAM_NS_START - RAM_NS_BUFFER_BLOCK_LENGTH)):__RESERVE_NS_RAM?ABSOLUTE (RAM_NS_BUFFER_BLOCK_START):ALIGN (__tz_RAM_C, 0x2000)

.ns_buffer      0x200019c0        0x0
                0x200019c0                . = __RESERVE_NS_RAM?ABSOLUTE ((RAM_NS_BUFFER_START & 0xffffffe0)):.
 *(.ns_buffer*)

.data_flash     0x08000000        0x0
                0x08000000                . = ORIGIN (DATA_FLASH)
                0x08000000                __tz_DATA_FLASH_S = .
                0x08000000                __Data_Flash_Start = .
 *(.data_flash*)
                0x08000000                __Data_Flash_End = .
                0x08000000                __tz_DATA_FLASH_N = DEFINED (DATA_FLASH_NS_START)?ABSOLUTE (DATA_FLASH_NS_START):__RESERVE_NS_RAM?ABSOLUTE ((DATA_FLASH_START + DATA_FLASH_LENGTH)):ALIGN (0x400)
                0x80010000                __tz_SDRAM_S = ORIGIN (SDRAM)

.sdram          0x80010000        0x0
                0x80010000                __SDRAM_Start = .
 *(.sdram*)
 *(.frame*)
                0x80010000                __SDRAM_End = .
                0x80010000                __tz_SDRAM_N = __SDRAM_End
                0x00000000                __tz_ID_CODE_S = ORIGIN (ID_CODE)

.id_code        0x00000000        0x0
                0x00000000                __ID_Code_Start = .
 *(.id_code*)
                0x00000000                __ID_Code_End = .
                0x00000000                __tz_ID_CODE_N = __ID_Code_End
                0x0100a100                __tz_OPTION_SETTING_S = ORIGIN (OPTION_SETTING_OFS)

.option_setting_ofs
                0x0100a100       0x14
                0x0100a100                __OPTION_SETTING_OFS_Start = .
 *(.option_setting_ofs0)
 .option_setting_ofs0
                0x0100a100        0x4 ./ra/fsp/src/bsp/mcu/all/bsp_rom_registers.o
                0x0100a104                . = PROJECT_SECURE_OR_FLAT?(__OPTION_SETTING_OFS_Start + 0x4):__OPTION_SETTING_OFS_Start
 *(.option_setting_ofs2)
                0x0100a110                . = PROJECT_SECURE_OR_FLAT?(__OPTION_SETTING_OFS_Start + 0x10):__OPTION_SETTING_OFS_Start
 *fill*         0x0100a104        0xc ff
 *(.option_setting_dualsel)
 .option_setting_dualsel
                0x0100a110        0x4 ./ra/fsp/src/bsp/mcu/all/bsp_rom_registers.o
                0x0100a114                __OPTION_SETTING_OFS_End = .

.option_setting_sas
                0x0100a134        0x4
                0x0100a134                __OPTION_SETTING_SAS_Start = .
 *(.option_setting_sas)
 .option_setting_sas
                0x0100a134        0x4 ./ra/fsp/src/bsp/mcu/all/bsp_rom_registers.o
                0x0100a138                __OPTION_SETTING_SAS_End = .
                0x0100a180                __tz_OPTION_SETTING_N = ABSOLUTE (OPTION_SETTING_START_NS)

.option_setting_ns
                0x0100a100        0x0
                0x0100a100                __OPTION_SETTING_NS_Start = .
 *(.option_setting_ofs1)
                0x0100a100                . = USE_OPTION_SETTING_NS?(__OPTION_SETTING_NS_Start + 0x4):__OPTION_SETTING_NS_Start
 *(.option_setting_ofs3)
                0x0100a100                . = USE_OPTION_SETTING_NS?(__OPTION_SETTING_NS_Start + 0x10):__OPTION_SETTING_NS_Start
 *(.option_setting_banksel)
                0x0100a100                . = USE_OPTION_SETTING_NS?(__OPTION_SETTING_NS_Start + 0x40):__OPTION_SETTING_NS_Start
 *(.option_setting_bps0)
                0x0100a100                . = USE_OPTION_SETTING_NS?(__OPTION_SETTING_NS_Start + 0x44):__OPTION_SETTING_NS_Start
 *(.option_setting_bps1)
                0x0100a100                . = USE_OPTION_SETTING_NS?(__OPTION_SETTING_NS_Start + 0x48):__OPTION_SETTING_NS_Start
 *(.option_setting_bps2)
                0x0100a100                . = USE_OPTION_SETTING_NS?(__OPTION_SETTING_NS_Start + 0x4c):__OPTION_SETTING_NS_Start
 *(.option_setting_bps3)
                0x0100a100                . = USE_OPTION_SETTING_NS?(__OPTION_SETTING_NS_Start + 0x60):__OPTION_SETTING_NS_Start
 *(.option_setting_pbps0)
                0x0100a100                . = USE_OPTION_SETTING_NS?(__OPTION_SETTING_NS_Start + 0x64):__OPTION_SETTING_NS_Start
 *(.option_setting_pbps1)
                0x0100a100                . = USE_OPTION_SETTING_NS?(__OPTION_SETTING_NS_Start + 0x68):__OPTION_SETTING_NS_Start
 *(.option_setting_pbps2)
                0x0100a100                . = USE_OPTION_SETTING_NS?(__OPTION_SETTING_NS_Start + 0x6c):__OPTION_SETTING_NS_Start
 *(.option_setting_pbps3)
                0x0100a100                __OPTION_SETTING_NS_End = .
                0x0100a200                __tz_OPTION_SETTING_S_S = ORIGIN (OPTION_SETTING_S)

.option_setting_s
                0x0100a200       0xd0
                0x0100a200                __OPTION_SETTING_S_Start = .
 *(.option_setting_ofs1_sec)
 .option_setting_ofs1_sec
                0x0100a200        0x4 ./ra/fsp/src/bsp/mcu/all/bsp_rom_registers.o
                0x0100a204                . = PROJECT_SECURE_OR_FLAT?(__OPTION_SETTING_S_Start + 0x4):__OPTION_SETTING_S_Start
 *(.option_setting_ofs3_sec)
                0x0100a210                . = PROJECT_SECURE_OR_FLAT?(__OPTION_SETTING_S_Start + 0x10):__OPTION_SETTING_S_Start
 *fill*         0x0100a204        0xc ff
 *(.option_setting_banksel_sec)
 .option_setting_banksel_sec
                0x0100a210        0x4 ./ra/fsp/src/bsp/mcu/all/bsp_rom_registers.o
                0x0100a240                . = PROJECT_SECURE_OR_FLAT?(__OPTION_SETTING_S_Start + 0x40):__OPTION_SETTING_S_Start
 *fill*         0x0100a214       0x2c ff
 *(.option_setting_bps_sec0)
 .option_setting_bps_sec0
                0x0100a240        0x4 ./ra/fsp/src/bsp/mcu/all/bsp_rom_registers.o
                0x0100a244                . = PROJECT_SECURE_OR_FLAT?(__OPTION_SETTING_S_Start + 0x44):__OPTION_SETTING_S_Start
 *(.option_setting_bps_sec1)
 .option_setting_bps_sec1
                0x0100a244        0x4 ./ra/fsp/src/bsp/mcu/all/bsp_rom_registers.o
                0x0100a248                . = PROJECT_SECURE_OR_FLAT?(__OPTION_SETTING_S_Start + 0x48):__OPTION_SETTING_S_Start
 *(.option_setting_bps_sec2)
 .option_setting_bps_sec2
                0x0100a248        0x4 ./ra/fsp/src/bsp/mcu/all/bsp_rom_registers.o
                0x0100a24c                . = PROJECT_SECURE_OR_FLAT?(__OPTION_SETTING_S_Start + 0x4c):__OPTION_SETTING_S_Start
 *(.option_setting_bps_sec3)
 .option_setting_bps_sec3
                0x0100a24c        0x4 ./ra/fsp/src/bsp/mcu/all/bsp_rom_registers.o
                0x0100a260                . = PROJECT_SECURE_OR_FLAT?(__OPTION_SETTING_S_Start + 0x60):__OPTION_SETTING_S_Start
 *fill*         0x0100a250       0x10 ff
 *(.option_setting_pbps_sec0)
 .option_setting_pbps_sec0
                0x0100a260        0x4 ./ra/fsp/src/bsp/mcu/all/bsp_rom_registers.o
                0x0100a264                . = PROJECT_SECURE_OR_FLAT?(__OPTION_SETTING_S_Start + 0x64):__OPTION_SETTING_S_Start
 *(.option_setting_pbps_sec1)
 .option_setting_pbps_sec1
                0x0100a264        0x4 ./ra/fsp/src/bsp/mcu/all/bsp_rom_registers.o
                0x0100a268                . = PROJECT_SECURE_OR_FLAT?(__OPTION_SETTING_S_Start + 0x68):__OPTION_SETTING_S_Start
 *(.option_setting_pbps_sec2)
 .option_setting_pbps_sec2
                0x0100a268        0x4 ./ra/fsp/src/bsp/mcu/all/bsp_rom_registers.o
                0x0100a26c                . = PROJECT_SECURE_OR_FLAT?(__OPTION_SETTING_S_Start + 0x6c):__OPTION_SETTING_S_Start
 *(.option_setting_pbps_sec3)
 .option_setting_pbps_sec3
                0x0100a26c        0x4 ./ra/fsp/src/bsp/mcu/all/bsp_rom_registers.o
                0x0100a280                . = PROJECT_SECURE_OR_FLAT?(__OPTION_SETTING_S_Start + 0x80):__OPTION_SETTING_S_Start
 *fill*         0x0100a270       0x10 ff
 *(.option_setting_ofs1_sel)
 .option_setting_ofs1_sel
                0x0100a280        0x4 ./ra/fsp/src/bsp/mcu/all/bsp_rom_registers.o
                0x0100a284                . = PROJECT_SECURE_OR_FLAT?(__OPTION_SETTING_S_Start + 0x84):__OPTION_SETTING_S_Start
 *(.option_setting_ofs3_sel)
                0x0100a290                . = PROJECT_SECURE_OR_FLAT?(__OPTION_SETTING_S_Start + 0x90):__OPTION_SETTING_S_Start
 *fill*         0x0100a284        0xc ff
 *(.option_setting_banksel_sel)
 .option_setting_banksel_sel
                0x0100a290        0x4 ./ra/fsp/src/bsp/mcu/all/bsp_rom_registers.o
                0x0100a2c0                . = PROJECT_SECURE_OR_FLAT?(__OPTION_SETTING_S_Start + 0xc0):__OPTION_SETTING_S_Start
 *fill*         0x0100a294       0x2c ff
 *(.option_setting_bps_sel0)
 .option_setting_bps_sel0
                0x0100a2c0        0x4 ./ra/fsp/src/bsp/mcu/all/bsp_rom_registers.o
                0x0100a2c4                . = PROJECT_SECURE_OR_FLAT?(__OPTION_SETTING_S_Start + 0xc4):__OPTION_SETTING_S_Start
 *(.option_setting_bps_sel1)
 .option_setting_bps_sel1
                0x0100a2c4        0x4 ./ra/fsp/src/bsp/mcu/all/bsp_rom_registers.o
                0x0100a2c8                . = PROJECT_SECURE_OR_FLAT?(__OPTION_SETTING_S_Start + 0xc8):__OPTION_SETTING_S_Start
 *(.option_setting_bps_sel2)
 .option_setting_bps_sel2
                0x0100a2c8        0x4 ./ra/fsp/src/bsp/mcu/all/bsp_rom_registers.o
                0x0100a2cc                . = PROJECT_SECURE_OR_FLAT?(__OPTION_SETTING_S_Start + 0xcc):__OPTION_SETTING_S_Start
 *(.option_setting_bps_sel3)
 .option_setting_bps_sel3
                0x0100a2cc        0x4 ./ra/fsp/src/bsp/mcu/all/bsp_rom_registers.o
                0x0100a2d0                __OPTION_SETTING_S_End = .
                0x0100a2d0                __tz_OPTION_SETTING_S_N = __OPTION_SETTING_S_End
OUTPUT(rebuild.elf elf32-littlearm)
LOAD linker stubs

.rel.dyn        0x0100a2d0        0x0
 .rel.iplt      0x0100a2d0        0x0 c:/users/patri/appdata/local/programs/renesas/ra/e2studio_v2022-10_fsp_v4.2.0/toolchains/gcc_arm/gcc-arm-none-eabi-10.3-2021.10/bin/../lib/gcc/arm-none-eabi/10.3.1/thumb/v8-m.main+fp/hard/crtbegin.o

.ARM.attributes
                0x00000000       0x36
 .ARM.attributes
                0x00000000       0x22 c:/users/patri/appdata/local/programs/renesas/ra/e2studio_v2022-10_fsp_v4.2.0/toolchains/gcc_arm/gcc-arm-none-eabi-10.3-2021.10/bin/../lib/gcc/arm-none-eabi/10.3.1/thumb/v8-m.main+fp/hard/crti.o
 .ARM.attributes
                0x00000022       0x38 c:/users/patri/appdata/local/programs/renesas/ra/e2studio_v2022-10_fsp_v4.2.0/toolchains/gcc_arm/gcc-arm-none-eabi-10.3-2021.10/bin/../lib/gcc/arm-none-eabi/10.3.1/thumb/v8-m.main+fp/hard/crtbegin.o
 .ARM.attributes
                0x0000005a       0x3a ./src/application_data.o
 .ARM.attributes
                0x00000094       0x3a ./src/control_utils.o
 .ARM.attributes
                0x000000ce       0x3a ./src/dosing_control.o
 .ARM.attributes
                0x00000108       0x3a ./src/hal_entry.o
 .ARM.attributes
                0x00000142       0x3a ./src/hmi_control.o
 .ARM.attributes
                0x0000017c       0x3a ./src/modbus_crc.o
 .ARM.attributes
                0x000001b6       0x3a ./src/modbus_protocol.o
 .ARM.attributes
                0x000001f0       0x3a ./ra_gen/common_data.o
 .ARM.attributes
                0x0000022a       0x3a ./ra_gen/hal_data.o
 .ARM.attributes
                0x00000264       0x3a ./ra_gen/main.o
 .ARM.attributes
                0x0000029e       0x3a ./ra_gen/pin_data.o
 .ARM.attributes
                0x000002d8       0x3a ./ra_gen/vector_data.o
 .ARM.attributes
                0x00000312       0x3a ./ra/fsp/src/r_sci_uart/r_sci_uart.o
 .ARM.attributes
                0x0000034c       0x3a ./ra/fsp/src/r_ioport/r_ioport.o
 .ARM.attributes
                0x00000386       0x3a ./ra/fsp/src/r_gpt/r_gpt.o
 .ARM.attributes
                0x000003c0       0x3a ./ra/fsp/src/r_agt/r_agt.o
 .ARM.attributes
                0x000003fa       0x3a ./ra/fsp/src/r_adc/r_adc.o
 .ARM.attributes
                0x00000434       0x3a ./ra/fsp/src/bsp/mcu/all/bsp_clocks.o
 .ARM.attributes
                0x0000046e       0x3a ./ra/fsp/src/bsp/mcu/all/bsp_common.o
 .ARM.attributes
                0x000004a8       0x3a ./ra/fsp/src/bsp/mcu/all/bsp_delay.o
 .ARM.attributes
                0x000004e2       0x3a ./ra/fsp/src/bsp/mcu/all/bsp_group_irq.o
 .ARM.attributes
                0x0000051c       0x3a ./ra/fsp/src/bsp/mcu/all/bsp_io.o
 .ARM.attributes
                0x00000556       0x3a ./ra/fsp/src/bsp/mcu/all/bsp_irq.o
 .ARM.attributes
                0x00000590       0x3a ./ra/fsp/src/bsp/mcu/all/bsp_register_protection.o
 .ARM.attributes
                0x000005ca       0x3a ./ra/fsp/src/bsp/mcu/all/bsp_rom_registers.o
 .ARM.attributes
                0x00000604       0x3a ./ra/fsp/src/bsp/cmsis/Device/RENESAS/Source/startup.o
 .ARM.attributes
                0x0000063e       0x3a ./ra/fsp/src/bsp/cmsis/Device/RENESAS/Source/system.o
 .ARM.attributes
                0x00000678       0x22 c:/users/patri/appdata/local/programs/renesas/ra/e2studio_v2022-10_fsp_v4.2.0/toolchains/gcc_arm/gcc-arm-none-eabi-10.3-2021.10/bin/../lib/gcc/arm-none-eabi/10.3.1/thumb/v8-m.main+fp/hard\libgcc.a(_aeabi_uldivmod.o)
 .ARM.attributes
                0x0000069a       0x38 c:/users/patri/appdata/local/programs/renesas/ra/e2studio_v2022-10_fsp_v4.2.0/toolchains/gcc_arm/gcc-arm-none-eabi-10.3-2021.10/bin/../lib/gcc/arm-none-eabi/10.3.1/thumb/v8-m.main+fp/hard\libgcc.a(_udivmoddi4.o)
 .ARM.attributes
                0x000006d2       0x22 c:/users/patri/appdata/local/programs/renesas/ra/e2studio_v2022-10_fsp_v4.2.0/toolchains/gcc_arm/gcc-arm-none-eabi-10.3-2021.10/bin/../lib/gcc/arm-none-eabi/10.3.1/thumb/v8-m.main+fp/hard\libgcc.a(_dvmd_tls.o)
 .ARM.attributes
                0x000006f4       0x38 c:/users/patri/appdata/local/programs/renesas/ra/e2studio_v2022-10_fsp_v4.2.0/toolchains/gcc_arm/gcc-arm-none-eabi-10.3-2021.10/bin/../lib/gcc/arm-none-eabi/10.3.1/../../../../arm-none-eabi/lib/thumb/v8-m.main+fp/hard\libg_nano.a(lib_a-memcpy-stub.o)
 .ARM.attributes
                0x0000072c       0x38 c:/users/patri/appdata/local/programs/renesas/ra/e2studio_v2022-10_fsp_v4.2.0/toolchains/gcc_arm/gcc-arm-none-eabi-10.3-2021.10/bin/../lib/gcc/arm-none-eabi/10.3.1/../../../../arm-none-eabi/lib/thumb/v8-m.main+fp/hard\libg_nano.a(lib_a-memset.o)
 .ARM.attributes
                0x00000764       0x38 c:/users/patri/appdata/local/programs/renesas/ra/e2studio_v2022-10_fsp_v4.2.0/toolchains/gcc_arm/gcc-arm-none-eabi-10.3-2021.10/bin/../lib/gcc/arm-none-eabi/10.3.1/thumb/v8-m.main+fp/hard/crtend.o
 .ARM.attributes
                0x0000079c       0x22 c:/users/patri/appdata/local/programs/renesas/ra/e2studio_v2022-10_fsp_v4.2.0/toolchains/gcc_arm/gcc-arm-none-eabi-10.3-2021.10/bin/../lib/gcc/arm-none-eabi/10.3.1/thumb/v8-m.main+fp/hard/crtn.o

.comment        0x00000000       0x49
 .comment       0x00000000       0x49 ./src/application_data.o
                                 0x4a (size before relaxing)
 .comment       0x00000049       0x4a ./src/control_utils.o
 .comment       0x00000049       0x4a ./src/dosing_control.o
 .comment       0x00000049       0x4a ./src/hal_entry.o
 .comment       0x00000049       0x4a ./src/hmi_control.o
 .comment       0x00000049       0x4a ./src/modbus_crc.o
 .comment       0x00000049       0x4a ./src/modbus_protocol.o
 .comment       0x00000049       0x4a ./ra_gen/common_data.o
 .comment       0x00000049       0x4a ./ra_gen/hal_data.o
 .comment       0x00000049       0x4a ./ra_gen/main.o
 .comment       0x00000049       0x4a ./ra_gen/pin_data.o
 .comment       0x00000049       0x4a ./ra_gen/vector_data.o
 .comment       0x00000049       0x4a ./ra/fsp/src/r_sci_uart/r_sci_uart.o
 .comment       0x00000049       0x4a ./ra/fsp/src/r_ioport/r_ioport.o
 .comment       0x00000049       0x4a ./ra/fsp/src/r_gpt/r_gpt.o
 .comment       0x00000049       0x4a ./ra/fsp/src/r_agt/r_agt.o
 .comment       0x00000049       0x4a ./ra/fsp/src/r_adc/r_adc.o
 .comment       0x00000049       0x4a ./ra/fsp/src/bsp/mcu/all/bsp_clocks.o
 .comment       0x00000049       0x4a ./ra/fsp/src/bsp/mcu/all/bsp_common.o
 .comment       0x00000049       0x4a ./ra/fsp/src/bsp/mcu/all/bsp_delay.o
 .comment       0x00000049       0x4a ./ra/fsp/src/bsp/mcu/all/bsp_group_irq.o
 .comment       0x00000049       0x4a ./ra/fsp/src/bsp/mcu/all/bsp_io.o
 .comment       0x00000049       0x4a ./ra/fsp/src/bsp/mcu/all/bsp_irq.o
 .comment       0x00000049       0x4a ./ra/fsp/src/bsp/mcu/all/bsp_register_protection.o
 .comment       0x00000049       0x4a ./ra/fsp/src/bsp/mcu/all/bsp_rom_registers.o
 .comment       0x00000049       0x4a ./ra/fsp/src/bsp/cmsis/Device/RENESAS/Source/startup.o
 .comment       0x00000049       0x4a ./ra/fsp/src/bsp/cmsis/Device/RENESAS/Source/system.o

.debug_info     0x00000000    0x5bf00
 .debug_info    0x00000000      0x508 ./src/application_data.o
 .debug_info    0x00000508      0x193 ./src/control_utils.o
 .debug_info    0x0000069b     0x40f9 ./src/dosing_control.o
 .debug_info    0x00004794     0x8cf3 ./src/hal_entry.o
 .debug_info    0x0000d487      0xa6a ./src/hmi_control.o
 .debug_info    0x0000def1      0x162 ./src/modbus_crc.o
 .debug_info    0x0000e053     0x7aad ./src/modbus_protocol.o
 .debug_info    0x00015b00     0x1207 ./ra_gen/common_data.o
 .debug_info    0x00016d07     0xa62f ./ra_gen/hal_data.o
 .debug_info    0x00021336       0xaa ./ra_gen/main.o
 .debug_info    0x000213e0      0xa40 ./ra_gen/pin_data.o
 .debug_info    0x00021e20      0x858 ./ra_gen/vector_data.o
 .debug_info    0x00022678     0xa5e4 ./ra/fsp/src/r_sci_uart/r_sci_uart.o
 .debug_info    0x0002cc5c     0x6c19 ./ra/fsp/src/r_ioport/r_ioport.o
 .debug_info    0x00033875     0x9803 ./ra/fsp/src/r_gpt/r_gpt.o
 .debug_info    0x0003d078     0x70a4 ./ra/fsp/src/r_agt/r_agt.o
 .debug_info    0x0004411c     0xade6 ./ra/fsp/src/r_adc/r_adc.o
 .debug_info    0x0004ef02     0x496e ./ra/fsp/src/bsp/mcu/all/bsp_clocks.o
 .debug_info    0x00053870      0x916 ./ra/fsp/src/bsp/mcu/all/bsp_common.o
 .debug_info    0x00054186      0x1d1 ./ra/fsp/src/bsp/mcu/all/bsp_delay.o
 .debug_info    0x00054357     0x13d8 ./ra/fsp/src/bsp/mcu/all/bsp_group_irq.o
 .debug_info    0x0005572f       0xa3 ./ra/fsp/src/bsp/mcu/all/bsp_io.o
 .debug_info    0x000557d2     0x1e7b ./ra/fsp/src/bsp/mcu/all/bsp_irq.o
 .debug_info    0x0005764d     0x3cb8 ./ra/fsp/src/bsp/mcu/all/bsp_register_protection.o
 .debug_info    0x0005b305      0x1de ./ra/fsp/src/bsp/mcu/all/bsp_rom_registers.o
 .debug_info    0x0005b4e3      0x141 ./ra/fsp/src/bsp/cmsis/Device/RENESAS/Source/startup.o
 .debug_info    0x0005b624      0x8dc ./ra/fsp/src/bsp/cmsis/Device/RENESAS/Source/system.o

.debug_abbrev   0x00000000     0x4294
 .debug_abbrev  0x00000000      0x135 ./src/application_data.o
 .debug_abbrev  0x00000135       0x9b ./src/control_utils.o
 .debug_abbrev  0x000001d0      0x331 ./src/dosing_control.o
 .debug_abbrev  0x00000501      0x2ec ./src/hal_entry.o
 .debug_abbrev  0x000007ed      0x251 ./src/hmi_control.o
 .debug_abbrev  0x00000a3e       0xcd ./src/modbus_crc.o
 .debug_abbrev  0x00000b0b      0x534 ./src/modbus_protocol.o
 .debug_abbrev  0x0000103f      0x150 ./ra_gen/common_data.o
 .debug_abbrev  0x0000118f      0x2ed ./ra_gen/hal_data.o
 .debug_abbrev  0x0000147c       0x66 ./ra_gen/main.o
 .debug_abbrev  0x000014e2       0xdc ./ra_gen/pin_data.o
 .debug_abbrev  0x000015be       0xa7 ./ra_gen/vector_data.o
 .debug_abbrev  0x00001665      0x5f8 ./ra/fsp/src/r_sci_uart/r_sci_uart.o
 .debug_abbrev  0x00001c5d      0x428 ./ra/fsp/src/r_ioport/r_ioport.o
 .debug_abbrev  0x00002085      0x607 ./ra/fsp/src/r_gpt/r_gpt.o
 .debug_abbrev  0x0000268c      0x538 ./ra/fsp/src/r_agt/r_agt.o
 .debug_abbrev  0x00002bc4      0x598 ./ra/fsp/src/r_adc/r_adc.o
 .debug_abbrev  0x0000315c      0x38c ./ra/fsp/src/bsp/mcu/all/bsp_clocks.o
 .debug_abbrev  0x000034e8      0x172 ./ra/fsp/src/bsp/mcu/all/bsp_common.o
 .debug_abbrev  0x0000365a      0x111 ./ra/fsp/src/bsp/mcu/all/bsp_delay.o
 .debug_abbrev  0x0000376b      0x254 ./ra/fsp/src/bsp/mcu/all/bsp_group_irq.o
 .debug_abbrev  0x000039bf       0x5e ./ra/fsp/src/bsp/mcu/all/bsp_io.o
 .debug_abbrev  0x00003a1d      0x251 ./ra/fsp/src/bsp/mcu/all/bsp_irq.o
 .debug_abbrev  0x00003c6e      0x277 ./ra/fsp/src/bsp/mcu/all/bsp_register_protection.o
 .debug_abbrev  0x00003ee5       0x4d ./ra/fsp/src/bsp/mcu/all/bsp_rom_registers.o
 .debug_abbrev  0x00003f32       0xe6 ./ra/fsp/src/bsp/cmsis/Device/RENESAS/Source/startup.o
 .debug_abbrev  0x00004018      0x27c ./ra/fsp/src/bsp/cmsis/Device/RENESAS/Source/system.o

.debug_loc      0x00000000     0x7813
 .debug_loc     0x00000000       0x32 ./src/application_data.o
 .debug_loc     0x00000032      0x248 ./src/control_utils.o
 .debug_loc     0x0000027a      0x8aa ./src/dosing_control.o
 .debug_loc     0x00000b24       0x57 ./src/hal_entry.o
 .debug_loc     0x00000b7b      0x119 ./src/hmi_control.o
 .debug_loc     0x00000c94      0x108 ./src/modbus_crc.o
 .debug_loc     0x00000d9c      0x704 ./src/modbus_protocol.o
 .debug_loc     0x000014a0     0x1950 ./ra/fsp/src/r_sci_uart/r_sci_uart.o
 .debug_loc     0x00002df0      0xdd9 ./ra/fsp/src/r_ioport/r_ioport.o
 .debug_loc     0x00003bc9     0x1156 ./ra/fsp/src/r_gpt/r_gpt.o
 .debug_loc     0x00004d1f      0xe2d ./ra/fsp/src/r_agt/r_agt.o
 .debug_loc     0x00005b4c     0x147b ./ra/fsp/src/r_adc/r_adc.o
 .debug_loc     0x00006fc7      0x315 ./ra/fsp/src/bsp/mcu/all/bsp_clocks.o
 .debug_loc     0x000072dc       0x22 ./ra/fsp/src/bsp/mcu/all/bsp_common.o
 .debug_loc     0x000072fe      0x178 ./ra/fsp/src/bsp/mcu/all/bsp_delay.o
 .debug_loc     0x00007476       0xaa ./ra/fsp/src/bsp/mcu/all/bsp_group_irq.o
 .debug_loc     0x00007520      0x121 ./ra/fsp/src/bsp/mcu/all/bsp_irq.o
 .debug_loc     0x00007641      0x105 ./ra/fsp/src/bsp/mcu/all/bsp_register_protection.o
 .debug_loc     0x00007746       0xcd ./ra/fsp/src/bsp/cmsis/Device/RENESAS/Source/system.o

.debug_aranges  0x00000000      0x708
 .debug_aranges
                0x00000000       0x28 ./src/application_data.o
 .debug_aranges
                0x00000028       0x38 ./src/control_utils.o
 .debug_aranges
                0x00000060       0x48 ./src/dosing_control.o
 .debug_aranges
                0x000000a8       0x30 ./src/hal_entry.o
 .debug_aranges
                0x000000d8       0x40 ./src/hmi_control.o
 .debug_aranges
                0x00000118       0x20 ./src/modbus_crc.o
 .debug_aranges
                0x00000138       0x60 ./src/modbus_protocol.o
 .debug_aranges
                0x00000198       0x20 ./ra_gen/common_data.o
 .debug_aranges
                0x000001b8       0x20 ./ra_gen/hal_data.o
 .debug_aranges
                0x000001d8       0x20 ./ra_gen/main.o
 .debug_aranges
                0x000001f8       0x18 ./ra_gen/pin_data.o
 .debug_aranges
                0x00000210       0x18 ./ra_gen/vector_data.o
 .debug_aranges
                0x00000228       0x98 ./ra/fsp/src/r_sci_uart/r_sci_uart.o
 .debug_aranges
                0x000002c0       0x90 ./ra/fsp/src/r_ioport/r_ioport.o
 .debug_aranges
                0x00000350       0xd8 ./ra/fsp/src/r_gpt/r_gpt.o
 .debug_aranges
                0x00000428       0x80 ./ra/fsp/src/r_agt/r_agt.o
 .debug_aranges
                0x000004a8       0xb8 ./ra/fsp/src/r_adc/r_adc.o
 .debug_aranges
                0x00000560       0x60 ./ra/fsp/src/bsp/mcu/all/bsp_clocks.o
 .debug_aranges
                0x000005c0       0x30 ./ra/fsp/src/bsp/mcu/all/bsp_common.o
 .debug_aranges
                0x000005f0       0x28 ./ra/fsp/src/bsp/mcu/all/bsp_delay.o
 .debug_aranges
                0x00000618       0x28 ./ra/fsp/src/bsp/mcu/all/bsp_group_irq.o
 .debug_aranges
                0x00000640       0x18 ./ra/fsp/src/bsp/mcu/all/bsp_io.o
 .debug_aranges
                0x00000658       0x20 ./ra/fsp/src/bsp/mcu/all/bsp_irq.o
 .debug_aranges
                0x00000678       0x28 ./ra/fsp/src/bsp/mcu/all/bsp_register_protection.o
 .debug_aranges
                0x000006a0       0x18 ./ra/fsp/src/bsp/mcu/all/bsp_rom_registers.o
 .debug_aranges
                0x000006b8       0x28 ./ra/fsp/src/bsp/cmsis/Device/RENESAS/Source/startup.o
 .debug_aranges
                0x000006e0       0x28 ./ra/fsp/src/bsp/cmsis/Device/RENESAS/Source/system.o

.debug_ranges   0x00000000     0x1968
 .debug_ranges  0x00000000       0x18 ./src/application_data.o
 .debug_ranges  0x00000018       0x28 ./src/control_utils.o
 .debug_ranges  0x00000040      0x2a0 ./src/dosing_control.o
 .debug_ranges  0x000002e0       0x20 ./src/hal_entry.o
 .debug_ranges  0x00000300       0xc8 ./src/hmi_control.o
 .debug_ranges  0x000003c8       0x10 ./src/modbus_crc.o
 .debug_ranges  0x000003d8      0x2e0 ./src/modbus_protocol.o
 .debug_ranges  0x000006b8       0x10 ./ra_gen/common_data.o
 .debug_ranges  0x000006c8       0x10 ./ra_gen/hal_data.o
 .debug_ranges  0x000006d8       0x10 ./ra_gen/main.o
 .debug_ranges  0x000006e8      0x5b8 ./ra/fsp/src/r_sci_uart/r_sci_uart.o
 .debug_ranges  0x00000ca0      0x158 ./ra/fsp/src/r_ioport/r_ioport.o
 .debug_ranges  0x00000df8      0x300 ./ra/fsp/src/r_gpt/r_gpt.o
 .debug_ranges  0x000010f8      0x288 ./ra/fsp/src/r_agt/r_agt.o
 .debug_ranges  0x00001380      0x340 ./ra/fsp/src/r_adc/r_adc.o
 .debug_ranges  0x000016c0      0x120 ./ra/fsp/src/bsp/mcu/all/bsp_clocks.o
 .debug_ranges  0x000017e0       0x20 ./ra/fsp/src/bsp/mcu/all/bsp_common.o
 .debug_ranges  0x00001800       0x18 ./ra/fsp/src/bsp/mcu/all/bsp_delay.o
 .debug_ranges  0x00001818       0x58 ./ra/fsp/src/bsp/mcu/all/bsp_group_irq.o
 .debug_ranges  0x00001870       0x68 ./ra/fsp/src/bsp/mcu/all/bsp_irq.o
 .debug_ranges  0x000018d8       0x48 ./ra/fsp/src/bsp/mcu/all/bsp_register_protection.o
 .debug_ranges  0x00001920       0x18 ./ra/fsp/src/bsp/cmsis/Device/RENESAS/Source/startup.o
 .debug_ranges  0x00001938       0x30 ./ra/fsp/src/bsp/cmsis/Device/RENESAS/Source/system.o

.debug_line     0x00000000     0xd0df
 .debug_line    0x00000000      0x462 ./src/application_data.o
 .debug_line    0x00000462      0x2e3 ./src/control_utils.o
 .debug_line    0x00000745      0xcfb ./src/dosing_control.o
 .debug_line    0x00001440      0x8d6 ./src/hal_entry.o
 .debug_line    0x00001d16      0x6a3 ./src/hmi_control.o
 .debug_line    0x000023b9      0x200 ./src/modbus_crc.o
 .debug_line    0x000025b9      0xf3e ./src/modbus_protocol.o
 .debug_line    0x000034f7      0x4a0 ./ra_gen/common_data.o
 .debug_line    0x00003997      0x5dd ./ra_gen/hal_data.o
 .debug_line    0x00003f74       0x5e ./ra_gen/main.o
 .debug_line    0x00003fd2      0x2ba ./ra_gen/pin_data.o
 .debug_line    0x0000428c      0x175 ./ra_gen/vector_data.o
 .debug_line    0x00004401     0x1b33 ./ra/fsp/src/r_sci_uart/r_sci_uart.o
 .debug_line    0x00005f34      0xdc3 ./ra/fsp/src/r_ioport/r_ioport.o
 .debug_line    0x00006cf7     0x12f5 ./ra/fsp/src/r_gpt/r_gpt.o
 .debug_line    0x00007fec      0xfb2 ./ra/fsp/src/r_agt/r_agt.o
 .debug_line    0x00008f9e     0x15c8 ./ra/fsp/src/r_adc/r_adc.o
 .debug_line    0x0000a566      0x908 ./ra/fsp/src/bsp/mcu/all/bsp_clocks.o
 .debug_line    0x0000ae6e      0x368 ./ra/fsp/src/bsp/mcu/all/bsp_common.o
 .debug_line    0x0000b1d6      0x3a6 ./ra/fsp/src/bsp/mcu/all/bsp_delay.o
 .debug_line    0x0000b57c      0x43b ./ra/fsp/src/bsp/mcu/all/bsp_group_irq.o
 .debug_line    0x0000b9b7      0x233 ./ra/fsp/src/bsp/mcu/all/bsp_io.o
 .debug_line    0x0000bbea      0x5b1 ./ra/fsp/src/bsp/mcu/all/bsp_irq.o
 .debug_line    0x0000c19b      0x4ea ./ra/fsp/src/bsp/mcu/all/bsp_register_protection.o
 .debug_line    0x0000c685      0x1a7 ./ra/fsp/src/bsp/mcu/all/bsp_rom_registers.o
 .debug_line    0x0000c82c      0x2b7 ./ra/fsp/src/bsp/cmsis/Device/RENESAS/Source/startup.o
 .debug_line    0x0000cae3      0x5fc ./ra/fsp/src/bsp/cmsis/Device/RENESAS/Source/system.o

.debug_str      0x00000000    0x10365
 .debug_str     0x00000000      0x71e ./src/application_data.o
                                0x7a1 (size before relaxing)
 .debug_str     0x0000071e       0x61 ./src/control_utils.o
                                0x276 (size before relaxing)
 .debug_str     0x0000077f     0x2ae9 ./src/dosing_control.o
                               0x31fc (size before relaxing)
 .debug_str     0x00003268     0x3f78 ./src/hal_entry.o
                               0x70ac (size before relaxing)
 .debug_str     0x000071e0       0x97 ./src/hmi_control.o
                               0x17e0 (size before relaxing)
 .debug_str     0x00007277       0x42 ./src/modbus_crc.o
                                0x253 (size before relaxing)
 .debug_str     0x000072b9     0x17b4 ./src/modbus_protocol.o
                               0x5ca1 (size before relaxing)
 .debug_str     0x00008a6d       0x39 ./ra_gen/common_data.o
                               0x329d (size before relaxing)
 .debug_str     0x00008aa6     0x3a2f ./ra_gen/hal_data.o
                               0xa5ca (size before relaxing)
 .debug_str     0x0000c4d5       0x16 ./ra_gen/main.o
                                0x201 (size before relaxing)
 .debug_str     0x0000c4eb      0x66b ./ra_gen/pin_data.o
                               0x1da6 (size before relaxing)
 .debug_str     0x0000cb56       0x68 ./ra_gen/vector_data.o
                               0x1d01 (size before relaxing)
 .debug_str     0x0000cbbe      0xc73 ./ra/fsp/src/r_sci_uart/r_sci_uart.o
                               0x681a (size before relaxing)
 .debug_str     0x0000d831      0x749 ./ra/fsp/src/r_ioport/r_ioport.o
                               0x567d (size before relaxing)
 .debug_str     0x0000df7a      0x9c4 ./ra/fsp/src/r_gpt/r_gpt.o
                               0x61a5 (size before relaxing)
 .debug_str     0x0000e93e      0x1aa ./ra/fsp/src/r_agt/r_agt.o
                               0x46ef (size before relaxing)
 .debug_str     0x0000eae8      0x5f6 ./ra/fsp/src/r_adc/r_adc.o
                               0x813f (size before relaxing)
 .debug_str     0x0000f0de      0x704 ./ra/fsp/src/bsp/mcu/all/bsp_clocks.o
                               0x2089 (size before relaxing)
 .debug_str     0x0000f7e2      0x10b ./ra/fsp/src/bsp/mcu/all/bsp_common.o
                               0x1bb1 (size before relaxing)
 .debug_str     0x0000f8ed       0xb1 ./ra/fsp/src/bsp/mcu/all/bsp_delay.o
                                0x32a (size before relaxing)
 .debug_str     0x0000f99e      0x1de ./ra/fsp/src/bsp/mcu/all/bsp_group_irq.o
                               0x20bc (size before relaxing)
 .debug_str     0x0000fb7c       0x23 ./ra/fsp/src/bsp/mcu/all/bsp_io.o
                                0x22a (size before relaxing)
 .debug_str     0x0000fb9f      0x36f ./ra/fsp/src/bsp/mcu/all/bsp_irq.o
                               0x25b1 (size before relaxing)
 .debug_str     0x0000ff0e       0x88 ./ra/fsp/src/bsp/mcu/all/bsp_register_protection.o
                               0x1a00 (size before relaxing)
 .debug_str     0x0000ff96      0x197 ./ra/fsp/src/bsp/mcu/all/bsp_rom_registers.o
                                0x386 (size before relaxing)
 .debug_str     0x0001012d       0x82 ./ra/fsp/src/bsp/cmsis/Device/RENESAS/Source/startup.o
                                0x274 (size before relaxing)
 .debug_str     0x000101af      0x1b6 ./ra/fsp/src/bsp/cmsis/Device/RENESAS/Source/system.o
                                0x656 (size before relaxing)

.debug_frame    0x00000000     0x1018
 .debug_frame   0x00000000       0x4c ./src/application_data.o
 .debug_frame   0x0000004c       0x50 ./src/control_utils.o
 .debug_frame   0x0000009c       0xb8 ./src/dosing_control.o
 .debug_frame   0x00000154       0x58 ./src/hal_entry.o
 .debug_frame   0x000001ac       0xa0 ./src/hmi_control.o
 .debug_frame   0x0000024c       0x38 ./src/modbus_crc.o
 .debug_frame   0x00000284      0x174 ./src/modbus_protocol.o
 .debug_frame   0x000003f8       0x20 ./ra_gen/common_data.o
 .debug_frame   0x00000418       0x20 ./ra_gen/hal_data.o
 .debug_frame   0x00000438       0x28 ./ra_gen/main.o
 .debug_frame   0x00000460      0x1f4 ./ra/fsp/src/r_sci_uart/r_sci_uart.o
 .debug_frame   0x00000654      0x17c ./ra/fsp/src/r_ioport/r_ioport.o
 .debug_frame   0x000007d0      0x21c ./ra/fsp/src/r_gpt/r_gpt.o
 .debug_frame   0x000009ec      0x128 ./ra/fsp/src/r_agt/r_agt.o
 .debug_frame   0x00000b14      0x1d8 ./ra/fsp/src/r_adc/r_adc.o
 .debug_frame   0x00000cec       0xcc ./ra/fsp/src/bsp/mcu/all/bsp_clocks.o
 .debug_frame   0x00000db8       0x40 ./ra/fsp/src/bsp/mcu/all/bsp_common.o
 .debug_frame   0x00000df8       0x44 ./ra/fsp/src/bsp/mcu/all/bsp_delay.o
 .debug_frame   0x00000e3c       0x3c ./ra/fsp/src/bsp/mcu/all/bsp_group_irq.o
 .debug_frame   0x00000e78       0x30 ./ra/fsp/src/bsp/mcu/all/bsp_irq.o
 .debug_frame   0x00000ea8       0x48 ./ra/fsp/src/bsp/mcu/all/bsp_register_protection.o
 .debug_frame   0x00000ef0       0x38 ./ra/fsp/src/bsp/cmsis/Device/RENESAS/Source/startup.o
 .debug_frame   0x00000f28       0x44 ./ra/fsp/src/bsp/cmsis/Device/RENESAS/Source/system.o
 .debug_frame   0x00000f6c       0x2c c:/users/patri/appdata/local/programs/renesas/ra/e2studio_v2022-10_fsp_v4.2.0/toolchains/gcc_arm/gcc-arm-none-eabi-10.3-2021.10/bin/../lib/gcc/arm-none-eabi/10.3.1/thumb/v8-m.main+fp/hard\libgcc.a(_aeabi_uldivmod.o)
 .debug_frame   0x00000f98       0x38 c:/users/patri/appdata/local/programs/renesas/ra/e2studio_v2022-10_fsp_v4.2.0/toolchains/gcc_arm/gcc-arm-none-eabi-10.3-2021.10/bin/../lib/gcc/arm-none-eabi/10.3.1/thumb/v8-m.main+fp/hard\libgcc.a(_udivmoddi4.o)
 .debug_frame   0x00000fd0       0x28 c:/users/patri/appdata/local/programs/renesas/ra/e2studio_v2022-10_fsp_v4.2.0/toolchains/gcc_arm/gcc-arm-none-eabi-10.3-2021.10/bin/../lib/gcc/arm-none-eabi/10.3.1/../../../../arm-none-eabi/lib/thumb/v8-m.main+fp/hard\libg_nano.a(lib_a-memcpy-stub.o)
 .debug_frame   0x00000ff8       0x20 c:/users/patri/appdata/local/programs/renesas/ra/e2studio_v2022-10_fsp_v4.2.0/toolchains/gcc_arm/gcc-arm-none-eabi-10.3-2021.10/bin/../lib/gcc/arm-none-eabi/10.3.1/../../../../arm-none-eabi/lib/thumb/v8-m.main+fp/hard\libg_nano.a(lib_a-memset.o)
