Archive member included to satisfy reference by file (symbol)

c:/program files (x86)/gnu arm embedded toolchain/10 2021.10/bin/../lib/gcc/arm-none-eabi/10.3.1/thumb/v8-m.main+fp/hard\libgcc.a(_aeabi_ldivmod.o)
                              ./src/wired_communication.o (__aeabi_ldivmod)
c:/program files (x86)/gnu arm embedded toolchain/10 2021.10/bin/../lib/gcc/arm-none-eabi/10.3.1/thumb/v8-m.main+fp/hard\libgcc.a(_aeabi_uldivmod.o)
                              ./src/wired_communication.o (__aeabi_uldivmod)
c:/program files (x86)/gnu arm embedded toolchain/10 2021.10/bin/../lib/gcc/arm-none-eabi/10.3.1/thumb/v8-m.main+fp/hard\libgcc.a(_udivmoddi4.o)
                              c:/program files (x86)/gnu arm embedded toolchain/10 2021.10/bin/../lib/gcc/arm-none-eabi/10.3.1/thumb/v8-m.main+fp/hard\libgcc.a(_aeabi_ldivmod.o) (__udivmoddi4)
c:/program files (x86)/gnu arm embedded toolchain/10 2021.10/bin/../lib/gcc/arm-none-eabi/10.3.1/thumb/v8-m.main+fp/hard\libgcc.a(_dvmd_tls.o)
                              c:/program files (x86)/gnu arm embedded toolchain/10 2021.10/bin/../lib/gcc/arm-none-eabi/10.3.1/thumb/v8-m.main+fp/hard\libgcc.a(_aeabi_ldivmod.o) (__aeabi_ldiv0)
c:/program files (x86)/gnu arm embedded toolchain/10 2021.10/bin/../lib/gcc/arm-none-eabi/10.3.1/../../../../arm-none-eabi/lib/thumb/v8-m.main+fp/hard\libg_nano.a(lib_a-errno.o)
                              ./ra/fsp/src/bsp/mcu/all/bsp_sbrk.o (__errno)
c:/program files (x86)/gnu arm embedded toolchain/10 2021.10/bin/../lib/gcc/arm-none-eabi/10.3.1/../../../../arm-none-eabi/lib/thumb/v8-m.main+fp/hard\libg_nano.a(lib_a-exit.o)
                              c:/program files (x86)/gnu arm embedded toolchain/10 2021.10/bin/../lib/gcc/arm-none-eabi/10.3.1/../../../../arm-none-eabi/lib/thumb/v8-m.main+fp/hard/rdimon-crt0.o (exit)
c:/program files (x86)/gnu arm embedded toolchain/10 2021.10/bin/../lib/gcc/arm-none-eabi/10.3.1/../../../../arm-none-eabi/lib/thumb/v8-m.main+fp/hard\libg_nano.a(lib_a-impure.o)
                              c:/program files (x86)/gnu arm embedded toolchain/10 2021.10/bin/../lib/gcc/arm-none-eabi/10.3.1/../../../../arm-none-eabi/lib/thumb/v8-m.main+fp/hard\libg_nano.a(lib_a-exit.o) (_global_impure_ptr)
c:/program files (x86)/gnu arm embedded toolchain/10 2021.10/bin/../lib/gcc/arm-none-eabi/10.3.1/../../../../arm-none-eabi/lib/thumb/v8-m.main+fp/hard\libg_nano.a(lib_a-init.o)
                              c:/program files (x86)/gnu arm embedded toolchain/10 2021.10/bin/../lib/gcc/arm-none-eabi/10.3.1/../../../../arm-none-eabi/lib/thumb/v8-m.main+fp/hard/rdimon-crt0.o (__libc_init_array)
c:/program files (x86)/gnu arm embedded toolchain/10 2021.10/bin/../lib/gcc/arm-none-eabi/10.3.1/../../../../arm-none-eabi/lib/thumb/v8-m.main+fp/hard\libg_nano.a(lib_a-memcpy-stub.o)
                              ./ra/fsp/src/r_sci_uart/r_sci_uart.o (memcpy)
c:/program files (x86)/gnu arm embedded toolchain/10 2021.10/bin/../lib/gcc/arm-none-eabi/10.3.1/../../../../arm-none-eabi/lib/thumb/v8-m.main+fp/hard\libg_nano.a(lib_a-memset.o)
                              c:/program files (x86)/gnu arm embedded toolchain/10 2021.10/bin/../lib/gcc/arm-none-eabi/10.3.1/../../../../arm-none-eabi/lib/thumb/v8-m.main+fp/hard/rdimon-crt0.o (memset)
c:/program files (x86)/gnu arm embedded toolchain/10 2021.10/bin/../lib/gcc/arm-none-eabi/10.3.1/../../../../arm-none-eabi/lib/thumb/v8-m.main+fp/hard\librdimon_nano.a(rdimon-syscalls.o)
                              c:/program files (x86)/gnu arm embedded toolchain/10 2021.10/bin/../lib/gcc/arm-none-eabi/10.3.1/../../../../arm-none-eabi/lib/thumb/v8-m.main+fp/hard/rdimon-crt0.o (initialise_monitor_handles)
c:/program files (x86)/gnu arm embedded toolchain/10 2021.10/bin/../lib/gcc/arm-none-eabi/10.3.1/../../../../arm-none-eabi/lib/thumb/v8-m.main+fp/hard\librdimon_nano.a(rdimon-_exit.o)
                              c:/program files (x86)/gnu arm embedded toolchain/10 2021.10/bin/../lib/gcc/arm-none-eabi/10.3.1/../../../../arm-none-eabi/lib/thumb/v8-m.main+fp/hard\libg_nano.a(lib_a-exit.o) (_exit)
c:/program files (x86)/gnu arm embedded toolchain/10 2021.10/bin/../lib/gcc/arm-none-eabi/10.3.1/../../../../arm-none-eabi/lib/thumb/v8-m.main+fp/hard\librdimon_nano.a(rdimon-_kill.o)
                              c:/program files (x86)/gnu arm embedded toolchain/10 2021.10/bin/../lib/gcc/arm-none-eabi/10.3.1/../../../../arm-none-eabi/lib/thumb/v8-m.main+fp/hard\librdimon_nano.a(rdimon-_exit.o) (_kill_shared)
c:/program files (x86)/gnu arm embedded toolchain/10 2021.10/bin/../lib/gcc/arm-none-eabi/10.3.1/../../../../arm-none-eabi/lib/thumb/v8-m.main+fp/hard\libc_nano.a(lib_a-findfp.o)
                              c:/program files (x86)/gnu arm embedded toolchain/10 2021.10/bin/../lib/gcc/arm-none-eabi/10.3.1/../../../../arm-none-eabi/lib/thumb/v8-m.main+fp/hard\librdimon_nano.a(rdimon-syscalls.o) (__sinit)
[...]
Memory Configuration

Name             Origin             Length             Attributes
FLASH            0x00000000         0x00180000         xr
RAM              0x20000000         0x00080000         xrw
DATA_FLASH       0x08000000         0x00002000         xr
QSPI_FLASH       0x60000000         0x04000000         xr
OSPI_DEVICE_0    0x68000000         0x08000000         xr
OSPI_DEVICE_1    0x70000000         0x10000000         xr
SDRAM            0x90000000         0x00000000         xrw
OPTION_SETTING   0x0100a100         0x00000100         r
OPTION_SETTING_S 0x0100a200         0x00000100         r
ID_CODE          0x00000000         0x00000000         xr
*default*        0x00000000         0xffffffff

Linker script and memory map

LOAD c:/program files (x86)/gnu arm embedded toolchain/10 2021.10/bin/../lib/gcc/arm-none-eabi/10.3.1/thumb/v8-m.main+fp/hard/crti.o
LOAD c:/program files (x86)/gnu arm embedded toolchain/10 2021.10/bin/../lib/gcc/arm-none-eabi/10.3.1/thumb/v8-m.main+fp/hard/crtbegin.o
LOAD c:/program files (x86)/gnu arm embedded toolchain/10 2021.10/bin/../lib/gcc/arm-none-eabi/10.3.1/../../../../arm-none-eabi/lib/thumb/v8-m.main+fp/hard/rdimon-crt0.o
START GROUP
LOAD ./src/control_utils.o
LOAD ./src/hal_entry.o
LOAD ./src/hmi_control.o
LOAD ./src/modbus_crc.o
LOAD ./src/modbus_slave.o
LOAD ./src/serial_communication.o
LOAD ./src/wired_communication.o
LOAD ./ra_gen/common_data.o
LOAD ./ra_gen/hal_data.o
LOAD ./ra_gen/main.o
LOAD ./ra_gen/pin_data.o
LOAD ./ra_gen/vector_data.o
LOAD ./ra/fsp/src/r_sci_uart/r_sci_uart.o
LOAD ./ra/fsp/src/r_ioport/r_ioport.o
LOAD ./ra/fsp/src/r_gpt/r_gpt.o
LOAD ./ra/fsp/src/r_agt/r_agt.o
LOAD ./ra/fsp/src/r_adc/r_adc.o
LOAD ./ra/fsp/src/bsp/mcu/all/bsp_clocks.o
LOAD ./ra/fsp/src/bsp/mcu/all/bsp_common.o
LOAD ./ra/fsp/src/bsp/mcu/all/bsp_delay.o
LOAD ./ra/fsp/src/bsp/mcu/all/bsp_group_irq.o
LOAD ./ra/fsp/src/bsp/mcu/all/bsp_guard.o
LOAD ./ra/fsp/src/bsp/mcu/all/bsp_io.o
LOAD ./ra/fsp/src/bsp/mcu/all/bsp_irq.o
LOAD ./ra/fsp/src/bsp/mcu/all/bsp_register_protection.o
LOAD ./ra/fsp/src/bsp/mcu/all/bsp_rom_registers.o
LOAD ./ra/fsp/src/bsp/mcu/all/bsp_sbrk.o
LOAD ./ra/fsp/src/bsp/mcu/all/bsp_security.o
LOAD ./ra/fsp/src/bsp/cmsis/Device/RENESAS/Source/startup.o
LOAD ./ra/fsp/src/bsp/cmsis/Device/RENESAS/Source/system.o
END GROUP
START GROUP
LOAD c:/program files (x86)/gnu arm embedded toolchain/10 2021.10/bin/../lib/gcc/arm-none-eabi/10.3.1/thumb/v8-m.main+fp/hard\libgcc.a
LOAD c:/program files (x86)/gnu arm embedded toolchain/10 2021.10/bin/../lib/gcc/arm-none-eabi/10.3.1/../../../../arm-none-eabi/lib/thumb/v8-m.main+fp/hard\libg_nano.a
LOAD c:/program files (x86)/gnu arm embedded toolchain/10 2021.10/bin/../lib/gcc/arm-none-eabi/10.3.1/../../../../arm-none-eabi/lib/thumb/v8-m.main+fp/hard\libc_nano.a
END GROUP
START GROUP
LOAD c:/program files (x86)/gnu arm embedded toolchain/10 2021.10/bin/../lib/gcc/arm-none-eabi/10.3.1/thumb/v8-m.main+fp/hard\libgcc.a
LOAD c:/program files (x86)/gnu arm embedded toolchain/10 2021.10/bin/../lib/gcc/arm-none-eabi/10.3.1/../../../../arm-none-eabi/lib/thumb/v8-m.main+fp/hard\libc_nano.a
LOAD c:/program files (x86)/gnu arm embedded toolchain/10 2021.10/bin/../lib/gcc/arm-none-eabi/10.3.1/../../../../arm-none-eabi/lib/thumb/v8-m.main+fp/hard\librdimon_nano.a
END GROUP
START GROUP
LOAD c:/program files (x86)/gnu arm embedded toolchain/10 2021.10/bin/../lib/gcc/arm-none-eabi/10.3.1/thumb/v8-m.main+fp/hard\libgcc.a
LOAD c:/program files (x86)/gnu arm embedded toolchain/10 2021.10/bin/../lib/gcc/arm-none-eabi/10.3.1/../../../../arm-none-eabi/lib/thumb/v8-m.main+fp/hard\libc_nano.a
LOAD c:/program files (x86)/gnu arm embedded toolchain/10 2021.10/bin/../lib/gcc/arm-none-eabi/10.3.1/../../../../arm-none-eabi/lib/thumb/v8-m.main+fp/hard\librdimon_nano.a
END GROUP
LOAD c:/program files (x86)/gnu arm embedded toolchain/10 2021.10/bin/../lib/gcc/arm-none-eabi/10.3.1/thumb/v8-m.main+fp/hard/crtend.o
LOAD c:/program files (x86)/gnu arm embedded toolchain/10 2021.10/bin/../lib/gcc/arm-none-eabi/10.3.1/thumb/v8-m.main+fp/hard/crtn.o
                0x20000000                RAM_START = 0x20000000
                0x00080000                RAM_LENGTH = 0x80000
                0x00000000                FLASH_START = 0x0
                0x00180000                FLASH_LENGTH = 0x180000
                0x08000000                DATA_FLASH_START = 0x8000000
                0x00002000                DATA_FLASH_LENGTH = 0x2000
                0x0100a100                OPTION_SETTING_START = 0x100a100
                0x00000100                OPTION_SETTING_LENGTH = 0x100
                0x0100a200                OPTION_SETTING_S_START = 0x100a200
                0x00000100                OPTION_SETTING_S_LENGTH = 0x100
                0x00000000                ID_CODE_START = 0x0
                0x00000000                ID_CODE_LENGTH = 0x0
                0x90000000                SDRAM_START = 0x90000000
                0x00000000                SDRAM_LENGTH = 0x0
                0x60000000                QSPI_FLASH_START = 0x60000000
                0x04000000                QSPI_FLASH_LENGTH = 0x4000000
                0x68000000                OSPI_DEVICE_0_START = 0x68000000
                0x08000000                OSPI_DEVICE_0_LENGTH = 0x8000000
                0x70000000                OSPI_DEVICE_1_START = 0x70000000
                0x10000000                OSPI_DEVICE_1_LENGTH = 0x10000000
                0x04000000                QSPI_FLASH_PRV_LENGTH = DEFINED (QSPI_FLASH_SIZE)?ABSOLUTE (QSPI_FLASH_SIZE):ABSOLUTE (QSPI_FLASH_LENGTH)
                0x08000000                OSPI_DEVICE_0_PRV_LENGTH = DEFINED (OSPI_DEVICE_0_SIZE)?ABSOLUTE (OSPI_DEVICE_0_SIZE):ABSOLUTE (OSPI_DEVICE_0_LENGTH)
                0x10000000                OSPI_DEVICE_1_PRV_LENGTH = DEFINED (OSPI_DEVICE_1_SIZE)?ABSOLUTE (OSPI_DEVICE_1_SIZE):ABSOLUTE (OSPI_DEVICE_1_LENGTH)
                0x00000000                __RESERVE_NS_RAM = ((! (DEFINED (PROJECT_NONSECURE)) && DEFINED (RAM_NS_BUFFER_LENGTH)) && (OPTION_SETTING_S_LENGTH != 0x0))
                0x00000000                RAM_NS_BUFFER_BLOCK_LENGTH = DEFINED (RAM_NS_BUFFER_LENGTH)?ALIGN (RAM_NS_BUFFER_LENGTH, 0x2000):0x0
                0x00000000                RAM_NS_BUFFER_LENGTH = DEFINED (RAM_NS_BUFFER_LENGTH)?RAM_NS_BUFFER_LENGTH:0x0
                0x20080000                RAM_NS_BUFFER_START = ((RAM_START + RAM_LENGTH) - RAM_NS_BUFFER_LENGTH)
                0x20080000                RAM_NS_BUFFER_BLOCK_START = ((RAM_START + RAM_LENGTH) - RAM_NS_BUFFER_BLOCK_LENGTH)
                0x0100a180                OPTION_SETTING_START_NS = 0x100a180
                0x00000001                __bl_FSP_BOOTABLE_IMAGE = 0x1
                0x00000001                __bln_FSP_BOOTABLE_IMAGE = 0x1
                0x00000001                PROJECT_SECURE_OR_FLAT = ((! (DEFINED (PROJECT_NONSECURE)) && OPTION_SETTING_LENGTH) && ! (DEFINED (FSP_BOOTABLE_IMAGE)))
                0x00000000                USE_OPTION_SETTING_NS = (DEFINED (PROJECT_NONSECURE) && ! (DEFINED (FSP_BOOTABLE_IMAGE)))
                0x00000000                __bl_FLASH_IMAGE_START = ! (DEFINED (FLASH_BOOTLOADER_LENGTH))?0x0:(FLASH_APPLICATION_IMAGE_NUMBER == 0x1)?(FLASH_BOOTLOADER_LENGTH + FLASH_BOOTLOADER_HEADER_LENGTH):(((FLASH_BOOTLOADER_LENGTH + FLASH_BOOTLOADER_SCRATCH_LENGTH) + FLASH_APPLICATION_S_LENGTH) + FLASH_BOOTLOADER_HEADER_LENGTH)
                0x00000000                __bl_FLASH_IMAGE_LENGTH = ! (DEFINED (FLASH_BOOTLOADER_LENGTH))?0x0:(FLASH_APPLICATION_S_LENGTH - FLASH_BOOTLOADER_HEADER_LENGTH)
                0x00000000                __bl_FLASH_IMAGE_END = (__bl_FLASH_IMAGE_START + __bl_FLASH_IMAGE_LENGTH)
                0x00000000                __bl_FLASH_NS_START = ! (DEFINED (FLASH_BOOTLOADER_LENGTH))?0x0:(FLASH_APPLICATION_NS_LENGTH == 0x0)?__bl_FLASH_IMAGE_END:((__bl_FLASH_IMAGE_START - FLASH_BOOTLOADER_HEADER_LENGTH) + FLASH_APPLICATION_S_LENGTH)
                0x00000000                __bl_FLASH_NSC_START = ! (DEFINED (FLASH_BOOTLOADER_LENGTH))?0x0:(FLASH_APPLICATION_NS_LENGTH == 0x0)?__bl_FLASH_IMAGE_END:(__bl_FLASH_NS_START - FLASH_APPLICATION_NSC_LENGTH)
                0x00000000                __bl_RAM_NS_START = ! (DEFINED (FLASH_BOOTLOADER_LENGTH))?0x0:(FLASH_APPLICATION_NS_LENGTH == 0x0)?(RAM_START + RAM_LENGTH):((RAM_START + RAM_LENGTH) - RAM_APPLICATION_NS_LENGTH)
                0x00000000                __bl_RAM_NSC_START = ! (DEFINED (FLASH_BOOTLOADER_LENGTH))?0x0:(FLASH_APPLICATION_NS_LENGTH == 0x0)?(RAM_START + RAM_LENGTH):(__bl_RAM_NS_START - RAM_APPLICATION_NSC_LENGTH)
                0x00000000                __bl_FLASH_NS_IMAGE_START = ! (DEFINED (FLASH_BOOTLOADER_LENGTH))?0x0:(FLASH_APPLICATION_NS_LENGTH == 0x0)?__bl_FLASH_IMAGE_END:(__bl_FLASH_NS_START + FLASH_BOOTLOADER_HEADER_LENGTH_2)
                0x00000000                __bln_FLASH_IMAGE_START = __bl_FLASH_NS_IMAGE_START
                0x00000000                __bln_FLASH_IMAGE_LENGTH = ! (DEFINED (FLASH_BOOTLOADER_LENGTH))?0x0:(FLASH_APPLICATION_NS_LENGTH == 0x0)?__bl_FLASH_IMAGE_END:(FLASH_APPLICATION_NS_LENGTH - FLASH_BOOTLOADER_HEADER_LENGTH_2)
                0x00000000                FLASH_ORIGIN = DEFINED (FLASH_IMAGE_START)?FLASH_IMAGE_START:FLASH_START
                0x00180000                LIMITED_FLASH_LENGTH = DEFINED (FLASH_IMAGE_LENGTH)?FLASH_IMAGE_LENGTH:DEFINED (FLASH_BOOTLOADER_LENGTH)?FLASH_BOOTLOADER_LENGTH:FLASH_LENGTH
START GROUP
LOAD c:/program files (x86)/gnu arm embedded toolchain/10 2021.10/bin/../lib/gcc/arm-none-eabi/10.3.1/thumb/v8-m.main+fp/hard\libgcc.a
LOAD c:/program files (x86)/gnu arm embedded toolchain/10 2021.10/bin/../lib/gcc/arm-none-eabi/10.3.1/../../../../arm-none-eabi/lib/thumb/v8-m.main+fp/hard\libc.a
LOAD c:/program files (x86)/gnu arm embedded toolchain/10 2021.10/bin/../lib/gcc/arm-none-eabi/10.3.1/../../../../arm-none-eabi/lib/thumb/v8-m.main+fp/hard\libm.a
LOAD c:/program files (x86)/gnu arm embedded toolchain/10 2021.10/bin/../lib/gcc/arm-none-eabi/10.3.1/../../../../arm-none-eabi/lib/thumb/v8-m.main+fp/hard\libnosys.a
END GROUP

.text           0x00000000     0x23a4
                0x00000000                __tz_FLASH_S = ABSOLUTE (FLASH_START)
                0x00000000                __ROM_Start = .
 *(.fixed_vectors*)
 .fixed_vectors
                0x00000000       0x40 ./ra/fsp/src/bsp/cmsis/Device/RENESAS/Source/startup.o
                0x00000000                __Vectors
 *(.application_vectors*)
 .application_vectors
                0x00000040      0x180 ./ra_gen/vector_data.o
                0x00000040                g_vector_table
                0x000001c0                __Vectors_End = .
                0x000001c0                . = (OPTION_SETTING_LENGTH > 0x0)?.:(__ROM_Start + 0x400)
 *(.rom_registers*)
                0x000001c0                . = (OPTION_SETTING_LENGTH > 0x0)?.:(__ROM_Start + 0x500)
                0x00000200                . = ALIGN (0x80)
 *fill*         0x000001c0       0x40 ff
 *(.mcuboot_sce9_key*)
 *(.text*)
 .text          0x00000200       0x40 c:/program files (x86)/gnu arm embedded toolchain/10 2021.10/bin/../lib/gcc/arm-none-eabi/10.3.1/thumb/v8-m.main+fp/hard/crtbegin.o
 .text.convert_adc_to_ph
                0x00000240       0x58 ./src/control_utils.o
                0x00000240                convert_adc_to_ph
 .text.convert_adc_to_cond
                0x00000298       0x58 ./src/control_utils.o
                0x00000298                convert_adc_to_cond
 .text.convert_ph_to_adc
                0x000002f0       0x54 ./src/control_utils.o
                0x000002f0                convert_ph_to_adc
 .text.convert_cond_to_adc
                0x00000344       0x54 ./src/control_utils.o
                0x00000344                convert_cond_to_adc
 .text.count_micros
                0x00000398       0x24 ./src/hal_entry.o
                0x00000398                count_micros
 .text.hal_entry
                0x000003bc      0x4f0 ./src/hal_entry.o
                0x000003bc                hal_entry
 .text.R_BSP_WarmStart
                0x000008ac       0x18 ./src/hal_entry.o
                0x000008ac                R_BSP_WarmStart
 .text.determine_bcd
                0x000008c4       0x9c ./src/hmi_control.o
                0x000008c4                determine_bcd
 .text.handle_hmi
                0x00000960       0xc8 ./src/hmi_control.o
                0x00000960                handle_hmi
 .text.handle_uart
                0x00000a28      0x104 ./src/serial_communication.o
                0x00000a28                handle_uart
 .text.uart_cb  0x00000b2c       0x34 ./src/serial_communication.o
                0x00000b2c                uart_cb
 .text.startup.main
                0x00000b60        0xc ./ra_gen/main.o
                0x00000b60                main
 .text.R_SCI_UART_Write
                0x00000b6c       0xd4 ./ra/fsp/src/r_sci_uart/r_sci_uart.o
                0x00000b6c                R_SCI_UART_Write
 .text.r_sci_uart_call_callback
                0x00000c40       0x44 ./ra/fsp/src/r_sci_uart/r_sci_uart.o
 .text.r_sci_negate_de_pin.isra.0
                0x00000c84       0x8c ./ra/fsp/src/r_sci_uart/r_sci_uart.o
 .text.R_SCI_UART_Open
                0x00000d10      0x33c ./ra/fsp/src/r_sci_uart/r_sci_uart.o
                0x00000d10                R_SCI_UART_Open
 .text.sci_uart_txi_isr
                0x0000104c       0x8c ./ra/fsp/src/r_sci_uart/r_sci_uart.o
                0x0000104c                sci_uart_txi_isr
 .text.sci_uart_rxi_isr
                0x000010d8       0x8c ./ra/fsp/src/r_sci_uart/r_sci_uart.o
                0x000010d8                sci_uart_rxi_isr
 .text.sci_uart_tei_isr
                0x00001164       0x48 ./ra/fsp/src/r_sci_uart/r_sci_uart.o
                0x00001164                sci_uart_tei_isr
 .text.sci_uart_eri_isr
                0x000011ac       0x74 ./ra/fsp/src/r_sci_uart/r_sci_uart.o
                0x000011ac                sci_uart_eri_isr
 .text.R_IOPORT_Close
                0x00001220        0xc ./ra/fsp/src/r_ioport/r_ioport.o
                0x00001220                R_IOPORT_Close
 .text.R_IOPORT_PinRead
                0x0000122c       0x24 ./ra/fsp/src/r_ioport/r_ioport.o
                0x0000122c                R_IOPORT_PinRead
 .text.R_IOPORT_PortRead
                0x00001250       0x14 ./ra/fsp/src/r_ioport/r_ioport.o
                0x00001250                R_IOPORT_PortRead
 .text.R_IOPORT_PortWrite
                0x00001264       0x1c ./ra/fsp/src/r_ioport/r_ioport.o
                0x00001264                R_IOPORT_PortWrite
 .text.R_IOPORT_PinWrite
                0x00001280       0x20 ./ra/fsp/src/r_ioport/r_ioport.o
                0x00001280                R_IOPORT_PinWrite
 .text.R_IOPORT_PortDirectionSet
                0x000012a0       0x2c ./ra/fsp/src/r_ioport/r_ioport.o
                0x000012a0                R_IOPORT_PortDirectionSet
 .text.R_IOPORT_PortEventInputRead
                0x000012cc       0x18 ./ra/fsp/src/r_ioport/r_ioport.o
                0x000012cc                R_IOPORT_PortEventInputRead
 .text.R_IOPORT_PinEventInputRead
                0x000012e4       0x38 ./ra/fsp/src/r_ioport/r_ioport.o
                0x000012e4                R_IOPORT_PinEventInputRead
 .text.R_IOPORT_PortEventOutputWrite
                0x0000131c       0x1c ./ra/fsp/src/r_ioport/r_ioport.o
                0x0000131c                R_IOPORT_PortEventOutputWrite
 .text.R_IOPORT_PinEventOutputWrite
                0x00001338       0x4c ./ra/fsp/src/r_ioport/r_ioport.o
                0x00001338                R_IOPORT_PinEventOutputWrite
 .text.bsp_vbatt_init
                0x00001384       0xac ./ra/fsp/src/r_ioport/r_ioport.o
 .text.r_ioport_pins_config
                0x00001430       0xc0 ./ra/fsp/src/r_ioport/r_ioport.o
 .text.R_IOPORT_Open
                0x000014f0       0x14 ./ra/fsp/src/r_ioport/r_ioport.o
                0x000014f0                R_IOPORT_Open
 .text.R_IOPORT_PinsCfg
                0x00001504        0xc ./ra/fsp/src/r_ioport/r_ioport.o
                0x00001504                R_IOPORT_PinsCfg
 .text.R_IOPORT_PinCfg
                0x00001510       0xa8 ./ra/fsp/src/r_ioport/r_ioport.o
                0x00001510                R_IOPORT_PinCfg
 .text.R_GPT_Start
                0x000015b8        0xc ./ra/fsp/src/r_gpt/r_gpt.o
                0x000015b8                R_GPT_Start
 .text.r_gpt_enable_irq
                0x000015c4       0x5c ./ra/fsp/src/r_gpt/r_gpt.o
 .text.R_GPT_Open
                0x00001620      0x10c ./ra/fsp/src/r_gpt/r_gpt.o
                0x00001620                R_GPT_Open
 .text.r_gpt_call_callback
                0x0000172c       0x3c ./ra/fsp/src/r_gpt/r_gpt.o
 .text.gpt_counter_overflow_isr
                0x00001768       0x7c ./ra/fsp/src/r_gpt/r_gpt.o
                0x00001768                gpt_counter_overflow_isr
 .text.R_ADC_ScanStart
                0x000017e4        0xc ./ra/fsp/src/r_adc/r_adc.o
                0x000017e4                R_ADC_ScanStart
 .text.R_ADC_StatusGet
                0x000017f0       0x10 ./ra/fsp/src/r_adc/r_adc.o
                0x000017f0                R_ADC_StatusGet
 .text.R_ADC_Read
                0x00001800       0x10 ./ra/fsp/src/r_adc/r_adc.o
                0x00001800                R_ADC_Read
 .text.R_ADC_ScanCfg
                0x00001810      0x1d8 ./ra/fsp/src/r_adc/r_adc.o
                0x00001810                R_ADC_ScanCfg
 .text.R_ADC_Open
                0x000019e8      0x21c ./ra/fsp/src/r_adc/r_adc.o
                0x000019e8                R_ADC_Open
 .text.SystemCoreClockUpdate
                0x00001c04       0x28 ./ra/fsp/src/bsp/mcu/all/bsp_clocks.o
                0x00001c04                SystemCoreClockUpdate
 .text.bsp_clock_init
                0x00001c2c      0x108 ./ra/fsp/src/bsp/mcu/all/bsp_clocks.o
                0x00001c2c                bsp_clock_init
 .text.bsp_init_internal
                0x00001d34        0x4 ./ra/fsp/src/bsp/mcu/all/bsp_common.o
                0x00001d34                bsp_init_internal
                0x00001d34                bsp_init
 .text.bsp_prv_software_delay_loop
                0x00001d38        0xc ./ra/fsp/src/bsp/mcu/all/bsp_delay.o
                0x00001d38                bsp_prv_software_delay_loop
 .text.R_BSP_SoftwareDelay
                0x00001d44       0x68 ./ra/fsp/src/bsp/mcu/all/bsp_delay.o
                0x00001d44                R_BSP_SoftwareDelay
 .text.NMI_Handler
                0x00001dac       0x38 ./ra/fsp/src/bsp/mcu/all/bsp_group_irq.o
                0x00001dac                NMI_Handler
 .text.bsp_irq_cfg
                0x00001de4       0xa0 ./ra/fsp/src/bsp/mcu/all/bsp_irq.o
                0x00001de4                bsp_irq_cfg
 .text.R_BSP_RegisterProtectEnable
                0x00001e84       0x60 ./ra/fsp/src/bsp/mcu/all/bsp_register_protection.o
                0x00001e84                R_BSP_RegisterProtectEnable
 .text.R_BSP_RegisterProtectDisable
                0x00001ee4       0x54 ./ra/fsp/src/bsp/mcu/all/bsp_register_protection.o
                0x00001ee4                R_BSP_RegisterProtectDisable
 .text.Default_Handler
                0x00001f38        0x4 ./ra/fsp/src/bsp/cmsis/Device/RENESAS/Source/startup.o
                0x00001f38                DebugMon_Handler
                0x00001f38                HardFault_Handler
                0x00001f38                SysTick_Handler
                0x00001f38                PendSV_Handler
                0x00001f38                UsageFault_Handler
                0x00001f38                SecureFault_Handler
                0x00001f38                Default_Handler
                0x00001f38                MemManage_Handler
                0x00001f38                SVC_Handler
                0x00001f38                BusFault_Handler
 .text.Reset_Handler
                0x00001f3c        0xc ./ra/fsp/src/bsp/cmsis/Device/RENESAS/Source/startup.o
                0x00001f3c                Reset_Handler
 .text.SystemInit
                0x00001f48       0xc0 ./ra/fsp/src/bsp/cmsis/Device/RENESAS/Source/system.o
                0x00001f48                SystemInit
 .text.memcpy   0x00002008       0x1a c:/program files (x86)/gnu arm embedded toolchain/10 2021.10/bin/../lib/gcc/arm-none-eabi/10.3.1/../../../../arm-none-eabi/lib/thumb/v8-m.main+fp/hard\libg_nano.a(lib_a-memcpy-stub.o)
                0x00002008                memcpy
 .text.memset   0x00002022       0x10 c:/program files (x86)/gnu arm embedded toolchain/10 2021.10/bin/../lib/gcc/arm-none-eabi/10.3.1/../../../../arm-none-eabi/lib/thumb/v8-m.main+fp/hard\libg_nano.a(lib_a-memset.o)
                0x00002022                memset
 *(.version)
 *fill*         0x00002032        0x2 ff
 .version       0x00002034       0x50 ./ra/fsp/src/bsp/mcu/all/bsp_common.o
 *(.init)
 .init          0x00002084        0x4 c:/program files (x86)/gnu arm embedded toolchain/10 2021.10/bin/../lib/gcc/arm-none-eabi/10.3.1/thumb/v8-m.main+fp/hard/crti.o
                0x00002084                _init
 .init          0x00002088        0x8 c:/program files (x86)/gnu arm embedded toolchain/10 2021.10/bin/../lib/gcc/arm-none-eabi/10.3.1/thumb/v8-m.main+fp/hard/crtn.o
 *(.fini)
 .fini          0x00002090        0x4 c:/program files (x86)/gnu arm embedded toolchain/10 2021.10/bin/../lib/gcc/arm-none-eabi/10.3.1/thumb/v8-m.main+fp/hard/crti.o
                0x00002090                _fini
 .fini          0x00002094        0x8 c:/program files (x86)/gnu arm embedded toolchain/10 2021.10/bin/../lib/gcc/arm-none-eabi/10.3.1/thumb/v8-m.main+fp/hard/crtn.o
 *crtbegin.o(.ctors)
 *crtbegin?.o(.ctors)
 *(EXCLUDE_FILE(*crtend.o *crtend?.o) .ctors)
 *(SORT_BY_NAME(.ctors.*))
 *(.ctors)
 *crtbegin.o(.dtors)
 *crtbegin?.o(.dtors)
 *(EXCLUDE_FILE(*crtend.o *crtend?.o) .dtors)
 *(SORT_BY_NAME(.dtors.*))
 *(.dtors)
 *(.rodata*)
 .rodata.bcd_pins
                0x0000209c       0x10 ./src/hmi_control.o
 .rodata.digit_enable_pins
                0x000020ac        0xc ./src/hmi_control.o
 .rodata.g_ioport
                0x000020b8        0xc ./ra_gen/common_data.o
                0x000020b8                g_ioport
 .rodata.g_adc0_cfg
                0x000020c4       0x18 ./ra_gen/hal_data.o
                0x000020c4                g_adc0_cfg
 .rodata.g_adc0_cfg_extend
                0x000020dc        0xa ./ra_gen/hal_data.o
                0x000020dc                g_adc0_cfg_extend
 *fill*         0x000020e6        0x2 ff
 .rodata.g_adc0_channel_cfg
                0x000020e8       0x14 ./ra_gen/hal_data.o
                0x000020e8                g_adc0_channel_cfg
 .rodata.g_timer0_cfg
                0x000020fc       0x20 ./ra_gen/hal_data.o
                0x000020fc                g_timer0_cfg
 .rodata.g_timer0_extend
                0x0000211c       0x30 ./ra_gen/hal_data.o
                0x0000211c                g_timer0_extend
 .rodata.g_uart0_cfg
                0x0000214c       0x20 ./ra_gen/hal_data.o
                0x0000214c                g_uart0_cfg
 .rodata.g_uart0_cfg_extend
                0x0000216c       0x14 ./ra_gen/hal_data.o
                0x0000216c                g_uart0_cfg_extend
 .rodata.g_bsp_pin_cfg
                0x00002180        0x8 ./ra_gen/pin_data.o
                0x00002180                g_bsp_pin_cfg
 .rodata.g_bsp_pin_cfg_data
                0x00002188      0x110 ./ra_gen/pin_data.o
                0x00002188                g_bsp_pin_cfg_data
 .rodata.g_interrupt_event_link_select
                0x00002298       0xc0 ./ra_gen/vector_data.o
                0x00002298                g_interrupt_event_link_select
 .rodata.g_ioport_on_ioport
                0x00002358       0x34 ./ra/fsp/src/r_ioport/r_ioport.o
                0x00002358                g_ioport_on_ioport
 .rodata.adc_elc_trigger_lut
                0x0000238c        0xc ./ra/fsp/src/r_adc/r_adc.o
 .rodata.g_prcr_masks
                0x00002398        0x8 ./ra/fsp/src/bsp/mcu/all/bsp_register_protection.o
                0x000023a0                __usb_dev_descriptor_start_fs = .
 *(.usb_device_desc_fs*)
                0x000023a0                __usb_cfg_descriptor_start_fs = .
 *(.usb_config_desc_fs*)
                0x000023a0                __usb_interface_descriptor_start_fs = .
 *(.usb_interface_desc_fs*)
                0x000023a0                __usb_descriptor_end_fs = .
                0x000023a0                __usb_dev_descriptor_start_hs = .
 *(.usb_device_desc_hs*)
                0x000023a0                __usb_cfg_descriptor_start_hs = .
 *(.usb_config_desc_hs*)
                0x000023a0                __usb_interface_descriptor_start_hs = .
 *(.usb_interface_desc_hs*)
                0x000023a0                __usb_descriptor_end_hs = .
 *(.eh_frame*)
 .eh_frame      0x000023a0        0x0 c:/program files (x86)/gnu arm embedded toolchain/10 2021.10/bin/../lib/gcc/arm-none-eabi/10.3.1/thumb/v8-m.main+fp/hard/crtbegin.o
 .eh_frame      0x000023a0        0x4 c:/program files (x86)/gnu arm embedded toolchain/10 2021.10/bin/../lib/gcc/arm-none-eabi/10.3.1/thumb/v8-m.main+fp/hard/crtend.o
                0x000023a4                __ROM_End = .
                0x000001c0                __Vectors_Size = (__Vectors_End - __Vectors)

.glue_7         0x000023a4        0x0
 .glue_7        0x000023a4        0x0 linker stubs

.glue_7t        0x000023a4        0x0
 .glue_7t       0x000023a4        0x0 linker stubs

.vfp11_veneer   0x000023a4        0x0
 .vfp11_veneer  0x000023a4        0x0 linker stubs

.v4_bx          0x000023a4        0x0
 .v4_bx         0x000023a4        0x0 linker stubs

.iplt           0x000023a4        0x0
 .iplt          0x000023a4        0x0 c:/program files (x86)/gnu arm embedded toolchain/10 2021.10/bin/../lib/gcc/arm-none-eabi/10.3.1/thumb/v8-m.main+fp/hard/crtbegin.o

.ARM.extab
 *(.ARM.extab* .gnu.linkonce.armextab.*)
                0x000023a4                __exidx_start = .

.ARM.exidx
 *(.ARM.exidx* .gnu.linkonce.armexidx.*)
                0x000023a4                __exidx_end = .
                0x000023a4                __etext = .
                0x20000000                __tz_RAM_S = ORIGIN (RAM)

.fsp_dtc_vector_table
                0x20000000        0x0
                0x20000000                . = ORIGIN (RAM)
 *(.fsp_dtc_vector_table)

.data           0x20000000        0xc load address 0x000023a4
                0x20000000                __data_start__ = .
                0x20000000                . = ALIGN (0x4)
                0x20000000                __Code_In_RAM_Start = .
 *(.code_in_ram*)
                0x20000000                __Code_In_RAM_End = .
 *(vtable)
 *(.data.*)
 .data.g_uart0_baud_setting
                0x20000000        0x4 ./ra_gen/hal_data.o
                0x20000000                g_uart0_baud_setting
 *(.data)
                0x20000004                . = ALIGN (0x4)
                0x20000004                PROVIDE (__preinit_array_start = .)
 *(.preinit_array)
                0x20000004                PROVIDE (__preinit_array_end = .)
                0x20000004                . = ALIGN (0x4)
                0x20000004                PROVIDE (__init_array_start = .)
 *(SORT_BY_NAME(.init_array.*))
 *(.init_array)
 .init_array    0x20000004        0x4 c:/program files (x86)/gnu arm embedded toolchain/10 2021.10/bin/../lib/gcc/arm-none-eabi/10.3.1/thumb/v8-m.main+fp/hard/crtbegin.o
                0x20000008                PROVIDE (__init_array_end = .)
                0x20000008                . = ALIGN (0x4)
                [!provide]                PROVIDE (__fini_array_start = .)
 *(SORT_BY_NAME(.fini_array.*))
 *(.fini_array)
 .fini_array    0x20000008        0x4 c:/program files (x86)/gnu arm embedded toolchain/10 2021.10/bin/../lib/gcc/arm-none-eabi/10.3.1/thumb/v8-m.main+fp/hard/crtbegin.o
                [!provide]                PROVIDE (__fini_array_end = .)
 *(.jcr*)
                0x2000000c                . = ALIGN (0x4)
                0x2000000c                __data_end__ = .

.igot.plt       0x2000000c        0x0 load address 0x000023b0
 .igot.plt      0x2000000c        0x0 c:/program files (x86)/gnu arm embedded toolchain/10 2021.10/bin/../lib/gcc/arm-none-eabi/10.3.1/thumb/v8-m.main+fp/hard/crtbegin.o

.gnu.sgstubs    0x00002400        0x0
                0x00002400                . = (DEFINED (PROJECT_SECURE) && DEFINED (FLASH_NSC_START))?ABSOLUTE (FLASH_NSC_START):ALIGN (0x400)
                0x00002400                __tz_FLASH_C = DEFINED (FLASH_NSC_START)?ABSOLUTE (FLASH_NSC_START):__RESERVE_NS_RAM?ABSOLUTE ((FLASH_START + FLASH_LENGTH)):ALIGN (0x400)
                0x00002400                _start_sg = .
 *(.gnu.sgstubs*)
                0x00002400                . = ALIGN (0x20)
                0x00002400                _end_sg = .
                0x00008000                __tz_FLASH_N = DEFINED (FLASH_NS_START)?ABSOLUTE (FLASH_NS_START):__RESERVE_NS_RAM?ABSOLUTE ((FLASH_START + FLASH_LENGTH)):ALIGN (0x8000)
                0x00008000                FLASH_NS_IMAGE_START = DEFINED (FLASH_NS_IMAGE_START)?FLASH_NS_IMAGE_START:__tz_FLASH_N
                0x60000000                __tz_QSPI_FLASH_S = ORIGIN (QSPI_FLASH)

.qspi_flash     0x60000000        0x0
                0x60000000                __qspi_flash_start__ = .
 *(.qspi_flash*)
 *(.code_in_qspi*)
                0x60000000                __qspi_flash_end__ = .
                0x00000000                __qspi_flash_code_size__ = (__qspi_flash_end__ - __qspi_flash_start__)
                0x000023b0                __qspi_flash_code_addr__ = (__etext + (__data_end__ - __data_start__))

.qspi_non_retentive
                0x60000000        0x0 load address 0x000023b0
                0x60000000                __qspi_non_retentive_start__ = .
 *(.qspi_non_retentive*)
                0x60000000                __qspi_non_retentive_end__ = .
                0x00000000                __qspi_non_retentive_size__ = (__qspi_non_retentive_end__ - __qspi_non_retentive_start__)
                0x04000000                __qspi_region_max_size__ = 0x4000000
                0x60000000                __qspi_region_start_address__ = __qspi_flash_start__
                0x64000000                __qspi_region_end_address__ = (__qspi_flash_start__ + __qspi_region_max_size__)
                0x60000000                __tz_QSPI_FLASH_N = __qspi_non_retentive_end__
                0x68000000                __tz_OSPI_DEVICE_0_S = ORIGIN (OSPI_DEVICE_0)

.OSPI_DEVICE_0  0x68000000        0x0
                0x68000000                __ospi_device_0_start__ = .
 *(.ospi_device_0*)
 *(.code_in_ospi_device_0*)
                0x68000000                __ospi_device_0_end__ = .
                0x00000000                __ospi_device_0_code_size__ = (__ospi_device_0_end__ - __ospi_device_0_start__)
                0x000023b0                __ospi_device_0_code_addr__ = (__etext + (__data_end__ - __data_start__))

.ospi_device_0_non_retentive
                0x68000000        0x0 load address 0x000023b0
                0x68000000                __ospi_device_0_non_retentive_start__ = .
 *(.ospi_device_0_non_retentive*)
                0x68000000                __ospi_device_0_non_retentive_end__ = .
                0x00000000                __ospi_device_0_non_retentive_size__ = (__ospi_device_0_non_retentive_end__ - __ospi_device_0_non_retentive_start__)
                0x08000000                __ospi_device_0_region_max_size__ = 0x8000000
                0x68000000                __ospi_device_0_region_start_address__ = __ospi_device_0_start__
                0x70000000                __ospi_device_0_region_end_address__ = (__ospi_device_0_start__ + __ospi_device_0_region_max_size__)
                0x68000000                __tz_OSPI_DEVICE_0_N = __ospi_device_0_non_retentive_end__
                0x70000000                __tz_OSPI_DEVICE_1_S = ORIGIN (OSPI_DEVICE_1)

.OSPI_DEVICE_1  0x70000000        0x0
                0x70000000                __ospi_device_1_start__ = .
 *(.ospi_device_1*)
 *(.code_in_ospi_device_1*)
                0x70000000                __ospi_device_1_end__ = .
                0x00000000                __ospi_device_1_code_size__ = (__ospi_device_1_end__ - __ospi_device_1_start__)
                0x000023b0                __ospi_device_1_code_addr__ = (__etext + (__data_end__ - __data_start__))

.ospi_device_1_non_retentive
                0x70000000        0x0 load address 0x000023b0
                0x70000000                __ospi_device_1_non_retentive_start__ = .
 *(.ospi_device_1_non_retentive*)
                0x70000000                __ospi_device_1_non_retentive_end__ = .
                0x00000000                __ospi_device_1_non_retentive_size__ = (__ospi_device_1_non_retentive_end__ - __ospi_device_1_non_retentive_start__)
                0x10000000                __ospi_device_1_region_max_size__ = 0x10000000
                0x70000000                __ospi_device_1_region_start_address__ = __ospi_device_1_start__
                0x80000000                __ospi_device_1_region_end_address__ = (__ospi_device_1_start__ + __ospi_device_1_region_max_size__)
                0x70000000                __tz_OSPI_DEVICE_1_N = __ospi_device_1_non_retentive_end__

.noinit         0x2000000c       0x1c
                0x2000000c                . = ALIGN (0x4)
                0x2000000c                __noinit_start = .
 *(.noinit*)
 .noinit        0x2000000c       0x1c ./ra/fsp/src/bsp/mcu/all/bsp_clocks.o
                0x20000028                . = ALIGN (0x8)
 *(.heap.*)
                0x20000028                __noinit_end = .

.bss            0x20000028      0x28c
                0x20000028                . = ALIGN (0x4)
                0x20000028                __bss_start__ = .
 *(.bss*)
 .bss           0x20000028       0x1c c:/program files (x86)/gnu arm embedded toolchain/10 2021.10/bin/../lib/gcc/arm-none-eabi/10.3.1/thumb/v8-m.main+fp/hard/crtbegin.o
 *fill*         0x20000044        0x4 
 .bss.micros    0x20000048        0x8 ./src/hal_entry.o
 .bss.bcd_values_arr
                0x20000050        0xc ./src/hmi_control.o
 .bss.cached_reading
                0x2000005c        0x2 ./src/hmi_control.o
 .bss.current_digit
                0x2000005e        0x2 ./src/hmi_control.o
 .bss.conductivity_arr
                0x20000060        0x3 ./src/serial_communication.o
 .bss.g_uart_event
                0x20000063        0x1 ./src/serial_communication.o
 .bss.send_diagnostics_update
                0x20000064        0x1 ./src/serial_communication.o
 .bss.send_measurement_update
                0x20000065        0x1 ./src/serial_communication.o
 *fill*         0x20000066        0x2 
 .bss.g_ioport_ctrl
                0x20000068        0x8 ./ra_gen/common_data.o
                0x20000068                g_ioport_ctrl
 .bss.g_adc0_ctrl
                0x20000070       0x24 ./ra_gen/hal_data.o
                0x20000070                g_adc0_ctrl
 .bss.g_timer0_ctrl
                0x20000094       0x20 ./ra_gen/hal_data.o
                0x20000094                g_timer0_ctrl
 .bss.g_uart0_ctrl
                0x200000b4       0x30 ./ra_gen/hal_data.o
                0x200000b4                g_uart0_ctrl
 .bss.g_bsp_group_irq_sources
                0x200000e4       0x40 ./ra/fsp/src/bsp/mcu/all/bsp_group_irq.o
                0x200000e4                g_bsp_group_irq_sources
 .bss.g_protect_pfswe_counter
                0x20000124        0x4 ./ra/fsp/src/bsp/mcu/all/bsp_io.o
                0x20000124                g_protect_pfswe_counter
 .bss.gp_renesas_isr_context
                0x20000128      0x180 ./ra/fsp/src/bsp/mcu/all/bsp_irq.o
                0x20000128                gp_renesas_isr_context
 .bss.g_protect_counters
                0x200002a8        0x8 ./ra/fsp/src/bsp/mcu/all/bsp_register_protection.o
                0x200002a8                g_protect_counters
 .bss.SystemCoreClock
                0x200002b0        0x4 ./ra/fsp/src/bsp/cmsis/Device/RENESAS/Source/system.o
                0x200002b0                SystemCoreClock
 *(COMMON)
                0x200002b4                . = ALIGN (0x4)
                0x200002b4                __bss_end__ = .

.heap           0x200002b4        0x4
                0x200002b8                . = ALIGN (0x8)
 *fill*         0x200002b4        0x4 
                0x200002b8                __HeapBase = .
 *(.heap)
                0x200002b8                __HeapLimit = .

.stack_dummy    0x200002b8     0x1600
                0x200002b8                . = ALIGN (0x8)
                0x200002b8                __StackLimit = .
 *(.stack)
 .stack         0x200002b8     0x1600 ./ra/fsp/src/bsp/cmsis/Device/RENESAS/Source/startup.o
                0x200018b8                __StackTop = .
 *(.stack*)
                0x200018b8                __StackTopAll = .
                0x200018b8                PROVIDE (__stack = __StackTopAll)
                0x200018b8                __RAM_segment_used_end__ = ALIGN (__StackTopAll, 0x4)
                0x20001c00                __tz_RAM_C = DEFINED (RAM_NSC_START)?ABSOLUTE (RAM_NSC_START):__RESERVE_NS_RAM?ABSOLUTE (RAM_NS_BUFFER_BLOCK_START):ALIGN (__RAM_segment_used_end__, 0x400)
                0x20002000                __tz_RAM_N = DEFINED (RAM_NS_START)?ABSOLUTE (RAM_NS_START):__RESERVE_NS_RAM?ABSOLUTE (RAM_NS_BUFFER_BLOCK_START):ALIGN (__tz_RAM_C, 0x2000)

.ns_buffer      0x200018b8        0x0
                0x200018b8                . = __RESERVE_NS_RAM?ABSOLUTE ((RAM_NS_BUFFER_START & 0xffffffe0)):.
 *(.ns_buffer*)

.data_flash     0x08000000        0x0
                0x08000000                . = ORIGIN (DATA_FLASH)
                0x08000000                __tz_DATA_FLASH_S = .
                0x08000000                __Data_Flash_Start = .
 *(.data_flash*)
                0x08000000                __Data_Flash_End = .
                0x08000000                __tz_DATA_FLASH_N = DEFINED (DATA_FLASH_NS_START)?ABSOLUTE (DATA_FLASH_NS_START):__RESERVE_NS_RAM?ABSOLUTE ((DATA_FLASH_START + DATA_FLASH_LENGTH)):ALIGN (0x400)
                0x90000000                __tz_SDRAM_S = ORIGIN (SDRAM)

.sdram          0x90000000        0x0
                0x90000000                __SDRAM_Start = .
 *(.sdram*)
 *(.frame*)
                0x90000000                __SDRAM_End = .
                0x90000000                __tz_SDRAM_N = __SDRAM_End
                0x00000000                __tz_ID_CODE_S = ORIGIN (ID_CODE)

.id_code        0x00000000        0x0
                0x00000000                __ID_Code_Start = .
 *(.id_code*)
                0x00000000                __ID_Code_End = .
                0x00000000                __tz_ID_CODE_N = __ID_Code_End
                0x0100a100                __tz_OPTION_SETTING_S = ORIGIN (OPTION_SETTING)

.option_setting
                0x0100a100       0x38
                0x0100a100                __OPTION_SETTING_Start = .
 *(.option_setting_ofs0)
 .option_setting_ofs0
                0x0100a100        0x4 ./ra/fsp/src/bsp/mcu/all/bsp_rom_registers.o
                0x0100a110                . = PROJECT_SECURE_OR_FLAT?(__OPTION_SETTING_Start + 0x10):__OPTION_SETTING_Start
 *fill*         0x0100a104        0xc ff
 *(.option_setting_dualsel)
 .option_setting_dualsel
                0x0100a110        0x4 ./ra/fsp/src/bsp/mcu/all/bsp_rom_registers.o
                0x0100a134                . = PROJECT_SECURE_OR_FLAT?(__OPTION_SETTING_Start + 0x34):__OPTION_SETTING_Start
 *fill*         0x0100a114       0x20 ff
 *(.option_setting_sas)
 .option_setting_sas
                0x0100a134        0x4 ./ra/fsp/src/bsp/mcu/all/bsp_rom_registers.o
                0x0100a138                __OPTION_SETTING_End = .
                0x0100a180                __tz_OPTION_SETTING_N = OPTION_SETTING_START_NS

.option_setting_ns
                0x0100a138        0x0
                0x0100a138                __OPTION_SETTING_NS_Start = .
 *(.option_setting_ofs1)
                0x0100a138                . = USE_OPTION_SETTING_NS?(__OPTION_SETTING_NS_Start + 0x10):__OPTION_SETTING_NS_Start
 *(.option_setting_banksel)
                0x0100a138                . = USE_OPTION_SETTING_NS?(__OPTION_SETTING_NS_Start + 0x40):__OPTION_SETTING_NS_Start
 *(.option_setting_bps0)
                0x0100a138                . = USE_OPTION_SETTING_NS?(__OPTION_SETTING_NS_Start + 0x44):__OPTION_SETTING_NS_Start
 *(.option_setting_bps1)
                0x0100a138                . = USE_OPTION_SETTING_NS?(__OPTION_SETTING_NS_Start + 0x48):__OPTION_SETTING_NS_Start
 *(.option_setting_bps2)
                0x0100a138                . = USE_OPTION_SETTING_NS?(__OPTION_SETTING_NS_Start + 0x60):__OPTION_SETTING_NS_Start
 *(.option_setting_pbps0)
                0x0100a138                . = USE_OPTION_SETTING_NS?(__OPTION_SETTING_NS_Start + 0x64):__OPTION_SETTING_NS_Start
 *(.option_setting_pbps1)
                0x0100a138                . = USE_OPTION_SETTING_NS?(__OPTION_SETTING_NS_Start + 0x68):__OPTION_SETTING_NS_Start
 *(.option_setting_pbps2)
                0x0100a138                __OPTION_SETTING_NS_End = .
                0x0100a200                __tz_OPTION_SETTING_S_S = ORIGIN (OPTION_SETTING_S)

.option_setting_s
                0x0100a200       0xcc
                0x0100a200                __OPTION_SETTING_S_Start = .
 *(.option_setting_ofs1_sec)
 .option_setting_ofs1_sec
                0x0100a200        0x4 ./ra/fsp/src/bsp/mcu/all/bsp_rom_registers.o
                0x0100a210                . = PROJECT_SECURE_OR_FLAT?(__OPTION_SETTING_S_Start + 0x10):__OPTION_SETTING_S_Start
 *fill*         0x0100a204        0xc ff
 *(.option_setting_banksel_sec)
 .option_setting_banksel_sec
                0x0100a210        0x4 ./ra/fsp/src/bsp/mcu/all/bsp_rom_registers.o
                0x0100a240                . = PROJECT_SECURE_OR_FLAT?(__OPTION_SETTING_S_Start + 0x40):__OPTION_SETTING_S_Start
 *fill*         0x0100a214       0x2c ff
 *(.option_setting_bps_sec0)
 .option_setting_bps_sec0
                0x0100a240        0x4 ./ra/fsp/src/bsp/mcu/all/bsp_rom_registers.o
                0x0100a244                . = PROJECT_SECURE_OR_FLAT?(__OPTION_SETTING_S_Start + 0x44):__OPTION_SETTING_S_Start
 *(.option_setting_bps_sec1)
 .option_setting_bps_sec1
                0x0100a244        0x4 ./ra/fsp/src/bsp/mcu/all/bsp_rom_registers.o
                0x0100a248                . = PROJECT_SECURE_OR_FLAT?(__OPTION_SETTING_S_Start + 0x48):__OPTION_SETTING_S_Start
 *(.option_setting_bps_sec2)
 .option_setting_bps_sec2
                0x0100a248        0x4 ./ra/fsp/src/bsp/mcu/all/bsp_rom_registers.o
                0x0100a260                . = PROJECT_SECURE_OR_FLAT?(__OPTION_SETTING_S_Start + 0x60):__OPTION_SETTING_S_Start
 *fill*         0x0100a24c       0x14 ff
 *(.option_setting_pbps_sec0)
 .option_setting_pbps_sec0
                0x0100a260        0x4 ./ra/fsp/src/bsp/mcu/all/bsp_rom_registers.o
                0x0100a264                . = PROJECT_SECURE_OR_FLAT?(__OPTION_SETTING_S_Start + 0x64):__OPTION_SETTING_S_Start
 *(.option_setting_pbps_sec1)
 .option_setting_pbps_sec1
                0x0100a264        0x4 ./ra/fsp/src/bsp/mcu/all/bsp_rom_registers.o
                0x0100a268                . = PROJECT_SECURE_OR_FLAT?(__OPTION_SETTING_S_Start + 0x68):__OPTION_SETTING_S_Start
 *(.option_setting_pbps_sec2)
 .option_setting_pbps_sec2
                0x0100a268        0x4 ./ra/fsp/src/bsp/mcu/all/bsp_rom_registers.o
                0x0100a280                . = PROJECT_SECURE_OR_FLAT?(__OPTION_SETTING_S_Start + 0x80):__OPTION_SETTING_S_Start
 *fill*         0x0100a26c       0x14 ff
 *(.option_setting_ofs1_sel)
 .option_setting_ofs1_sel
                0x0100a280        0x4 ./ra/fsp/src/bsp/mcu/all/bsp_rom_registers.o
                0x0100a290                . = PROJECT_SECURE_OR_FLAT?(__OPTION_SETTING_S_Start + 0x90):__OPTION_SETTING_S_Start
 *fill*         0x0100a284        0xc ff
 *(.option_setting_banksel_sel)
 .option_setting_banksel_sel
                0x0100a290        0x4 ./ra/fsp/src/bsp/mcu/all/bsp_rom_registers.o
                0x0100a2c0                . = PROJECT_SECURE_OR_FLAT?(__OPTION_SETTING_S_Start + 0xc0):__OPTION_SETTING_S_Start
 *fill*         0x0100a294       0x2c ff
 *(.option_setting_bps_sel0)
 .option_setting_bps_sel0
                0x0100a2c0        0x4 ./ra/fsp/src/bsp/mcu/all/bsp_rom_registers.o
                0x0100a2c4                . = PROJECT_SECURE_OR_FLAT?(__OPTION_SETTING_S_Start + 0xc4):__OPTION_SETTING_S_Start
 *(.option_setting_bps_sel1)
 .option_setting_bps_sel1
                0x0100a2c4        0x4 ./ra/fsp/src/bsp/mcu/all/bsp_rom_registers.o
                0x0100a2c8                . = PROJECT_SECURE_OR_FLAT?(__OPTION_SETTING_S_Start + 0xc8):__OPTION_SETTING_S_Start
 *(.option_setting_bps_sel2)
 .option_setting_bps_sel2
                0x0100a2c8        0x4 ./ra/fsp/src/bsp/mcu/all/bsp_rom_registers.o
                0x0100a2cc                __OPTION_SETTING_S_End = .
                0x0100a2cc                __tz_OPTION_SETTING_S_N = __OPTION_SETTING_S_End
OUTPUT(Aqua_CTRL_SW_V02.elf elf32-littlearm)
LOAD linker stubs

.rel.dyn        0x0100a2cc        0x0
 .rel.iplt      0x0100a2cc        0x0 c:/program files (x86)/gnu arm embedded toolchain/10 2021.10/bin/../lib/gcc/arm-none-eabi/10.3.1/thumb/v8-m.main+fp/hard/crtbegin.o

.ARM.attributes
                0x00000000       0x36
 .ARM.attributes
                0x00000000       0x22 c:/program files (x86)/gnu arm embedded toolchain/10 2021.10/bin/../lib/gcc/arm-none-eabi/10.3.1/thumb/v8-m.main+fp/hard/crti.o
 .ARM.attributes
                0x00000022       0x38 c:/program files (x86)/gnu arm embedded toolchain/10 2021.10/bin/../lib/gcc/arm-none-eabi/10.3.1/thumb/v8-m.main+fp/hard/crtbegin.o
 .ARM.attributes
                0x0000005a       0x3a ./src/control_utils.o
 .ARM.attributes
                0x00000094       0x3a ./src/hal_entry.o
 .ARM.attributes
                0x000000ce       0x3a ./src/hmi_control.o
 .ARM.attributes
                0x00000108       0x3a ./src/serial_communication.o
 .ARM.attributes
                0x00000142       0x3a ./ra_gen/common_data.o
 .ARM.attributes
                0x0000017c       0x3a ./ra_gen/hal_data.o
 .ARM.attributes
                0x000001b6       0x3a ./ra_gen/main.o
 .ARM.attributes
                0x000001f0       0x3a ./ra_gen/pin_data.o
 .ARM.attributes
                0x0000022a       0x3a ./ra_gen/vector_data.o
 .ARM.attributes
                0x00000264       0x3a ./ra/fsp/src/r_sci_uart/r_sci_uart.o
 .ARM.attributes
                0x0000029e       0x3a ./ra/fsp/src/r_ioport/r_ioport.o
 .ARM.attributes
                0x000002d8       0x3a ./ra/fsp/src/r_gpt/r_gpt.o
 .ARM.attributes
                0x00000312       0x3a ./ra/fsp/src/r_adc/r_adc.o
 .ARM.attributes
                0x0000034c       0x3a ./ra/fsp/src/bsp/mcu/all/bsp_clocks.o
 .ARM.attributes
                0x00000386       0x3a ./ra/fsp/src/bsp/mcu/all/bsp_common.o
 .ARM.attributes
                0x000003c0       0x3a ./ra/fsp/src/bsp/mcu/all/bsp_delay.o
 .ARM.attributes
                0x000003fa       0x3a ./ra/fsp/src/bsp/mcu/all/bsp_group_irq.o
 .ARM.attributes
                0x00000434       0x3a ./ra/fsp/src/bsp/mcu/all/bsp_io.o
 .ARM.attributes
                0x0000046e       0x3a ./ra/fsp/src/bsp/mcu/all/bsp_irq.o
 .ARM.attributes
                0x000004a8       0x3a ./ra/fsp/src/bsp/mcu/all/bsp_register_protection.o
 .ARM.attributes
                0x000004e2       0x3a ./ra/fsp/src/bsp/mcu/all/bsp_rom_registers.o
 .ARM.attributes
                0x0000051c       0x3a ./ra/fsp/src/bsp/cmsis/Device/RENESAS/Source/startup.o
 .ARM.attributes
                0x00000556       0x3a ./ra/fsp/src/bsp/cmsis/Device/RENESAS/Source/system.o
 .ARM.attributes
                0x00000590       0x38 c:/program files (x86)/gnu arm embedded toolchain/10 2021.10/bin/../lib/gcc/arm-none-eabi/10.3.1/../../../../arm-none-eabi/lib/thumb/v8-m.main+fp/hard\libg_nano.a(lib_a-memcpy-stub.o)
 .ARM.attributes
                0x000005c8       0x38 c:/program files (x86)/gnu arm embedded toolchain/10 2021.10/bin/../lib/gcc/arm-none-eabi/10.3.1/../../../../arm-none-eabi/lib/thumb/v8-m.main+fp/hard\libg_nano.a(lib_a-memset.o)
 .ARM.attributes
                0x00000600       0x38 c:/program files (x86)/gnu arm embedded toolchain/10 2021.10/bin/../lib/gcc/arm-none-eabi/10.3.1/thumb/v8-m.main+fp/hard/crtend.o
 .ARM.attributes
                0x00000638       0x22 c:/program files (x86)/gnu arm embedded toolchain/10 2021.10/bin/../lib/gcc/arm-none-eabi/10.3.1/thumb/v8-m.main+fp/hard/crtn.o

.comment        0x00000000       0x49
 .comment       0x00000000       0x49 ./src/control_utils.o
                                 0x4a (size before relaxing)
 .comment       0x00000049       0x4a ./src/hal_entry.o
 .comment       0x00000049       0x4a ./src/hmi_control.o
 .comment       0x00000049       0x4a ./src/serial_communication.o
 .comment       0x00000049       0x4a ./ra_gen/common_data.o
 .comment       0x00000049       0x4a ./ra_gen/hal_data.o
 .comment       0x00000049       0x4a ./ra_gen/main.o
 .comment       0x00000049       0x4a ./ra_gen/pin_data.o
 .comment       0x00000049       0x4a ./ra_gen/vector_data.o
 .comment       0x00000049       0x4a ./ra/fsp/src/r_sci_uart/r_sci_uart.o
 .comment       0x00000049       0x4a ./ra/fsp/src/r_ioport/r_ioport.o
 .comment       0x00000049       0x4a ./ra/fsp/src/r_gpt/r_gpt.o
 .comment       0x00000049       0x4a ./ra/fsp/src/r_adc/r_adc.o
 .comment       0x00000049       0x4a ./ra/fsp/src/bsp/mcu/all/bsp_clocks.o
 .comment       0x00000049       0x4a ./ra/fsp/src/bsp/mcu/all/bsp_common.o
 .comment       0x00000049       0x4a ./ra/fsp/src/bsp/mcu/all/bsp_delay.o
 .comment       0x00000049       0x4a ./ra/fsp/src/bsp/mcu/all/bsp_group_irq.o
 .comment       0x00000049       0x4a ./ra/fsp/src/bsp/mcu/all/bsp_io.o
 .comment       0x00000049       0x4a ./ra/fsp/src/bsp/mcu/all/bsp_irq.o
 .comment       0x00000049       0x4a ./ra/fsp/src/bsp/mcu/all/bsp_register_protection.o
 .comment       0x00000049       0x4a ./ra/fsp/src/bsp/mcu/all/bsp_rom_registers.o
 .comment       0x00000049       0x4a ./ra/fsp/src/bsp/cmsis/Device/RENESAS/Source/startup.o
 .comment       0x00000049       0x4a ./ra/fsp/src/bsp/cmsis/Device/RENESAS/Source/system.o

.debug_info     0x00000000    0x4aace
 .debug_info    0x00000000      0x193 ./src/control_utils.o
 .debug_info    0x00000193     0x8c2b ./src/hal_entry.o
 .debug_info    0x00008dbe      0xa6a ./src/hmi_control.o
 .debug_info    0x00009828     0x3031 ./src/serial_communication.o
 .debug_info    0x0000c859     0x11ab ./ra_gen/common_data.o
 .debug_info    0x0000da04     0xa5d5 ./ra_gen/hal_data.o
 .debug_info    0x00017fd9       0xaa ./ra_gen/main.o
 .debug_info    0x00018083      0x9da ./ra_gen/pin_data.o
 .debug_info    0x00018a5d      0x858 ./ra_gen/vector_data.o
 .debug_info    0x000192b5     0xa1ad ./ra/fsp/src/r_sci_uart/r_sci_uart.o
 .debug_info    0x00023462     0x68ec ./ra/fsp/src/r_ioport/r_ioport.o
 .debug_info    0x00029d4e     0x94e3 ./ra/fsp/src/r_gpt/r_gpt.o
 .debug_info    0x00033231     0xaf9d ./ra/fsp/src/r_adc/r_adc.o
 .debug_info    0x0003e1ce     0x46b1 ./ra/fsp/src/bsp/mcu/all/bsp_clocks.o
 .debug_info    0x0004287f      0x8bc ./ra/fsp/src/bsp/mcu/all/bsp_common.o
 .debug_info    0x0004313b      0x1d1 ./ra/fsp/src/bsp/mcu/all/bsp_delay.o
 .debug_info    0x0004330c     0x137e ./ra/fsp/src/bsp/mcu/all/bsp_group_irq.o
 .debug_info    0x0004468a       0xa3 ./ra/fsp/src/bsp/mcu/all/bsp_io.o
 .debug_info    0x0004472d     0x1d14 ./ra/fsp/src/bsp/mcu/all/bsp_irq.o
 .debug_info    0x00046441     0x3ac1 ./ra/fsp/src/bsp/mcu/all/bsp_register_protection.o
 .debug_info    0x00049f02      0x1a8 ./ra/fsp/src/bsp/mcu/all/bsp_rom_registers.o
 .debug_info    0x0004a0aa      0x141 ./ra/fsp/src/bsp/cmsis/Device/RENESAS/Source/startup.o
 .debug_info    0x0004a1eb      0x8e3 ./ra/fsp/src/bsp/cmsis/Device/RENESAS/Source/system.o

.debug_abbrev   0x00000000     0x363c
 .debug_abbrev  0x00000000       0x9b ./src/control_utils.o
 .debug_abbrev  0x0000009b      0x338 ./src/hal_entry.o
 .debug_abbrev  0x000003d3      0x251 ./src/hmi_control.o
 .debug_abbrev  0x00000624      0x340 ./src/serial_communication.o
 .debug_abbrev  0x00000964      0x150 ./ra_gen/common_data.o
 .debug_abbrev  0x00000ab4      0x2ed ./ra_gen/hal_data.o
 .debug_abbrev  0x00000da1       0x66 ./ra_gen/main.o
 .debug_abbrev  0x00000e07       0xdc ./ra_gen/pin_data.o
 .debug_abbrev  0x00000ee3       0xa7 ./ra_gen/vector_data.o
 .debug_abbrev  0x00000f8a      0x60e ./ra/fsp/src/r_sci_uart/r_sci_uart.o
 .debug_abbrev  0x00001598      0x428 ./ra/fsp/src/r_ioport/r_ioport.o
 .debug_abbrev  0x000019c0      0x5d9 ./ra/fsp/src/r_gpt/r_gpt.o
 .debug_abbrev  0x00001f99      0x577 ./ra/fsp/src/r_adc/r_adc.o
 .debug_abbrev  0x00002510      0x383 ./ra/fsp/src/bsp/mcu/all/bsp_clocks.o
 .debug_abbrev  0x00002893      0x172 ./ra/fsp/src/bsp/mcu/all/bsp_common.o
 .debug_abbrev  0x00002a05      0x111 ./ra/fsp/src/bsp/mcu/all/bsp_delay.o
 .debug_abbrev  0x00002b16      0x254 ./ra/fsp/src/bsp/mcu/all/bsp_group_irq.o
 .debug_abbrev  0x00002d6a       0x5e ./ra/fsp/src/bsp/mcu/all/bsp_io.o
 .debug_abbrev  0x00002dc8      0x251 ./ra/fsp/src/bsp/mcu/all/bsp_irq.o
 .debug_abbrev  0x00003019      0x277 ./ra/fsp/src/bsp/mcu/all/bsp_register_protection.o
 .debug_abbrev  0x00003290       0x4d ./ra/fsp/src/bsp/mcu/all/bsp_rom_registers.o
 .debug_abbrev  0x000032dd       0xe6 ./ra/fsp/src/bsp/cmsis/Device/RENESAS/Source/startup.o
 .debug_abbrev  0x000033c3      0x279 ./ra/fsp/src/bsp/cmsis/Device/RENESAS/Source/system.o

.debug_loc      0x00000000     0x5f16
 .debug_loc     0x00000000      0x248 ./src/control_utils.o
 .debug_loc     0x00000248      0x134 ./src/hal_entry.o
 .debug_loc     0x0000037c      0x119 ./src/hmi_control.o
 .debug_loc     0x00000495      0x175 ./src/serial_communication.o
 .debug_loc     0x0000060a     0x1924 ./ra/fsp/src/r_sci_uart/r_sci_uart.o
 .debug_loc     0x00001f2e      0xdd9 ./ra/fsp/src/r_ioport/r_ioport.o
 .debug_loc     0x00002d07     0x1140 ./ra/fsp/src/r_gpt/r_gpt.o
 .debug_loc     0x00003e47     0x1972 ./ra/fsp/src/r_adc/r_adc.o
 .debug_loc     0x000057b9      0x24f ./ra/fsp/src/bsp/mcu/all/bsp_clocks.o
 .debug_loc     0x00005a08       0x22 ./ra/fsp/src/bsp/mcu/all/bsp_common.o
 .debug_loc     0x00005a2a      0x178 ./ra/fsp/src/bsp/mcu/all/bsp_delay.o
 .debug_loc     0x00005ba2       0xaa ./ra/fsp/src/bsp/mcu/all/bsp_group_irq.o
 .debug_loc     0x00005c4c      0x121 ./ra/fsp/src/bsp/mcu/all/bsp_irq.o
 .debug_loc     0x00005d6d      0x105 ./ra/fsp/src/bsp/mcu/all/bsp_register_protection.o
 .debug_loc     0x00005e72       0xa4 ./ra/fsp/src/bsp/cmsis/Device/RENESAS/Source/system.o

.debug_aranges  0x00000000      0x5b8
 .debug_aranges
                0x00000000       0x38 ./src/control_utils.o
 .debug_aranges
                0x00000038       0x30 ./src/hal_entry.o
 .debug_aranges
                0x00000068       0x40 ./src/hmi_control.o
 .debug_aranges
                0x000000a8       0x30 ./src/serial_communication.o
 .debug_aranges
                0x000000d8       0x20 ./ra_gen/common_data.o
 .debug_aranges
                0x000000f8       0x20 ./ra_gen/hal_data.o
 .debug_aranges
                0x00000118       0x20 ./ra_gen/main.o
 .debug_aranges
                0x00000138       0x18 ./ra_gen/pin_data.o
 .debug_aranges
                0x00000150       0x18 ./ra_gen/vector_data.o
 .debug_aranges
                0x00000168       0x98 ./ra/fsp/src/r_sci_uart/r_sci_uart.o
 .debug_aranges
                0x00000200       0x90 ./ra/fsp/src/r_ioport/r_ioport.o
 .debug_aranges
                0x00000290       0xd8 ./ra/fsp/src/r_gpt/r_gpt.o
 .debug_aranges
                0x00000368       0xb0 ./ra/fsp/src/r_adc/r_adc.o
 .debug_aranges
                0x00000418       0x58 ./ra/fsp/src/bsp/mcu/all/bsp_clocks.o
 .debug_aranges
                0x00000470       0x30 ./ra/fsp/src/bsp/mcu/all/bsp_common.o
 .debug_aranges
                0x000004a0       0x28 ./ra/fsp/src/bsp/mcu/all/bsp_delay.o
 .debug_aranges
                0x000004c8       0x28 ./ra/fsp/src/bsp/mcu/all/bsp_group_irq.o
 .debug_aranges
                0x000004f0       0x18 ./ra/fsp/src/bsp/mcu/all/bsp_io.o
 .debug_aranges
                0x00000508       0x20 ./ra/fsp/src/bsp/mcu/all/bsp_irq.o
 .debug_aranges
                0x00000528       0x28 ./ra/fsp/src/bsp/mcu/all/bsp_register_protection.o
 .debug_aranges
                0x00000550       0x18 ./ra/fsp/src/bsp/mcu/all/bsp_rom_registers.o
 .debug_aranges
                0x00000568       0x28 ./ra/fsp/src/bsp/cmsis/Device/RENESAS/Source/startup.o
 .debug_aranges
                0x00000590       0x28 ./ra/fsp/src/bsp/cmsis/Device/RENESAS/Source/system.o

.debug_ranges   0x00000000     0x16f0
 .debug_ranges  0x00000000       0x28 ./src/control_utils.o
 .debug_ranges  0x00000028       0x38 ./src/hal_entry.o
 .debug_ranges  0x00000060       0xc8 ./src/hmi_control.o
 .debug_ranges  0x00000128       0x90 ./src/serial_communication.o
 .debug_ranges  0x000001b8       0x10 ./ra_gen/common_data.o
 .debug_ranges  0x000001c8       0x10 ./ra_gen/hal_data.o
 .debug_ranges  0x000001d8       0x10 ./ra_gen/main.o
 .debug_ranges  0x000001e8      0x778 ./ra/fsp/src/r_sci_uart/r_sci_uart.o
 .debug_ranges  0x00000960      0x158 ./ra/fsp/src/r_ioport/r_ioport.o
 .debug_ranges  0x00000ab8      0x3f0 ./ra/fsp/src/r_gpt/r_gpt.o
 .debug_ranges  0x00000ea8      0x5d8 ./ra/fsp/src/r_adc/r_adc.o
 .debug_ranges  0x00001480      0x100 ./ra/fsp/src/bsp/mcu/all/bsp_clocks.o
 .debug_ranges  0x00001580       0x20 ./ra/fsp/src/bsp/mcu/all/bsp_common.o
 .debug_ranges  0x000015a0       0x18 ./ra/fsp/src/bsp/mcu/all/bsp_delay.o
 .debug_ranges  0x000015b8       0x58 ./ra/fsp/src/bsp/mcu/all/bsp_group_irq.o
 .debug_ranges  0x00001610       0x68 ./ra/fsp/src/bsp/mcu/all/bsp_irq.o
 .debug_ranges  0x00001678       0x48 ./ra/fsp/src/bsp/mcu/all/bsp_register_protection.o
 .debug_ranges  0x000016c0       0x18 ./ra/fsp/src/bsp/cmsis/Device/RENESAS/Source/startup.o
 .debug_ranges  0x000016d8       0x18 ./ra/fsp/src/bsp/cmsis/Device/RENESAS/Source/system.o

.debug_line     0x00000000     0x91f7
 .debug_line    0x00000000      0x25c ./src/control_utils.o
 .debug_line    0x0000025c      0xa1d ./src/hal_entry.o
 .debug_line    0x00000c79      0x5a0 ./src/hmi_control.o
 .debug_line    0x00001219      0x5b1 ./src/serial_communication.o
 .debug_line    0x000017ca      0x34d ./ra_gen/common_data.o
 .debug_line    0x00001b17      0x461 ./ra_gen/hal_data.o
 .debug_line    0x00001f78       0x5e ./ra_gen/main.o
 .debug_line    0x00001fd6      0x1e2 ./ra_gen/pin_data.o
 .debug_line    0x000021b8      0x123 ./ra_gen/vector_data.o
 .debug_line    0x000022db     0x195c ./ra/fsp/src/r_sci_uart/r_sci_uart.o
 .debug_line    0x00003c37      0xc47 ./ra/fsp/src/r_ioport/r_ioport.o
 .debug_line    0x0000487e     0x1140 ./ra/fsp/src/r_gpt/r_gpt.o
 .debug_line    0x000059be     0x15f6 ./ra/fsp/src/r_adc/r_adc.o
 .debug_line    0x00006fb4      0x7f5 ./ra/fsp/src/bsp/mcu/all/bsp_clocks.o
 .debug_line    0x000077a9      0x276 ./ra/fsp/src/bsp/mcu/all/bsp_common.o
 .debug_line    0x00007a1f      0x2ce ./ra/fsp/src/bsp/mcu/all/bsp_delay.o
 .debug_line    0x00007ced      0x33a ./ra/fsp/src/bsp/mcu/all/bsp_group_irq.o
 .debug_line    0x00008027      0x184 ./ra/fsp/src/bsp/mcu/all/bsp_io.o
 .debug_line    0x000081ab      0x47f ./ra/fsp/src/bsp/mcu/all/bsp_irq.o
 .debug_line    0x0000862a      0x3e9 ./ra/fsp/src/bsp/mcu/all/bsp_register_protection.o
 .debug_line    0x00008a13      0x121 ./ra/fsp/src/bsp/mcu/all/bsp_rom_registers.o
 .debug_line    0x00008b34      0x208 ./ra/fsp/src/bsp/cmsis/Device/RENESAS/Source/startup.o
 .debug_line    0x00008d3c      0x4bb ./ra/fsp/src/bsp/cmsis/Device/RENESAS/Source/system.o

.debug_str      0x00000000     0xfc69
 .debug_str     0x00000000      0x201 ./src/control_utils.o
                                0x243 (size before relaxing)
 .debug_str     0x00000201     0x6d19 ./src/hal_entry.o
                               0x7106 (size before relaxing)
 .debug_str     0x00006f1a       0x97 ./src/hmi_control.o
                               0x17ad (size before relaxing)
 .debug_str     0x00006fb1       0xc1 ./src/serial_communication.o
                               0x3d40 (size before relaxing)
 .debug_str     0x00007072       0x39 ./ra_gen/common_data.o
                               0x315d (size before relaxing)
 .debug_str     0x000070ab     0x3b8b ./ra_gen/hal_data.o
                               0xa46c (size before relaxing)
 .debug_str     0x0000ac36       0x16 ./ra_gen/main.o
                                0x1ce (size before relaxing)
 .debug_str     0x0000ac4c      0x5d6 ./ra_gen/pin_data.o
                               0x1cde (size before relaxing)
 .debug_str     0x0000b222       0x68 ./ra_gen/vector_data.o
                               0x1cce (size before relaxing)
 .debug_str     0x0000b28a     0x211b ./ra/fsp/src/r_sci_uart/r_sci_uart.o
                               0x659e (size before relaxing)
 .debug_str     0x0000d3a5      0x749 ./ra/fsp/src/r_ioport/r_ioport.o
                               0x53ca (size before relaxing)
 .debug_str     0x0000daee      0x9c9 ./ra/fsp/src/r_gpt/r_gpt.o
                               0x5f56 (size before relaxing)
 .debug_str     0x0000e4b7      0x5f6 ./ra/fsp/src/r_adc/r_adc.o
                               0x7ef0 (size before relaxing)
 .debug_str     0x0000eaad      0x6eb ./ra/fsp/src/bsp/mcu/all/bsp_clocks.o
                               0x1f61 (size before relaxing)
 .debug_str     0x0000f198      0x10b ./ra/fsp/src/bsp/mcu/all/bsp_common.o
                               0x1a71 (size before relaxing)
 .debug_str     0x0000f2a3       0xb1 ./ra/fsp/src/bsp/mcu/all/bsp_delay.o
                                0x2f7 (size before relaxing)
 .debug_str     0x0000f354      0x1de ./ra/fsp/src/bsp/mcu/all/bsp_group_irq.o
                               0x1f7c (size before relaxing)
 .debug_str     0x0000f532       0x23 ./ra/fsp/src/bsp/mcu/all/bsp_io.o
                                0x1f7 (size before relaxing)
 .debug_str     0x0000f555      0x2d9 ./ra/fsp/src/bsp/mcu/all/bsp_irq.o
                               0x24e8 (size before relaxing)
 .debug_str     0x0000f82e       0x88 ./ra/fsp/src/bsp/mcu/all/bsp_register_protection.o
                               0x18f9 (size before relaxing)
 .debug_str     0x0000f8b6      0x15d ./ra/fsp/src/bsp/mcu/all/bsp_rom_registers.o
                                0x319 (size before relaxing)
 .debug_str     0x0000fa13       0x82 ./ra/fsp/src/bsp/cmsis/Device/RENESAS/Source/startup.o
                                0x241 (size before relaxing)
 .debug_str     0x0000fa95      0x1d4 ./ra/fsp/src/bsp/cmsis/Device/RENESAS/Source/system.o
                                0x630 (size before relaxing)

.debug_frame    0x00000000      0xc24
 .debug_frame   0x00000000       0x50 ./src/control_utils.o
 .debug_frame   0x00000050       0x68 ./src/hal_entry.o
 .debug_frame   0x000000b8       0xa0 ./src/hmi_control.o
 .debug_frame   0x00000158       0x60 ./src/serial_communication.o
 .debug_frame   0x000001b8       0x20 ./ra_gen/common_data.o
 .debug_frame   0x000001d8       0x20 ./ra_gen/hal_data.o
 .debug_frame   0x000001f8       0x28 ./ra_gen/main.o
 .debug_frame   0x00000220      0x1f8 ./ra/fsp/src/r_sci_uart/r_sci_uart.o
 .debug_frame   0x00000418      0x17c ./ra/fsp/src/r_ioport/r_ioport.o
 .debug_frame   0x00000594      0x220 ./ra/fsp/src/r_gpt/r_gpt.o
 .debug_frame   0x000007b4      0x1c0 ./ra/fsp/src/r_adc/r_adc.o
 .debug_frame   0x00000974       0xb4 ./ra/fsp/src/bsp/mcu/all/bsp_clocks.o
 .debug_frame   0x00000a28       0x40 ./ra/fsp/src/bsp/mcu/all/bsp_common.o
 .debug_frame   0x00000a68       0x44 ./ra/fsp/src/bsp/mcu/all/bsp_delay.o
 .debug_frame   0x00000aac       0x3c ./ra/fsp/src/bsp/mcu/all/bsp_group_irq.o
 .debug_frame   0x00000ae8       0x30 ./ra/fsp/src/bsp/mcu/all/bsp_irq.o
 .debug_frame   0x00000b18       0x48 ./ra/fsp/src/bsp/mcu/all/bsp_register_protection.o
 .debug_frame   0x00000b60       0x38 ./ra/fsp/src/bsp/cmsis/Device/RENESAS/Source/startup.o
 .debug_frame   0x00000b98       0x44 ./ra/fsp/src/bsp/cmsis/Device/RENESAS/Source/system.o
 .debug_frame   0x00000bdc       0x28 c:/program files (x86)/gnu arm embedded toolchain/10 2021.10/bin/../lib/gcc/arm-none-eabi/10.3.1/../../../../arm-none-eabi/lib/thumb/v8-m.main+fp/hard\libg_nano.a(lib_a-memcpy-stub.o)
 .debug_frame   0x00000c04       0x20 c:/program files (x86)/gnu arm embedded toolchain/10 2021.10/bin/../lib/gcc/arm-none-eabi/10.3.1/../../../../arm-none-eabi/lib/thumb/v8-m.main+fp/hard\libg_nano.a(lib_a-memset.o)
