Archive member included to satisfy reference by file (symbol)

c:/users/patri/appdata/local/programs/renesas/ra/e2studio_v2022-10_fsp_v4.2.0/toolchains/gcc_arm/gcc-arm-none-eabi-10.3-2021.10/bin/../lib/gcc/arm-none-eabi/10.3.1/thumb/v8-m.main+fp/hard\libgcc.a(_aeabi_ldivmod.o)
                              ./src/modbus_protocol.o (__aeabi_ldivmod)
c:/users/patri/appdata/local/programs/renesas/ra/e2studio_v2022-10_fsp_v4.2.0/toolchains/gcc_arm/gcc-arm-none-eabi-10.3-2021.10/bin/../lib/gcc/arm-none-eabi/10.3.1/thumb/v8-m.main+fp/hard\libgcc.a(_aeabi_uldivmod.o)
                              ./src/modbus_protocol.o (__aeabi_uldivmod)
c:/users/patri/appdata/local/programs/renesas/ra/e2studio_v2022-10_fsp_v4.2.0/toolchains/gcc_arm/gcc-arm-none-eabi-10.3-2021.10/bin/../lib/gcc/arm-none-eabi/10.3.1/thumb/v8-m.main+fp/hard\libgcc.a(_udivmoddi4.o)
                              c:/users/patri/appdata/local/programs/renesas/ra/e2studio_v2022-10_fsp_v4.2.0/toolchains/gcc_arm/gcc-arm-none-eabi-10.3-2021.10/bin/../lib/gcc/arm-none-eabi/10.3.1/thumb/v8-m.main+fp/hard\libgcc.a(_aeabi_ldivmod.o) (__udivmoddi4)
c:/users/patri/appdata/local/programs/renesas/ra/e2studio_v2022-10_fsp_v4.2.0/toolchains/gcc_arm/gcc-arm-none-eabi-10.3-2021.10/bin/../lib/gcc/arm-none-eabi/10.3.1/thumb/v8-m.main+fp/hard\libgcc.a(_dvmd_tls.o)
                              c:/users/patri/appdata/local/programs/renesas/ra/e2studio_v2022-10_fsp_v4.2.0/toolchains/gcc_arm/gcc-arm-none-eabi-10.3-2021.10/bin/../lib/gcc/arm-none-eabi/10.3.1/thumb/v8-m.main+fp/hard\libgcc.a(_aeabi_ldivmod.o) (__aeabi_ldiv0)
c:/users/patri/appdata/local/programs/renesas/ra/e2studio_v2022-10_fsp_v4.2.0/toolchains/gcc_arm/gcc-arm-none-eabi-10.3-2021.10/bin/../lib/gcc/arm-none-eabi/10.3.1/../../../../arm-none-eabi/lib/thumb/v8-m.main+fp/hard\libg_nano.a(lib_a-errno.o)
                              ./ra/fsp/src/bsp/mcu/all/bsp_sbrk.o (__errno)
c:/users/patri/appdata/local/programs/renesas/ra/e2studio_v2022-10_fsp_v4.2.0/toolchains/gcc_arm/gcc-arm-none-eabi-10.3-2021.10/bin/../lib/gcc/arm-none-eabi/10.3.1/../../../../arm-none-eabi/lib/thumb/v8-m.main+fp/hard\libg_nano.a(lib_a-exit.o)
                              c:/users/patri/appdata/local/programs/renesas/ra/e2studio_v2022-10_fsp_v4.2.0/toolchains/gcc_arm/gcc-arm-none-eabi-10.3-2021.10/bin/../lib/gcc/arm-none-eabi/10.3.1/../../../../arm-none-eabi/lib/thumb/v8-m.main+fp/hard/rdimon-crt0.o (exit)
c:/users/patri/appdata/local/programs/renesas/ra/e2studio_v2022-10_fsp_v4.2.0/toolchains/gcc_arm/gcc-arm-none-eabi-10.3-2021.10/bin/../lib/gcc/arm-none-eabi/10.3.1/../../../../arm-none-eabi/lib/thumb/v8-m.main+fp/hard\libg_nano.a(lib_a-impure.o)
                              c:/users/patri/appdata/local/programs/renesas/ra/e2studio_v2022-10_fsp_v4.2.0/toolchains/gcc_arm/gcc-arm-none-eabi-10.3-2021.10/bin/../lib/gcc/arm-none-eabi/10.3.1/../../../../arm-none-eabi/lib/thumb/v8-m.main+fp/hard\libg_nano.a(lib_a-exit.o) (_global_impure_ptr)
c:/users/patri/appdata/local/programs/renesas/ra/e2studio_v2022-10_fsp_v4.2.0/toolchains/gcc_arm/gcc-arm-none-eabi-10.3-2021.10/bin/../lib/gcc/arm-none-eabi/10.3.1/../../../../arm-none-eabi/lib/thumb/v8-m.main+fp/hard\libg_nano.a(lib_a-init.o)
                              c:/users/patri/appdata/local/programs/renesas/ra/e2studio_v2022-10_fsp_v4.2.0/toolchains/gcc_arm/gcc-arm-none-eabi-10.3-2021.10/bin/../lib/gcc/arm-none-eabi/10.3.1/../../../../arm-none-eabi/lib/thumb/v8-m.main+fp/hard/rdimon-crt0.o (__libc_init_array)
c:/users/patri/appdata/local/programs/renesas/ra/e2studio_v2022-10_fsp_v4.2.0/toolchains/gcc_arm/gcc-arm-none-eabi-10.3-2021.10/bin/../lib/gcc/arm-none-eabi/10.3.1/../../../../arm-none-eabi/lib/thumb/v8-m.main+fp/hard\libg_nano.a(lib_a-memcpy-stub.o)
                              ./ra/fsp/src/r_sci_uart/r_sci_uart.o (memcpy)
c:/users/patri/appdata/local/programs/renesas/ra/e2studio_v2022-10_fsp_v4.2.0/toolchains/gcc_arm/gcc-arm-none-eabi-10.3-2021.10/bin/../lib/gcc/arm-none-eabi/10.3.1/../../../../arm-none-eabi/lib/thumb/v8-m.main+fp/hard\libg_nano.a(lib_a-memset.o)
                              c:/users/patri/appdata/local/programs/renesas/ra/e2studio_v2022-10_fsp_v4.2.0/toolchains/gcc_arm/gcc-arm-none-eabi-10.3-2021.10/bin/../lib/gcc/arm-none-eabi/10.3.1/../../../../arm-none-eabi/lib/thumb/v8-m.main+fp/hard/rdimon-crt0.o (memset)
c:/users/patri/appdata/local/programs/renesas/ra/e2studio_v2022-10_fsp_v4.2.0/toolchains/gcc_arm/gcc-arm-none-eabi-10.3-2021.10/bin/../lib/gcc/arm-none-eabi/10.3.1/../../../../arm-none-eabi/lib/thumb/v8-m.main+fp/hard\librdimon_nano.a(rdimon-syscalls.o)
                              c:/users/patri/appdata/local/programs/renesas/ra/e2studio_v2022-10_fsp_v4.2.0/toolchains/gcc_arm/gcc-arm-none-eabi-10.3-2021.10/bin/../lib/gcc/arm-none-eabi/10.3.1/../../../../arm-none-eabi/lib/thumb/v8-m.main+fp/hard/rdimon-crt0.o (initialise_monitor_handles)
[...]
Memory Configuration

Name             Origin             Length             Attributes
FLASH            0x00000000         0x00180000         xr
RAM              0x20000000         0x00080000         xrw
DATA_FLASH       0x08000000         0x00002000         xr
QSPI_FLASH       0x60000000         0x04000000         xr
OSPI_DEVICE_0    0x68000000         0x08000000         xr
OSPI_DEVICE_1    0x70000000         0x10000000         xr
SDRAM            0x80010000         0x00000000         xrw
OPTION_SETTING   0x0100a100         0x00000100         r
OPTION_SETTING_S 0x0100a200         0x00000100         r
ID_CODE          0x00000000         0x00000000         xr
*default*        0x00000000         0xffffffff

Linker script and memory map

LOAD c:/users/patri/appdata/local/programs/renesas/ra/e2studio_v2022-10_fsp_v4.2.0/toolchains/gcc_arm/gcc-arm-none-eabi-10.3-2021.10/bin/../lib/gcc/arm-none-eabi/10.3.1/thumb/v8-m.main+fp/hard/crti.o
LOAD c:/users/patri/appdata/local/programs/renesas/ra/e2studio_v2022-10_fsp_v4.2.0/toolchains/gcc_arm/gcc-arm-none-eabi-10.3-2021.10/bin/../lib/gcc/arm-none-eabi/10.3.1/thumb/v8-m.main+fp/hard/crtbegin.o
LOAD c:/users/patri/appdata/local/programs/renesas/ra/e2studio_v2022-10_fsp_v4.2.0/toolchains/gcc_arm/gcc-arm-none-eabi-10.3-2021.10/bin/../lib/gcc/arm-none-eabi/10.3.1/../../../../arm-none-eabi/lib/thumb/v8-m.main+fp/hard/rdimon-crt0.o
START GROUP
LOAD ./src/application_data.o
LOAD ./src/control_utils.o
LOAD ./src/dosing_control.o
LOAD ./src/hal_entry.o
LOAD ./src/hmi_control.o
LOAD ./src/modbus_crc.o
LOAD ./src/modbus_protocol.o
LOAD ./src/serial_communication.o
LOAD ./ra_gen/common_data.o
LOAD ./ra_gen/hal_data.o
LOAD ./ra_gen/main.o
LOAD ./ra_gen/pin_data.o
LOAD ./ra_gen/vector_data.o
LOAD ./ra/fsp/src/r_sci_uart/r_sci_uart.o
LOAD ./ra/fsp/src/r_ioport/r_ioport.o
LOAD ./ra/fsp/src/r_gpt/r_gpt.o
LOAD ./ra/fsp/src/r_agt/r_agt.o
LOAD ./ra/fsp/src/r_adc/r_adc.o
LOAD ./ra/fsp/src/bsp/mcu/all/bsp_clocks.o
LOAD ./ra/fsp/src/bsp/mcu/all/bsp_common.o
LOAD ./ra/fsp/src/bsp/mcu/all/bsp_delay.o
LOAD ./ra/fsp/src/bsp/mcu/all/bsp_group_irq.o
LOAD ./ra/fsp/src/bsp/mcu/all/bsp_guard.o
LOAD ./ra/fsp/src/bsp/mcu/all/bsp_io.o
LOAD ./ra/fsp/src/bsp/mcu/all/bsp_irq.o
LOAD ./ra/fsp/src/bsp/mcu/all/bsp_register_protection.o
LOAD ./ra/fsp/src/bsp/mcu/all/bsp_rom_registers.o
LOAD ./ra/fsp/src/bsp/mcu/all/bsp_sbrk.o
LOAD ./ra/fsp/src/bsp/mcu/all/bsp_security.o
LOAD ./ra/fsp/src/bsp/cmsis/Device/RENESAS/Source/startup.o
LOAD ./ra/fsp/src/bsp/cmsis/Device/RENESAS/Source/system.o
END GROUP
START GROUP
LOAD c:/users/patri/appdata/local/programs/renesas/ra/e2studio_v2022-10_fsp_v4.2.0/toolchains/gcc_arm/gcc-arm-none-eabi-10.3-2021.10/bin/../lib/gcc/arm-none-eabi/10.3.1/thumb/v8-m.main+fp/hard\libgcc.a
LOAD c:/users/patri/appdata/local/programs/renesas/ra/e2studio_v2022-10_fsp_v4.2.0/toolchains/gcc_arm/gcc-arm-none-eabi-10.3-2021.10/bin/../lib/gcc/arm-none-eabi/10.3.1/../../../../arm-none-eabi/lib/thumb/v8-m.main+fp/hard\libg_nano.a
LOAD c:/users/patri/appdata/local/programs/renesas/ra/e2studio_v2022-10_fsp_v4.2.0/toolchains/gcc_arm/gcc-arm-none-eabi-10.3-2021.10/bin/../lib/gcc/arm-none-eabi/10.3.1/../../../../arm-none-eabi/lib/thumb/v8-m.main+fp/hard\libc_nano.a
END GROUP
START GROUP
LOAD c:/users/patri/appdata/local/programs/renesas/ra/e2studio_v2022-10_fsp_v4.2.0/toolchains/gcc_arm/gcc-arm-none-eabi-10.3-2021.10/bin/../lib/gcc/arm-none-eabi/10.3.1/thumb/v8-m.main+fp/hard\libgcc.a
LOAD c:/users/patri/appdata/local/programs/renesas/ra/e2studio_v2022-10_fsp_v4.2.0/toolchains/gcc_arm/gcc-arm-none-eabi-10.3-2021.10/bin/../lib/gcc/arm-none-eabi/10.3.1/../../../../arm-none-eabi/lib/thumb/v8-m.main+fp/hard\libc_nano.a
LOAD c:/users/patri/appdata/local/programs/renesas/ra/e2studio_v2022-10_fsp_v4.2.0/toolchains/gcc_arm/gcc-arm-none-eabi-10.3-2021.10/bin/../lib/gcc/arm-none-eabi/10.3.1/../../../../arm-none-eabi/lib/thumb/v8-m.main+fp/hard\librdimon_nano.a
END GROUP
START GROUP
LOAD c:/users/patri/appdata/local/programs/renesas/ra/e2studio_v2022-10_fsp_v4.2.0/toolchains/gcc_arm/gcc-arm-none-eabi-10.3-2021.10/bin/../lib/gcc/arm-none-eabi/10.3.1/thumb/v8-m.main+fp/hard\libgcc.a
LOAD c:/users/patri/appdata/local/programs/renesas/ra/e2studio_v2022-10_fsp_v4.2.0/toolchains/gcc_arm/gcc-arm-none-eabi-10.3-2021.10/bin/../lib/gcc/arm-none-eabi/10.3.1/../../../../arm-none-eabi/lib/thumb/v8-m.main+fp/hard\libc_nano.a
LOAD c:/users/patri/appdata/local/programs/renesas/ra/e2studio_v2022-10_fsp_v4.2.0/toolchains/gcc_arm/gcc-arm-none-eabi-10.3-2021.10/bin/../lib/gcc/arm-none-eabi/10.3.1/../../../../arm-none-eabi/lib/thumb/v8-m.main+fp/hard\librdimon_nano.a
END GROUP
LOAD c:/users/patri/appdata/local/programs/renesas/ra/e2studio_v2022-10_fsp_v4.2.0/toolchains/gcc_arm/gcc-arm-none-eabi-10.3-2021.10/bin/../lib/gcc/arm-none-eabi/10.3.1/thumb/v8-m.main+fp/hard/crtend.o
LOAD c:/users/patri/appdata/local/programs/renesas/ra/e2studio_v2022-10_fsp_v4.2.0/toolchains/gcc_arm/gcc-arm-none-eabi-10.3-2021.10/bin/../lib/gcc/arm-none-eabi/10.3.1/thumb/v8-m.main+fp/hard/crtn.o
                0x20000000                RAM_START = 0x20000000
                0x00080000                RAM_LENGTH = 0x80000
                0x00000000                FLASH_START = 0x0
                0x00180000                FLASH_LENGTH = 0x180000
                0x08000000                DATA_FLASH_START = 0x8000000
                0x00002000                DATA_FLASH_LENGTH = 0x2000
                0x0100a100                OPTION_SETTING_START = 0x100a100
                0x00000100                OPTION_SETTING_LENGTH = 0x100
                0x0100a200                OPTION_SETTING_S_START = 0x100a200
                0x00000100                OPTION_SETTING_S_LENGTH = 0x100
                0x00000000                ID_CODE_START = 0x0
                0x00000000                ID_CODE_LENGTH = 0x0
                0x80010000                SDRAM_START = 0x80010000
                0x00000000                SDRAM_LENGTH = 0x0
                0x60000000                QSPI_FLASH_START = 0x60000000
                0x04000000                QSPI_FLASH_LENGTH = 0x4000000
                0x68000000                OSPI_DEVICE_0_START = 0x68000000
                0x08000000                OSPI_DEVICE_0_LENGTH = 0x8000000
                0x70000000                OSPI_DEVICE_1_START = 0x70000000
                0x10000000                OSPI_DEVICE_1_LENGTH = 0x10000000
                0x04000000                QSPI_FLASH_PRV_LENGTH = DEFINED (QSPI_FLASH_SIZE)?ABSOLUTE (QSPI_FLASH_SIZE):ABSOLUTE (QSPI_FLASH_LENGTH)
                0x08000000                OSPI_DEVICE_0_PRV_LENGTH = DEFINED (OSPI_DEVICE_0_SIZE)?ABSOLUTE (OSPI_DEVICE_0_SIZE):ABSOLUTE (OSPI_DEVICE_0_LENGTH)
                0x10000000                OSPI_DEVICE_1_PRV_LENGTH = DEFINED (OSPI_DEVICE_1_SIZE)?ABSOLUTE (OSPI_DEVICE_1_SIZE):ABSOLUTE (OSPI_DEVICE_1_LENGTH)
                0x00000000                __RESERVE_NS_RAM = ((! (DEFINED (PROJECT_NONSECURE)) && DEFINED (RAM_NS_BUFFER_LENGTH)) && (OPTION_SETTING_S_LENGTH != 0x0))
                0x00000000                RAM_NS_BUFFER_BLOCK_LENGTH = DEFINED (RAM_NS_BUFFER_LENGTH)?ALIGN (RAM_NS_BUFFER_LENGTH, 0x2000):0x0
                0x00000000                RAM_NS_BUFFER_LENGTH = DEFINED (RAM_NS_BUFFER_LENGTH)?RAM_NS_BUFFER_LENGTH:0x0
                0x20080000                RAM_NS_BUFFER_START = ((RAM_START + RAM_LENGTH) - RAM_NS_BUFFER_LENGTH)
                0x20080000                RAM_NS_BUFFER_BLOCK_START = ((RAM_START + RAM_LENGTH) - RAM_NS_BUFFER_BLOCK_LENGTH)
                0x0100a180                OPTION_SETTING_START_NS = 0x100a180
                0x00000001                __bl_FSP_BOOTABLE_IMAGE = 0x1
                0x00000001                __bln_FSP_BOOTABLE_IMAGE = 0x1
                0x00000001                PROJECT_SECURE_OR_FLAT = ((! (DEFINED (PROJECT_NONSECURE)) && OPTION_SETTING_LENGTH) && ! (DEFINED (FSP_BOOTABLE_IMAGE)))
                0x00000000                USE_OPTION_SETTING_NS = (DEFINED (PROJECT_NONSECURE) && ! (DEFINED (FSP_BOOTABLE_IMAGE)))
                0x00000000                __bl_FLASH_IMAGE_START = ! (DEFINED (FLASH_BOOTLOADER_LENGTH))?0x0:(FLASH_APPLICATION_IMAGE_NUMBER == 0x1)?(FLASH_BOOTLOADER_LENGTH + FLASH_BOOTLOADER_HEADER_LENGTH):(((FLASH_BOOTLOADER_LENGTH + FLASH_BOOTLOADER_SCRATCH_LENGTH) + FLASH_APPLICATION_S_LENGTH) + FLASH_BOOTLOADER_HEADER_LENGTH)
                0x00000000                __bl_FLASH_IMAGE_LENGTH = ! (DEFINED (FLASH_BOOTLOADER_LENGTH))?0x0:(FLASH_APPLICATION_S_LENGTH - FLASH_BOOTLOADER_HEADER_LENGTH)
                0x00000000                __bl_FLASH_IMAGE_END = (__bl_FLASH_IMAGE_START + __bl_FLASH_IMAGE_LENGTH)
                0x00000000                __bl_FLASH_NS_START = ! (DEFINED (FLASH_BOOTLOADER_LENGTH))?0x0:(FLASH_APPLICATION_NS_LENGTH == 0x0)?__bl_FLASH_IMAGE_END:((__bl_FLASH_IMAGE_START - FLASH_BOOTLOADER_HEADER_LENGTH) + FLASH_APPLICATION_S_LENGTH)
                0x00000000                __bl_FLASH_NSC_START = ! (DEFINED (FLASH_BOOTLOADER_LENGTH))?0x0:(FLASH_APPLICATION_NS_LENGTH == 0x0)?__bl_FLASH_IMAGE_END:(__bl_FLASH_NS_START - FLASH_APPLICATION_NSC_LENGTH)
                0x00000000                __bl_RAM_NS_START = ! (DEFINED (FLASH_BOOTLOADER_LENGTH))?0x0:(FLASH_APPLICATION_NS_LENGTH == 0x0)?(RAM_START + RAM_LENGTH):((RAM_START + RAM_LENGTH) - RAM_APPLICATION_NS_LENGTH)
                0x00000000                __bl_RAM_NSC_START = ! (DEFINED (FLASH_BOOTLOADER_LENGTH))?0x0:(FLASH_APPLICATION_NS_LENGTH == 0x0)?(RAM_START + RAM_LENGTH):(__bl_RAM_NS_START - RAM_APPLICATION_NSC_LENGTH)
                0x00000000                __bl_FLASH_NS_IMAGE_START = ! (DEFINED (FLASH_BOOTLOADER_LENGTH))?0x0:(FLASH_APPLICATION_NS_LENGTH == 0x0)?__bl_FLASH_IMAGE_END:(__bl_FLASH_NS_START + FLASH_BOOTLOADER_HEADER_LENGTH_2)
                0x00000000                __bln_FLASH_IMAGE_START = __bl_FLASH_NS_IMAGE_START
                0x00000000                __bln_FLASH_IMAGE_LENGTH = ! (DEFINED (FLASH_BOOTLOADER_LENGTH))?0x0:(FLASH_APPLICATION_NS_LENGTH == 0x0)?__bl_FLASH_IMAGE_END:(FLASH_APPLICATION_NS_LENGTH - FLASH_BOOTLOADER_HEADER_LENGTH_2)
                0x00000000                FLASH_ORIGIN = DEFINED (FLASH_IMAGE_START)?FLASH_IMAGE_START:FLASH_START
                0x00180000                LIMITED_FLASH_LENGTH = DEFINED (FLASH_IMAGE_LENGTH)?FLASH_IMAGE_LENGTH:DEFINED (FLASH_BOOTLOADER_LENGTH)?FLASH_BOOTLOADER_LENGTH:FLASH_LENGTH
START GROUP
LOAD c:/users/patri/appdata/local/programs/renesas/ra/e2studio_v2022-10_fsp_v4.2.0/toolchains/gcc_arm/gcc-arm-none-eabi-10.3-2021.10/bin/../lib/gcc/arm-none-eabi/10.3.1/thumb/v8-m.main+fp/hard\libgcc.a
LOAD c:/users/patri/appdata/local/programs/renesas/ra/e2studio_v2022-10_fsp_v4.2.0/toolchains/gcc_arm/gcc-arm-none-eabi-10.3-2021.10/bin/../lib/gcc/arm-none-eabi/10.3.1/../../../../arm-none-eabi/lib/thumb/v8-m.main+fp/hard\libc.a
LOAD c:/users/patri/appdata/local/programs/renesas/ra/e2studio_v2022-10_fsp_v4.2.0/toolchains/gcc_arm/gcc-arm-none-eabi-10.3-2021.10/bin/../lib/gcc/arm-none-eabi/10.3.1/../../../../arm-none-eabi/lib/thumb/v8-m.main+fp/hard\libm.a
LOAD c:/users/patri/appdata/local/programs/renesas/ra/e2studio_v2022-10_fsp_v4.2.0/toolchains/gcc_arm/gcc-arm-none-eabi-10.3-2021.10/bin/../lib/gcc/arm-none-eabi/10.3.1/../../../../arm-none-eabi/lib/thumb/v8-m.main+fp/hard\libnosys.a
END GROUP

.text           0x00000000     0x27d0
                0x00000000                __tz_FLASH_S = ABSOLUTE (FLASH_START)
                0x00000000                __ROM_Start = .
 *(.fixed_vectors*)
 .fixed_vectors
                0x00000000       0x40 ./ra/fsp/src/bsp/cmsis/Device/RENESAS/Source/startup.o
                0x00000000                __Vectors
 *(.application_vectors*)
 .application_vectors
                0x00000040      0x180 ./ra_gen/vector_data.o
                0x00000040                g_vector_table
                0x000001c0                __Vectors_End = .
                0x000001c0                . = (OPTION_SETTING_LENGTH > 0x0)?.:(__ROM_Start + 0x400)
 *(.rom_registers*)
                0x000001c0                . = (OPTION_SETTING_LENGTH > 0x0)?.:(__ROM_Start + 0x500)
                0x00000200                . = ALIGN (0x80)
 *fill*         0x000001c0       0x40 ff
 *(.mcuboot_sce9_key*)
 *(.text*)
 .text          0x00000200       0x40 c:/users/patri/appdata/local/programs/renesas/ra/e2studio_v2022-10_fsp_v4.2.0/toolchains/gcc_arm/gcc-arm-none-eabi-10.3-2021.10/bin/../lib/gcc/arm-none-eabi/10.3.1/thumb/v8-m.main+fp/hard/crtbegin.o
 .text.configure_app
                0x00000240       0xf0 ./src/application_data.o
                0x00000240                configure_app
 .text.convert_adc_to_ph
                0x00000330       0x58 ./src/control_utils.o
                0x00000330                convert_adc_to_ph
 .text.convert_adc_to_cond
                0x00000388       0x58 ./src/control_utils.o
                0x00000388                convert_adc_to_cond
 .text.convert_ph_to_adc
                0x000003e0       0x54 ./src/control_utils.o
                0x000003e0                convert_ph_to_adc
 .text.convert_cond_to_adc
                0x00000434       0x54 ./src/control_utils.o
                0x00000434                convert_cond_to_adc
 .text.read_sensors
                0x00000488      0x110 ./src/dosing_control.o
                0x00000488                read_sensors
 .text.handle_pumps
                0x00000598      0x1ac ./src/dosing_control.o
                0x00000598                handle_pumps
 .text.count_micros
                0x00000744       0x24 ./src/hal_entry.o
                0x00000744                count_micros
 .text.hal_entry
                0x00000768      0x18c ./src/hal_entry.o
                0x00000768                hal_entry
 .text.R_BSP_WarmStart
                0x000008f4       0x18 ./src/hal_entry.o
                0x000008f4                R_BSP_WarmStart
 .text.determine_bcd
                0x0000090c       0x9c ./src/hmi_control.o
                0x0000090c                determine_bcd
 .text.handle_hmi
                0x000009a8       0xc8 ./src/hmi_control.o
                0x000009a8                handle_hmi
 .text.crc16    0x00000a70       0x38 ./src/modbus_crc.o
                0x00000a70                crc16
 .text.send_modbus
                0x00000aa8       0x54 ./src/modbus_protocol.o
                0x00000aa8                send_modbus
 .text.read_input_registers
                0x00000afc       0xd8 ./src/modbus_protocol.o
                0x00000afc                read_input_registers
 .text.read_holding_registers
                0x00000bd4       0xcc ./src/modbus_protocol.o
                0x00000bd4                read_holding_registers
 .text.handle_modbus_message
                0x00000ca0       0x78 ./src/modbus_protocol.o
                0x00000ca0                handle_modbus_message
 .text.uart_cb  0x00000d18       0x34 ./src/serial_communication.o
                0x00000d18                uart_cb
 .text.startup.main
                0x00000d4c        0xc ./ra_gen/main.o
                0x00000d4c                main
 .text.R_SCI_UART_Write
                0x00000d58       0xd4 ./ra/fsp/src/r_sci_uart/r_sci_uart.o
                0x00000d58                R_SCI_UART_Write
 .text.r_sci_uart_call_callback
                0x00000e2c       0x44 ./ra/fsp/src/r_sci_uart/r_sci_uart.o
 .text.r_sci_negate_de_pin.isra.0
                0x00000e70       0x8c ./ra/fsp/src/r_sci_uart/r_sci_uart.o
 .text.R_SCI_UART_Open
                0x00000efc      0x368 ./ra/fsp/src/r_sci_uart/r_sci_uart.o
                0x00000efc                R_SCI_UART_Open
 .text.sci_uart_txi_isr
                0x00001264       0x90 ./ra/fsp/src/r_sci_uart/r_sci_uart.o
                0x00001264                sci_uart_txi_isr
 .text.sci_uart_rxi_isr
                0x000012f4       0x90 ./ra/fsp/src/r_sci_uart/r_sci_uart.o
                0x000012f4                sci_uart_rxi_isr
 .text.sci_uart_tei_isr
                0x00001384       0x50 ./ra/fsp/src/r_sci_uart/r_sci_uart.o
                0x00001384                sci_uart_tei_isr
 .text.sci_uart_eri_isr
                0x000013d4       0x78 ./ra/fsp/src/r_sci_uart/r_sci_uart.o
                0x000013d4                sci_uart_eri_isr
 .text.R_IOPORT_Close
                0x0000144c        0xc ./ra/fsp/src/r_ioport/r_ioport.o
                0x0000144c                R_IOPORT_Close
 .text.R_IOPORT_PinRead
                0x00001458       0x24 ./ra/fsp/src/r_ioport/r_ioport.o
                0x00001458                R_IOPORT_PinRead
 .text.R_IOPORT_PortRead
                0x0000147c       0x14 ./ra/fsp/src/r_ioport/r_ioport.o
                0x0000147c                R_IOPORT_PortRead
 .text.R_IOPORT_PortWrite
                0x00001490       0x1c ./ra/fsp/src/r_ioport/r_ioport.o
                0x00001490                R_IOPORT_PortWrite
 .text.R_IOPORT_PinWrite
                0x000014ac       0x20 ./ra/fsp/src/r_ioport/r_ioport.o
                0x000014ac                R_IOPORT_PinWrite
 .text.R_IOPORT_PortDirectionSet
                0x000014cc       0x2c ./ra/fsp/src/r_ioport/r_ioport.o
                0x000014cc                R_IOPORT_PortDirectionSet
 .text.R_IOPORT_PortEventInputRead
                0x000014f8       0x18 ./ra/fsp/src/r_ioport/r_ioport.o
                0x000014f8                R_IOPORT_PortEventInputRead
 .text.R_IOPORT_PinEventInputRead
                0x00001510       0x38 ./ra/fsp/src/r_ioport/r_ioport.o
                0x00001510                R_IOPORT_PinEventInputRead
 .text.R_IOPORT_PortEventOutputWrite
                0x00001548       0x1c ./ra/fsp/src/r_ioport/r_ioport.o
                0x00001548                R_IOPORT_PortEventOutputWrite
 .text.R_IOPORT_PinEventOutputWrite
                0x00001564       0x4c ./ra/fsp/src/r_ioport/r_ioport.o
                0x00001564                R_IOPORT_PinEventOutputWrite
 .text.bsp_vbatt_init
                0x000015b0       0xac ./ra/fsp/src/r_ioport/r_ioport.o
 .text.r_ioport_pins_config
                0x0000165c       0xc0 ./ra/fsp/src/r_ioport/r_ioport.o
 .text.R_IOPORT_Open
                0x0000171c       0x14 ./ra/fsp/src/r_ioport/r_ioport.o
                0x0000171c                R_IOPORT_Open
 .text.R_IOPORT_PinsCfg
                0x00001730        0xc ./ra/fsp/src/r_ioport/r_ioport.o
                0x00001730                R_IOPORT_PinsCfg
 .text.R_IOPORT_PinCfg
                0x0000173c       0xa8 ./ra/fsp/src/r_ioport/r_ioport.o
                0x0000173c                R_IOPORT_PinCfg
 .text.R_GPT_Start
                0x000017e4        0xc ./ra/fsp/src/r_gpt/r_gpt.o
                0x000017e4                R_GPT_Start
 .text.r_gpt_call_callback
                0x000017f0       0x3c ./ra/fsp/src/r_gpt/r_gpt.o
 .text.r_gpt_enable_irq
                0x0000182c       0x64 ./ra/fsp/src/r_gpt/r_gpt.o
 .text.R_GPT_Open
                0x00001890      0x10c ./ra/fsp/src/r_gpt/r_gpt.o
                0x00001890                R_GPT_Open
 .text.gpt_counter_overflow_isr
                0x0000199c       0x90 ./ra/fsp/src/r_gpt/r_gpt.o
                0x0000199c                gpt_counter_overflow_isr
 .text.agt_int_isr
                0x00001a2c       0x8c ./ra/fsp/src/r_agt/r_agt.o
                0x00001a2c                agt_int_isr
 .text.R_ADC_ScanStart
                0x00001ab8        0xc ./ra/fsp/src/r_adc/r_adc.o
                0x00001ab8                R_ADC_ScanStart
 .text.R_ADC_StatusGet
                0x00001ac4       0x10 ./ra/fsp/src/r_adc/r_adc.o
                0x00001ac4                R_ADC_StatusGet
 .text.R_ADC_Read
                0x00001ad4       0x10 ./ra/fsp/src/r_adc/r_adc.o
                0x00001ad4                R_ADC_Read
 .text.r_adc_irq_enable
                0x00001ae4       0x64 ./ra/fsp/src/r_adc/r_adc.o
 .text.R_ADC_Open
                0x00001b48      0x10c ./ra/fsp/src/r_adc/r_adc.o
                0x00001b48                R_ADC_Open
 .text.R_ADC_ScanCfg
                0x00001c54      0x1d8 ./ra/fsp/src/r_adc/r_adc.o
                0x00001c54                R_ADC_ScanCfg
 .text.SystemCoreClockUpdate
                0x00001e2c       0x28 ./ra/fsp/src/bsp/mcu/all/bsp_clocks.o
                0x00001e2c                SystemCoreClockUpdate
 .text.bsp_clock_init
                0x00001e54      0x108 ./ra/fsp/src/bsp/mcu/all/bsp_clocks.o
                0x00001e54                bsp_clock_init
 .text.bsp_init_internal
                0x00001f5c        0x4 ./ra/fsp/src/bsp/mcu/all/bsp_common.o
                0x00001f5c                bsp_init_internal
                0x00001f5c                bsp_init
 .text.bsp_prv_software_delay_loop
                0x00001f60        0xc ./ra/fsp/src/bsp/mcu/all/bsp_delay.o
                0x00001f60                bsp_prv_software_delay_loop
 .text.R_BSP_SoftwareDelay
                0x00001f6c       0x68 ./ra/fsp/src/bsp/mcu/all/bsp_delay.o
                0x00001f6c                R_BSP_SoftwareDelay
 .text.NMI_Handler
                0x00001fd4       0x38 ./ra/fsp/src/bsp/mcu/all/bsp_group_irq.o
                0x00001fd4                NMI_Handler
 .text.bsp_irq_cfg
                0x0000200c       0xa0 ./ra/fsp/src/bsp/mcu/all/bsp_irq.o
                0x0000200c                bsp_irq_cfg
 .text.R_BSP_RegisterProtectEnable
                0x000020ac       0x60 ./ra/fsp/src/bsp/mcu/all/bsp_register_protection.o
                0x000020ac                R_BSP_RegisterProtectEnable
 .text.R_BSP_RegisterProtectDisable
                0x0000210c       0x54 ./ra/fsp/src/bsp/mcu/all/bsp_register_protection.o
                0x0000210c                R_BSP_RegisterProtectDisable
 .text.Default_Handler
                0x00002160        0x4 ./ra/fsp/src/bsp/cmsis/Device/RENESAS/Source/startup.o
                0x00002160                DebugMon_Handler
                0x00002160                HardFault_Handler
                0x00002160                SysTick_Handler
                0x00002160                PendSV_Handler
                0x00002160                UsageFault_Handler
                0x00002160                SecureFault_Handler
                0x00002160                Default_Handler
                0x00002160                MemManage_Handler
                0x00002160                SVC_Handler
                0x00002160                BusFault_Handler
 .text.Reset_Handler
                0x00002164        0xc ./ra/fsp/src/bsp/cmsis/Device/RENESAS/Source/startup.o
                0x00002164                Reset_Handler
 .text.SystemInit
                0x00002170       0xc0 ./ra/fsp/src/bsp/cmsis/Device/RENESAS/Source/system.o
                0x00002170                SystemInit
 .text.memcpy   0x00002230       0x1a c:/users/patri/appdata/local/programs/renesas/ra/e2studio_v2022-10_fsp_v4.2.0/toolchains/gcc_arm/gcc-arm-none-eabi-10.3-2021.10/bin/../lib/gcc/arm-none-eabi/10.3.1/../../../../arm-none-eabi/lib/thumb/v8-m.main+fp/hard\libg_nano.a(lib_a-memcpy-stub.o)
                0x00002230                memcpy
 .text.memset   0x0000224a       0x10 c:/users/patri/appdata/local/programs/renesas/ra/e2studio_v2022-10_fsp_v4.2.0/toolchains/gcc_arm/gcc-arm-none-eabi-10.3-2021.10/bin/../lib/gcc/arm-none-eabi/10.3.1/../../../../arm-none-eabi/lib/thumb/v8-m.main+fp/hard\libg_nano.a(lib_a-memset.o)
                0x0000224a                memset
 *(.version)
 *fill*         0x0000225a        0x2 ff
 .version       0x0000225c       0x50 ./ra/fsp/src/bsp/mcu/all/bsp_common.o
 *(.init)
 .init          0x000022ac        0x4 c:/users/patri/appdata/local/programs/renesas/ra/e2studio_v2022-10_fsp_v4.2.0/toolchains/gcc_arm/gcc-arm-none-eabi-10.3-2021.10/bin/../lib/gcc/arm-none-eabi/10.3.1/thumb/v8-m.main+fp/hard/crti.o
                0x000022ac                _init
 .init          0x000022b0        0x8 c:/users/patri/appdata/local/programs/renesas/ra/e2studio_v2022-10_fsp_v4.2.0/toolchains/gcc_arm/gcc-arm-none-eabi-10.3-2021.10/bin/../lib/gcc/arm-none-eabi/10.3.1/thumb/v8-m.main+fp/hard/crtn.o
 *(.fini)
 .fini          0x000022b8        0x4 c:/users/patri/appdata/local/programs/renesas/ra/e2studio_v2022-10_fsp_v4.2.0/toolchains/gcc_arm/gcc-arm-none-eabi-10.3-2021.10/bin/../lib/gcc/arm-none-eabi/10.3.1/thumb/v8-m.main+fp/hard/crti.o
                0x000022b8                _fini
 .fini          0x000022bc        0x8 c:/users/patri/appdata/local/programs/renesas/ra/e2studio_v2022-10_fsp_v4.2.0/toolchains/gcc_arm/gcc-arm-none-eabi-10.3-2021.10/bin/../lib/gcc/arm-none-eabi/10.3.1/thumb/v8-m.main+fp/hard/crtn.o
 *crtbegin.o(.ctors)
 *crtbegin?.o(.ctors)
 *(EXCLUDE_FILE(*crtend.o *crtend?.o) .ctors)
 *(SORT_BY_NAME(.ctors.*))
 *(.ctors)
 *crtbegin.o(.dtors)
 *crtbegin?.o(.dtors)
 *(EXCLUDE_FILE(*crtend.o *crtend?.o) .dtors)
 *(SORT_BY_NAME(.dtors.*))
 *(.dtors)
 *(.rodata*)
 .rodata.analog_mains_high_threshold
                0x000022c4        0x2 ./src/application_data.o
                0x000022c4                analog_mains_high_threshold
 .rodata.analog_mains_low_threshold
                0x000022c6        0x2 ./src/application_data.o
                0x000022c6                analog_mains_low_threshold
 .rodata.bcd_pins
                0x000022c8       0x10 ./src/hmi_control.o
 .rodata.digit_enable_pins
                0x000022d8        0xc ./src/hmi_control.o
 .rodata.table_crc_hi
                0x000022e4      0x100 ./src/modbus_crc.o
 .rodata.table_crc_lo
                0x000023e4      0x100 ./src/modbus_crc.o
 .rodata.g_ioport
                0x000024e4        0xc ./ra_gen/common_data.o
                0x000024e4                g_ioport
 .rodata.g_adc0_cfg
                0x000024f0       0x18 ./ra_gen/hal_data.o
                0x000024f0                g_adc0_cfg
 .rodata.g_adc0_cfg_extend
                0x00002508        0xa ./ra_gen/hal_data.o
                0x00002508                g_adc0_cfg_extend
 *fill*         0x00002512        0x2 ff
 .rodata.g_adc0_channel_cfg
                0x00002514       0x14 ./ra_gen/hal_data.o
                0x00002514                g_adc0_channel_cfg
 .rodata.g_timer0_cfg
                0x00002528       0x20 ./ra_gen/hal_data.o
                0x00002528                g_timer0_cfg
 .rodata.g_timer0_extend
                0x00002548       0x30 ./ra_gen/hal_data.o
                0x00002548                g_timer0_extend
 .rodata.g_uart0_cfg
                0x00002578       0x20 ./ra_gen/hal_data.o
                0x00002578                g_uart0_cfg
 .rodata.g_uart0_cfg_extend
                0x00002598       0x14 ./ra_gen/hal_data.o
                0x00002598                g_uart0_cfg_extend
 .rodata.g_bsp_pin_cfg
                0x000025ac        0x8 ./ra_gen/pin_data.o
                0x000025ac                g_bsp_pin_cfg
 .rodata.g_bsp_pin_cfg_data
                0x000025b4      0x110 ./ra_gen/pin_data.o
                0x000025b4                g_bsp_pin_cfg_data
 .rodata.g_interrupt_event_link_select
                0x000026c4       0xc0 ./ra_gen/vector_data.o
                0x000026c4                g_interrupt_event_link_select
 .rodata.g_ioport_on_ioport
                0x00002784       0x34 ./ra/fsp/src/r_ioport/r_ioport.o
                0x00002784                g_ioport_on_ioport
 .rodata.adc_elc_trigger_lut
                0x000027b8        0xc ./ra/fsp/src/r_adc/r_adc.o
 .rodata.g_prcr_masks
                0x000027c4        0x8 ./ra/fsp/src/bsp/mcu/all/bsp_register_protection.o
                0x000027cc                __usb_dev_descriptor_start_fs = .
 *(.usb_device_desc_fs*)
                0x000027cc                __usb_cfg_descriptor_start_fs = .
 *(.usb_config_desc_fs*)
                0x000027cc                __usb_interface_descriptor_start_fs = .
 *(.usb_interface_desc_fs*)
                0x000027cc                __usb_descriptor_end_fs = .
                0x000027cc                __usb_dev_descriptor_start_hs = .
 *(.usb_device_desc_hs*)
                0x000027cc                __usb_cfg_descriptor_start_hs = .
 *(.usb_config_desc_hs*)
                0x000027cc                __usb_interface_descriptor_start_hs = .
 *(.usb_interface_desc_hs*)
                0x000027cc                __usb_descriptor_end_hs = .
 *(.eh_frame*)
 .eh_frame      0x000027cc        0x0 c:/users/patri/appdata/local/programs/renesas/ra/e2studio_v2022-10_fsp_v4.2.0/toolchains/gcc_arm/gcc-arm-none-eabi-10.3-2021.10/bin/../lib/gcc/arm-none-eabi/10.3.1/thumb/v8-m.main+fp/hard/crtbegin.o
 .eh_frame      0x000027cc        0x4 c:/users/patri/appdata/local/programs/renesas/ra/e2studio_v2022-10_fsp_v4.2.0/toolchains/gcc_arm/gcc-arm-none-eabi-10.3-2021.10/bin/../lib/gcc/arm-none-eabi/10.3.1/thumb/v8-m.main+fp/hard/crtend.o
                0x000027d0                __ROM_End = .
                0x000001c0                __Vectors_Size = (__Vectors_End - __Vectors)

.glue_7         0x000027d0        0x0
 .glue_7        0x000027d0        0x0 linker stubs

.glue_7t        0x000027d0        0x0
 .glue_7t       0x000027d0        0x0 linker stubs

.vfp11_veneer   0x000027d0        0x0
 .vfp11_veneer  0x000027d0        0x0 linker stubs

.v4_bx          0x000027d0        0x0
 .v4_bx         0x000027d0        0x0 linker stubs

.iplt           0x000027d0        0x0
 .iplt          0x000027d0        0x0 c:/users/patri/appdata/local/programs/renesas/ra/e2studio_v2022-10_fsp_v4.2.0/toolchains/gcc_arm/gcc-arm-none-eabi-10.3-2021.10/bin/../lib/gcc/arm-none-eabi/10.3.1/thumb/v8-m.main+fp/hard/crtbegin.o

.ARM.extab
 *(.ARM.extab* .gnu.linkonce.armextab.*)
                0x000027d0                __exidx_start = .

.ARM.exidx
 *(.ARM.exidx* .gnu.linkonce.armexidx.*)
                0x000027d0                __exidx_end = .
                0x000027d0                __etext = .
                0x20000000                __tz_RAM_S = ORIGIN (RAM)

.fsp_dtc_vector_table
                0x20000000        0x0
                0x20000000                . = ORIGIN (RAM)
 *(.fsp_dtc_vector_table)

.data           0x20000000       0x38 load address 0x000027d0
                0x20000000                __data_start__ = .
                0x20000000                . = ALIGN (0x4)
                0x20000000                __Code_In_RAM_Start = .
 *(.code_in_ram*)
                0x20000000                __Code_In_RAM_End = .
 *(vtable)
 *(.data.*)
 .data.adc_scan_interval
                0x20000000        0x4 ./src/application_data.o
                0x20000000                adc_scan_interval
 .data.cond_pump_duty_cycle
                0x20000004        0x1 ./src/application_data.o
                0x20000004                cond_pump_duty_cycle
 *fill*         0x20000005        0x1 
 .data.conductivity_high_warning
                0x20000006        0x2 ./src/application_data.o
                0x20000006                conductivity_high_warning
 .data.conductivity_hysteresis
                0x20000008        0x2 ./src/application_data.o
                0x20000008                conductivity_hysteresis
 .data.conductivity_low_warning
                0x2000000a        0x2 ./src/application_data.o
                0x2000000a                conductivity_low_warning
 .data.conductivity_sensor_voltage_adc_channel
                0x2000000c        0x1 ./src/application_data.o
                0x2000000c                conductivity_sensor_voltage_adc_channel
 *fill*         0x2000000d        0x1 
 .data.conductivity_setpoint
                0x2000000e        0x2 ./src/application_data.o
                0x2000000e                conductivity_setpoint
 .data.dosing_period
                0x20000010        0x4 ./src/application_data.o
                0x20000010                dosing_period
 .data.hmi_interval
                0x20000014        0x4 ./src/application_data.o
                0x20000014                hmi_interval
 .data.ph_high_warning
                0x20000018        0x2 ./src/application_data.o
                0x20000018                ph_high_warning
 .data.ph_hysteresis
                0x2000001a        0x2 ./src/application_data.o
                0x2000001a                ph_hysteresis
 .data.ph_low_warning
                0x2000001c        0x2 ./src/application_data.o
                0x2000001c                ph_low_warning
 .data.ph_pump_duty_cycle
                0x2000001e        0x1 ./src/application_data.o
                0x2000001e                ph_pump_duty_cycle
 .data.ph_sensor_voltage_adc_channel
                0x2000001f        0x1 ./src/application_data.o
                0x2000001f                ph_sensor_voltage_adc_channel
 .data.ph_setpoint
                0x20000020        0x2 ./src/application_data.o
                0x20000020                ph_setpoint
 *fill*         0x20000022        0x2 
 .data.sensor_display_toggle_interval
                0x20000024        0x4 ./src/application_data.o
                0x20000024                sensor_display_toggle_interval
 .data.supply_voltage_adc_channel
                0x20000028        0x1 ./src/application_data.o
                0x20000028                supply_voltage_adc_channel
 *fill*         0x20000029        0x3 
 .data.g_uart0_baud_setting
                0x2000002c        0x4 ./ra_gen/hal_data.o
                0x2000002c                g_uart0_baud_setting
 *(.data)
                0x20000030                . = ALIGN (0x4)
                0x20000030                PROVIDE (__preinit_array_start = .)
 *(.preinit_array)
                0x20000030                PROVIDE (__preinit_array_end = .)
                0x20000030                . = ALIGN (0x4)
                0x20000030                PROVIDE (__init_array_start = .)
 *(SORT_BY_NAME(.init_array.*))
 *(.init_array)
 .init_array    0x20000030        0x4 c:/users/patri/appdata/local/programs/renesas/ra/e2studio_v2022-10_fsp_v4.2.0/toolchains/gcc_arm/gcc-arm-none-eabi-10.3-2021.10/bin/../lib/gcc/arm-none-eabi/10.3.1/thumb/v8-m.main+fp/hard/crtbegin.o
                0x20000034                PROVIDE (__init_array_end = .)
                0x20000034                . = ALIGN (0x4)
                [!provide]                PROVIDE (__fini_array_start = .)
 *(SORT_BY_NAME(.fini_array.*))
 *(.fini_array)
 .fini_array    0x20000034        0x4 c:/users/patri/appdata/local/programs/renesas/ra/e2studio_v2022-10_fsp_v4.2.0/toolchains/gcc_arm/gcc-arm-none-eabi-10.3-2021.10/bin/../lib/gcc/arm-none-eabi/10.3.1/thumb/v8-m.main+fp/hard/crtbegin.o
                [!provide]                PROVIDE (__fini_array_end = .)
 *(.jcr*)
                0x20000038                . = ALIGN (0x4)
                0x20000038                __data_end__ = .

.igot.plt       0x20000038        0x0 load address 0x00002808
 .igot.plt      0x20000038        0x0 c:/users/patri/appdata/local/programs/renesas/ra/e2studio_v2022-10_fsp_v4.2.0/toolchains/gcc_arm/gcc-arm-none-eabi-10.3-2021.10/bin/../lib/gcc/arm-none-eabi/10.3.1/thumb/v8-m.main+fp/hard/crtbegin.o

.gnu.sgstubs    0x00002c00        0x0
                0x00002c00                . = (DEFINED (PROJECT_SECURE) && DEFINED (FLASH_NSC_START))?ABSOLUTE (FLASH_NSC_START):ALIGN (0x400)
                0x00002c00                __tz_FLASH_C = DEFINED (FLASH_NSC_START)?ABSOLUTE (FLASH_NSC_START):__RESERVE_NS_RAM?ABSOLUTE ((FLASH_START + FLASH_LENGTH)):ALIGN (0x400)
                0x00002c00                _start_sg = .
 *(.gnu.sgstubs*)
                0x00002c00                . = ALIGN (0x20)
                0x00002c00                _end_sg = .
                0x00008000                __tz_FLASH_N = DEFINED (FLASH_NS_START)?ABSOLUTE (FLASH_NS_START):__RESERVE_NS_RAM?ABSOLUTE ((FLASH_START + FLASH_LENGTH)):ALIGN (0x8000)
                0x00008000                FLASH_NS_IMAGE_START = DEFINED (FLASH_NS_IMAGE_START)?FLASH_NS_IMAGE_START:__tz_FLASH_N
                0x60000000                __tz_QSPI_FLASH_S = ORIGIN (QSPI_FLASH)

.qspi_flash     0x60000000        0x0
                0x60000000                __qspi_flash_start__ = .
 *(.qspi_flash*)
 *(.code_in_qspi*)
                0x60000000                __qspi_flash_end__ = .
                0x00000000                __qspi_flash_code_size__ = (__qspi_flash_end__ - __qspi_flash_start__)
                0x00002808                __qspi_flash_code_addr__ = (__etext + (__data_end__ - __data_start__))

.qspi_non_retentive
                0x60000000        0x0 load address 0x00002808
                0x60000000                __qspi_non_retentive_start__ = .
 *(.qspi_non_retentive*)
                0x60000000                __qspi_non_retentive_end__ = .
                0x00000000                __qspi_non_retentive_size__ = (__qspi_non_retentive_end__ - __qspi_non_retentive_start__)
                0x04000000                __qspi_region_max_size__ = 0x4000000
                0x60000000                __qspi_region_start_address__ = __qspi_flash_start__
                0x64000000                __qspi_region_end_address__ = (__qspi_flash_start__ + __qspi_region_max_size__)
                0x60000000                __tz_QSPI_FLASH_N = __qspi_non_retentive_end__
                0x68000000                __tz_OSPI_DEVICE_0_S = ORIGIN (OSPI_DEVICE_0)

.OSPI_DEVICE_0  0x68000000        0x0
                0x68000000                __ospi_device_0_start__ = .
 *(.ospi_device_0*)
 *(.code_in_ospi_device_0*)
                0x68000000                __ospi_device_0_end__ = .
                0x00000000                __ospi_device_0_code_size__ = (__ospi_device_0_end__ - __ospi_device_0_start__)
                0x00002808                __ospi_device_0_code_addr__ = (__etext + (__data_end__ - __data_start__))

.ospi_device_0_non_retentive
                0x68000000        0x0 load address 0x00002808
                0x68000000                __ospi_device_0_non_retentive_start__ = .
 *(.ospi_device_0_non_retentive*)
                0x68000000                __ospi_device_0_non_retentive_end__ = .
                0x00000000                __ospi_device_0_non_retentive_size__ = (__ospi_device_0_non_retentive_end__ - __ospi_device_0_non_retentive_start__)
                0x08000000                __ospi_device_0_region_max_size__ = 0x8000000
                0x68000000                __ospi_device_0_region_start_address__ = __ospi_device_0_start__
                0x70000000                __ospi_device_0_region_end_address__ = (__ospi_device_0_start__ + __ospi_device_0_region_max_size__)
                0x68000000                __tz_OSPI_DEVICE_0_N = __ospi_device_0_non_retentive_end__
                0x70000000                __tz_OSPI_DEVICE_1_S = ORIGIN (OSPI_DEVICE_1)

.OSPI_DEVICE_1  0x70000000        0x0
                0x70000000                __ospi_device_1_start__ = .
 *(.ospi_device_1*)
 *(.code_in_ospi_device_1*)
                0x70000000                __ospi_device_1_end__ = .
                0x00000000                __ospi_device_1_code_size__ = (__ospi_device_1_end__ - __ospi_device_1_start__)
                0x00002808                __ospi_device_1_code_addr__ = (__etext + (__data_end__ - __data_start__))

.ospi_device_1_non_retentive
                0x70000000        0x0 load address 0x00002808
                0x70000000                __ospi_device_1_non_retentive_start__ = .
 *(.ospi_device_1_non_retentive*)
                0x70000000                __ospi_device_1_non_retentive_end__ = .
                0x00000000                __ospi_device_1_non_retentive_size__ = (__ospi_device_1_non_retentive_end__ - __ospi_device_1_non_retentive_start__)
                0x10000000                __ospi_device_1_region_max_size__ = 0x10000000
                0x70000000                __ospi_device_1_region_start_address__ = __ospi_device_1_start__
                0x80000000                __ospi_device_1_region_end_address__ = (__ospi_device_1_start__ + __ospi_device_1_region_max_size__)
                0x70000000                __tz_OSPI_DEVICE_1_N = __ospi_device_1_non_retentive_end__

.noinit         0x20000038       0x20
                0x20000038                . = ALIGN (0x4)
                0x20000038                __noinit_start = .
 *(.noinit*)
 .noinit        0x20000038       0x1c ./ra/fsp/src/bsp/mcu/all/bsp_clocks.o
                0x20000058                . = ALIGN (0x8)
 *fill*         0x20000054        0x4 
 *(.heap.*)
                0x20000058                __noinit_end = .

.bss            0x20000058      0x32c
                0x20000058                . = ALIGN (0x4)
                0x20000058                __bss_start__ = .
 *(.bss*)
 .bss           0x20000058       0x1c c:/users/patri/appdata/local/programs/renesas/ra/e2studio_v2022-10_fsp_v4.2.0/toolchains/gcc_arm/gcc-arm-none-eabi-10.3-2021.10/bin/../lib/gcc/arm-none-eabi/10.3.1/thumb/v8-m.main+fp/hard/crtbegin.o
 *fill*         0x20000074        0x4 
 .bss.offTimerCond
                0x20000078        0x8 ./src/dosing_control.o
 .bss.offTimerPH
                0x20000080        0x8 ./src/dosing_control.o
 .bss.onTimerCond
                0x20000088        0x8 ./src/dosing_control.o
 .bss.onTimerPH
                0x20000090        0x8 ./src/dosing_control.o
 .bss.pumpOnCond
                0x20000098        0x1 ./src/dosing_control.o
 .bss.pumpOnPH  0x20000099        0x1 ./src/dosing_control.o
 .bss.takeActionCond
                0x2000009a        0x1 ./src/dosing_control.o
 .bss.takeActionPH
                0x2000009b        0x1 ./src/dosing_control.o
 .bss.takingActionCond
                0x2000009c        0x1 ./src/dosing_control.o
 .bss.takingActionPH
                0x2000009d        0x1 ./src/dosing_control.o
 *fill*         0x2000009e        0x2 
 .bss.micros    0x200000a0        0x8 ./src/hal_entry.o
                0x200000a0                micros
 .bss.bcd_values_arr
                0x200000a8        0xc ./src/hmi_control.o
 .bss.cached_reading
                0x200000b4        0x2 ./src/hmi_control.o
 .bss.current_digit
                0x200000b6        0x2 ./src/hmi_control.o
 .bss.g_index   0x200000b8        0x2 ./src/modbus_protocol.o
                0x200000b8                g_index
 .bss.g_modbus_msg_rcvd
                0x200000ba        0x1 ./src/modbus_protocol.o
                0x200000ba                g_modbus_msg_rcvd
 *fill*         0x200000bb        0x1 
 .bss.holding_registers
                0x200000bc        0x4 ./src/modbus_protocol.o
                0x200000bc                holding_registers
 .bss.input_registers
                0x200000c0        0x4 ./src/modbus_protocol.o
                0x200000c0                input_registers
 .bss.modbus_rx_buffer
                0x200000c4       0x20 ./src/modbus_protocol.o
                0x200000c4                modbus_rx_buffer
 .bss.modbus_tx_buffer
                0x200000e4       0x20 ./src/modbus_protocol.o
                0x200000e4                modbus_tx_buffer
 .bss.g_uart_event
                0x20000104        0x1 ./src/serial_communication.o
 .bss.send_diagnostics_update
                0x20000105        0x1 ./src/serial_communication.o
 .bss.send_measurement_update
                0x20000106        0x1 ./src/serial_communication.o
 *fill*         0x20000107        0x1 
 .bss.g_ioport_ctrl
                0x20000108        0x8 ./ra_gen/common_data.o
                0x20000108                g_ioport_ctrl
 .bss.g_adc0_ctrl
                0x20000110       0x24 ./ra_gen/hal_data.o
                0x20000110                g_adc0_ctrl
 .bss.g_timer0_ctrl
                0x20000134       0x20 ./ra_gen/hal_data.o
                0x20000134                g_timer0_ctrl
 .bss.g_uart0_ctrl
                0x20000154       0x30 ./ra_gen/hal_data.o
                0x20000154                g_uart0_ctrl
 .bss.modbus_uart_ctrl
                0x20000184       0x30 ./ra_gen/hal_data.o
                0x20000184                modbus_uart_ctrl
 .bss.g_bsp_group_irq_sources
                0x200001b4       0x40 ./ra/fsp/src/bsp/mcu/all/bsp_group_irq.o
                0x200001b4                g_bsp_group_irq_sources
 .bss.g_protect_pfswe_counter
                0x200001f4        0x4 ./ra/fsp/src/bsp/mcu/all/bsp_io.o
                0x200001f4                g_protect_pfswe_counter
 .bss.gp_renesas_isr_context
                0x200001f8      0x180 ./ra/fsp/src/bsp/mcu/all/bsp_irq.o
                0x200001f8                gp_renesas_isr_context
 .bss.g_protect_counters
                0x20000378        0x8 ./ra/fsp/src/bsp/mcu/all/bsp_register_protection.o
                0x20000378                g_protect_counters
 .bss.SystemCoreClock
                0x20000380        0x4 ./ra/fsp/src/bsp/cmsis/Device/RENESAS/Source/system.o
                0x20000380                SystemCoreClock
 *(COMMON)
                0x20000384                . = ALIGN (0x4)
                0x20000384                __bss_end__ = .

.heap           0x20000384        0x4
                0x20000388                . = ALIGN (0x8)
 *fill*         0x20000384        0x4 
                0x20000388                __HeapBase = .
 *(.heap)
                0x20000388                __HeapLimit = .

.stack_dummy    0x20000388     0x1600
                0x20000388                . = ALIGN (0x8)
                0x20000388                __StackLimit = .
 *(.stack)
 .stack         0x20000388     0x1600 ./ra/fsp/src/bsp/cmsis/Device/RENESAS/Source/startup.o
                0x20001988                __StackTop = .
 *(.stack*)
                0x20001988                __StackTopAll = .
                0x20001988                PROVIDE (__stack = __StackTopAll)
                0x20001988                __RAM_segment_used_end__ = ALIGN (__StackTopAll, 0x4)
                0x20001c00                __tz_RAM_C = DEFINED (RAM_NSC_START)?ABSOLUTE (RAM_NSC_START):__RESERVE_NS_RAM?ABSOLUTE (RAM_NS_BUFFER_BLOCK_START):ALIGN (__RAM_segment_used_end__, 0x400)
                0x20002000                __tz_RAM_N = DEFINED (RAM_NS_START)?ABSOLUTE (RAM_NS_START):__RESERVE_NS_RAM?ABSOLUTE (RAM_NS_BUFFER_BLOCK_START):ALIGN (__tz_RAM_C, 0x2000)

.ns_buffer      0x20001988        0x0
                0x20001988                . = __RESERVE_NS_RAM?ABSOLUTE ((RAM_NS_BUFFER_START & 0xffffffe0)):.
 *(.ns_buffer*)

.data_flash     0x08000000        0x0
                0x08000000                . = ORIGIN (DATA_FLASH)
                0x08000000                __tz_DATA_FLASH_S = .
                0x08000000                __Data_Flash_Start = .
 *(.data_flash*)
                0x08000000                __Data_Flash_End = .
                0x08000000                __tz_DATA_FLASH_N = DEFINED (DATA_FLASH_NS_START)?ABSOLUTE (DATA_FLASH_NS_START):__RESERVE_NS_RAM?ABSOLUTE ((DATA_FLASH_START + DATA_FLASH_LENGTH)):ALIGN (0x400)
                0x80010000                __tz_SDRAM_S = ORIGIN (SDRAM)

.sdram          0x80010000        0x0
                0x80010000                __SDRAM_Start = .
 *(.sdram*)
 *(.frame*)
                0x80010000                __SDRAM_End = .
                0x80010000                __tz_SDRAM_N = __SDRAM_End
                0x00000000                __tz_ID_CODE_S = ORIGIN (ID_CODE)

.id_code        0x00000000        0x0
                0x00000000                __ID_Code_Start = .
 *(.id_code*)
                0x00000000                __ID_Code_End = .
                0x00000000                __tz_ID_CODE_N = __ID_Code_End
                0x0100a100                __tz_OPTION_SETTING_S = ORIGIN (OPTION_SETTING)

.option_setting
                0x0100a100       0x38
                0x0100a100                __OPTION_SETTING_Start = .
 *(.option_setting_ofs0)
 .option_setting_ofs0
                0x0100a100        0x4 ./ra/fsp/src/bsp/mcu/all/bsp_rom_registers.o
                0x0100a110                . = PROJECT_SECURE_OR_FLAT?(__OPTION_SETTING_Start + 0x10):__OPTION_SETTING_Start
 *fill*         0x0100a104        0xc ff
 *(.option_setting_dualsel)
 .option_setting_dualsel
                0x0100a110        0x4 ./ra/fsp/src/bsp/mcu/all/bsp_rom_registers.o
                0x0100a134                . = PROJECT_SECURE_OR_FLAT?(__OPTION_SETTING_Start + 0x34):__OPTION_SETTING_Start
 *fill*         0x0100a114       0x20 ff
 *(.option_setting_sas)
 .option_setting_sas
                0x0100a134        0x4 ./ra/fsp/src/bsp/mcu/all/bsp_rom_registers.o
                0x0100a138                __OPTION_SETTING_End = .
                0x0100a180                __tz_OPTION_SETTING_N = OPTION_SETTING_START_NS

.option_setting_ns
                0x0100a138        0x0
                0x0100a138                __OPTION_SETTING_NS_Start = .
 *(.option_setting_ofs1)
                0x0100a138                . = USE_OPTION_SETTING_NS?(__OPTION_SETTING_NS_Start + 0x10):__OPTION_SETTING_NS_Start
 *(.option_setting_banksel)
                0x0100a138                . = USE_OPTION_SETTING_NS?(__OPTION_SETTING_NS_Start + 0x40):__OPTION_SETTING_NS_Start
 *(.option_setting_bps0)
                0x0100a138                . = USE_OPTION_SETTING_NS?(__OPTION_SETTING_NS_Start + 0x44):__OPTION_SETTING_NS_Start
 *(.option_setting_bps1)
                0x0100a138                . = USE_OPTION_SETTING_NS?(__OPTION_SETTING_NS_Start + 0x48):__OPTION_SETTING_NS_Start
 *(.option_setting_bps2)
                0x0100a138                . = USE_OPTION_SETTING_NS?(__OPTION_SETTING_NS_Start + 0x60):__OPTION_SETTING_NS_Start
 *(.option_setting_pbps0)
                0x0100a138                . = USE_OPTION_SETTING_NS?(__OPTION_SETTING_NS_Start + 0x64):__OPTION_SETTING_NS_Start
 *(.option_setting_pbps1)
                0x0100a138                . = USE_OPTION_SETTING_NS?(__OPTION_SETTING_NS_Start + 0x68):__OPTION_SETTING_NS_Start
 *(.option_setting_pbps2)
                0x0100a138                __OPTION_SETTING_NS_End = .
                0x0100a200                __tz_OPTION_SETTING_S_S = ORIGIN (OPTION_SETTING_S)

.option_setting_s
                0x0100a200       0xcc
                0x0100a200                __OPTION_SETTING_S_Start = .
 *(.option_setting_ofs1_sec)
 .option_setting_ofs1_sec
                0x0100a200        0x4 ./ra/fsp/src/bsp/mcu/all/bsp_rom_registers.o
                0x0100a210                . = PROJECT_SECURE_OR_FLAT?(__OPTION_SETTING_S_Start + 0x10):__OPTION_SETTING_S_Start
 *fill*         0x0100a204        0xc ff
 *(.option_setting_banksel_sec)
 .option_setting_banksel_sec
                0x0100a210        0x4 ./ra/fsp/src/bsp/mcu/all/bsp_rom_registers.o
                0x0100a240                . = PROJECT_SECURE_OR_FLAT?(__OPTION_SETTING_S_Start + 0x40):__OPTION_SETTING_S_Start
 *fill*         0x0100a214       0x2c ff
 *(.option_setting_bps_sec0)
 .option_setting_bps_sec0
                0x0100a240        0x4 ./ra/fsp/src/bsp/mcu/all/bsp_rom_registers.o
                0x0100a244                . = PROJECT_SECURE_OR_FLAT?(__OPTION_SETTING_S_Start + 0x44):__OPTION_SETTING_S_Start
 *(.option_setting_bps_sec1)
 .option_setting_bps_sec1
                0x0100a244        0x4 ./ra/fsp/src/bsp/mcu/all/bsp_rom_registers.o
                0x0100a248                . = PROJECT_SECURE_OR_FLAT?(__OPTION_SETTING_S_Start + 0x48):__OPTION_SETTING_S_Start
 *(.option_setting_bps_sec2)
 .option_setting_bps_sec2
                0x0100a248        0x4 ./ra/fsp/src/bsp/mcu/all/bsp_rom_registers.o
                0x0100a260                . = PROJECT_SECURE_OR_FLAT?(__OPTION_SETTING_S_Start + 0x60):__OPTION_SETTING_S_Start
 *fill*         0x0100a24c       0x14 ff
 *(.option_setting_pbps_sec0)
 .option_setting_pbps_sec0
                0x0100a260        0x4 ./ra/fsp/src/bsp/mcu/all/bsp_rom_registers.o
                0x0100a264                . = PROJECT_SECURE_OR_FLAT?(__OPTION_SETTING_S_Start + 0x64):__OPTION_SETTING_S_Start
 *(.option_setting_pbps_sec1)
 .option_setting_pbps_sec1
                0x0100a264        0x4 ./ra/fsp/src/bsp/mcu/all/bsp_rom_registers.o
                0x0100a268                . = PROJECT_SECURE_OR_FLAT?(__OPTION_SETTING_S_Start + 0x68):__OPTION_SETTING_S_Start
 *(.option_setting_pbps_sec2)
 .option_setting_pbps_sec2
                0x0100a268        0x4 ./ra/fsp/src/bsp/mcu/all/bsp_rom_registers.o
                0x0100a280                . = PROJECT_SECURE_OR_FLAT?(__OPTION_SETTING_S_Start + 0x80):__OPTION_SETTING_S_Start
 *fill*         0x0100a26c       0x14 ff
 *(.option_setting_ofs1_sel)
 .option_setting_ofs1_sel
                0x0100a280        0x4 ./ra/fsp/src/bsp/mcu/all/bsp_rom_registers.o
                0x0100a290                . = PROJECT_SECURE_OR_FLAT?(__OPTION_SETTING_S_Start + 0x90):__OPTION_SETTING_S_Start
 *fill*         0x0100a284        0xc ff
 *(.option_setting_banksel_sel)
 .option_setting_banksel_sel
                0x0100a290        0x4 ./ra/fsp/src/bsp/mcu/all/bsp_rom_registers.o
                0x0100a2c0                . = PROJECT_SECURE_OR_FLAT?(__OPTION_SETTING_S_Start + 0xc0):__OPTION_SETTING_S_Start
 *fill*         0x0100a294       0x2c ff
 *(.option_setting_bps_sel0)
 .option_setting_bps_sel0
                0x0100a2c0        0x4 ./ra/fsp/src/bsp/mcu/all/bsp_rom_registers.o
                0x0100a2c4                . = PROJECT_SECURE_OR_FLAT?(__OPTION_SETTING_S_Start + 0xc4):__OPTION_SETTING_S_Start
 *(.option_setting_bps_sel1)
 .option_setting_bps_sel1
                0x0100a2c4        0x4 ./ra/fsp/src/bsp/mcu/all/bsp_rom_registers.o
                0x0100a2c8                . = PROJECT_SECURE_OR_FLAT?(__OPTION_SETTING_S_Start + 0xc8):__OPTION_SETTING_S_Start
 *(.option_setting_bps_sel2)
 .option_setting_bps_sel2
                0x0100a2c8        0x4 ./ra/fsp/src/bsp/mcu/all/bsp_rom_registers.o
                0x0100a2cc                __OPTION_SETTING_S_End = .
                0x0100a2cc                __tz_OPTION_SETTING_S_N = __OPTION_SETTING_S_End
OUTPUT(Aqua_CTRL_SW_V02.elf elf32-littlearm)
LOAD linker stubs

.rel.dyn        0x0100a2cc        0x0
 .rel.iplt      0x0100a2cc        0x0 c:/users/patri/appdata/local/programs/renesas/ra/e2studio_v2022-10_fsp_v4.2.0/toolchains/gcc_arm/gcc-arm-none-eabi-10.3-2021.10/bin/../lib/gcc/arm-none-eabi/10.3.1/thumb/v8-m.main+fp/hard/crtbegin.o

.ARM.attributes
                0x00000000       0x36
 .ARM.attributes
                0x00000000       0x22 c:/users/patri/appdata/local/programs/renesas/ra/e2studio_v2022-10_fsp_v4.2.0/toolchains/gcc_arm/gcc-arm-none-eabi-10.3-2021.10/bin/../lib/gcc/arm-none-eabi/10.3.1/thumb/v8-m.main+fp/hard/crti.o
 .ARM.attributes
                0x00000022       0x38 c:/users/patri/appdata/local/programs/renesas/ra/e2studio_v2022-10_fsp_v4.2.0/toolchains/gcc_arm/gcc-arm-none-eabi-10.3-2021.10/bin/../lib/gcc/arm-none-eabi/10.3.1/thumb/v8-m.main+fp/hard/crtbegin.o
 .ARM.attributes
                0x0000005a       0x3a ./src/application_data.o
 .ARM.attributes
                0x00000094       0x3a ./src/control_utils.o
 .ARM.attributes
                0x000000ce       0x3a ./src/dosing_control.o
 .ARM.attributes
                0x00000108       0x3a ./src/hal_entry.o
 .ARM.attributes
                0x00000142       0x3a ./src/hmi_control.o
 .ARM.attributes
                0x0000017c       0x3a ./src/modbus_crc.o
 .ARM.attributes
                0x000001b6       0x3a ./src/modbus_protocol.o
 .ARM.attributes
                0x000001f0       0x3a ./src/serial_communication.o
 .ARM.attributes
                0x0000022a       0x3a ./ra_gen/common_data.o
 .ARM.attributes
                0x00000264       0x3a ./ra_gen/hal_data.o
 .ARM.attributes
                0x0000029e       0x3a ./ra_gen/main.o
 .ARM.attributes
                0x000002d8       0x3a ./ra_gen/pin_data.o
 .ARM.attributes
                0x00000312       0x3a ./ra_gen/vector_data.o
 .ARM.attributes
                0x0000034c       0x3a ./ra/fsp/src/r_sci_uart/r_sci_uart.o
 .ARM.attributes
                0x00000386       0x3a ./ra/fsp/src/r_ioport/r_ioport.o
 .ARM.attributes
                0x000003c0       0x3a ./ra/fsp/src/r_gpt/r_gpt.o
 .ARM.attributes
                0x000003fa       0x3a ./ra/fsp/src/r_agt/r_agt.o
 .ARM.attributes
                0x00000434       0x3a ./ra/fsp/src/r_adc/r_adc.o
 .ARM.attributes
                0x0000046e       0x3a ./ra/fsp/src/bsp/mcu/all/bsp_clocks.o
 .ARM.attributes
                0x000004a8       0x3a ./ra/fsp/src/bsp/mcu/all/bsp_common.o
 .ARM.attributes
                0x000004e2       0x3a ./ra/fsp/src/bsp/mcu/all/bsp_delay.o
 .ARM.attributes
                0x0000051c       0x3a ./ra/fsp/src/bsp/mcu/all/bsp_group_irq.o
 .ARM.attributes
                0x00000556       0x3a ./ra/fsp/src/bsp/mcu/all/bsp_io.o
 .ARM.attributes
                0x00000590       0x3a ./ra/fsp/src/bsp/mcu/all/bsp_irq.o
 .ARM.attributes
                0x000005ca       0x3a ./ra/fsp/src/bsp/mcu/all/bsp_register_protection.o
 .ARM.attributes
                0x00000604       0x3a ./ra/fsp/src/bsp/mcu/all/bsp_rom_registers.o
 .ARM.attributes
                0x0000063e       0x3a ./ra/fsp/src/bsp/cmsis/Device/RENESAS/Source/startup.o
 .ARM.attributes
                0x00000678       0x3a ./ra/fsp/src/bsp/cmsis/Device/RENESAS/Source/system.o
 .ARM.attributes
                0x000006b2       0x38 c:/users/patri/appdata/local/programs/renesas/ra/e2studio_v2022-10_fsp_v4.2.0/toolchains/gcc_arm/gcc-arm-none-eabi-10.3-2021.10/bin/../lib/gcc/arm-none-eabi/10.3.1/../../../../arm-none-eabi/lib/thumb/v8-m.main+fp/hard\libg_nano.a(lib_a-memcpy-stub.o)
 .ARM.attributes
                0x000006ea       0x38 c:/users/patri/appdata/local/programs/renesas/ra/e2studio_v2022-10_fsp_v4.2.0/toolchains/gcc_arm/gcc-arm-none-eabi-10.3-2021.10/bin/../lib/gcc/arm-none-eabi/10.3.1/../../../../arm-none-eabi/lib/thumb/v8-m.main+fp/hard\libg_nano.a(lib_a-memset.o)
 .ARM.attributes
                0x00000722       0x38 c:/users/patri/appdata/local/programs/renesas/ra/e2studio_v2022-10_fsp_v4.2.0/toolchains/gcc_arm/gcc-arm-none-eabi-10.3-2021.10/bin/../lib/gcc/arm-none-eabi/10.3.1/thumb/v8-m.main+fp/hard/crtend.o
 .ARM.attributes
                0x0000075a       0x22 c:/users/patri/appdata/local/programs/renesas/ra/e2studio_v2022-10_fsp_v4.2.0/toolchains/gcc_arm/gcc-arm-none-eabi-10.3-2021.10/bin/../lib/gcc/arm-none-eabi/10.3.1/thumb/v8-m.main+fp/hard/crtn.o

.comment        0x00000000       0x49
 .comment       0x00000000       0x49 ./src/application_data.o
                                 0x4a (size before relaxing)
 .comment       0x00000049       0x4a ./src/control_utils.o
 .comment       0x00000049       0x4a ./src/dosing_control.o
 .comment       0x00000049       0x4a ./src/hal_entry.o
 .comment       0x00000049       0x4a ./src/hmi_control.o
 .comment       0x00000049       0x4a ./src/modbus_crc.o
 .comment       0x00000049       0x4a ./src/modbus_protocol.o
 .comment       0x00000049       0x4a ./src/serial_communication.o
 .comment       0x00000049       0x4a ./ra_gen/common_data.o
 .comment       0x00000049       0x4a ./ra_gen/hal_data.o
 .comment       0x00000049       0x4a ./ra_gen/main.o
 .comment       0x00000049       0x4a ./ra_gen/pin_data.o
 .comment       0x00000049       0x4a ./ra_gen/vector_data.o
 .comment       0x00000049       0x4a ./ra/fsp/src/r_sci_uart/r_sci_uart.o
 .comment       0x00000049       0x4a ./ra/fsp/src/r_ioport/r_ioport.o
 .comment       0x00000049       0x4a ./ra/fsp/src/r_gpt/r_gpt.o
 .comment       0x00000049       0x4a ./ra/fsp/src/r_agt/r_agt.o
 .comment       0x00000049       0x4a ./ra/fsp/src/r_adc/r_adc.o
 .comment       0x00000049       0x4a ./ra/fsp/src/bsp/mcu/all/bsp_clocks.o
 .comment       0x00000049       0x4a ./ra/fsp/src/bsp/mcu/all/bsp_common.o
 .comment       0x00000049       0x4a ./ra/fsp/src/bsp/mcu/all/bsp_delay.o
 .comment       0x00000049       0x4a ./ra/fsp/src/bsp/mcu/all/bsp_group_irq.o
 .comment       0x00000049       0x4a ./ra/fsp/src/bsp/mcu/all/bsp_io.o
 .comment       0x00000049       0x4a ./ra/fsp/src/bsp/mcu/all/bsp_irq.o
 .comment       0x00000049       0x4a ./ra/fsp/src/bsp/mcu/all/bsp_register_protection.o
 .comment       0x00000049       0x4a ./ra/fsp/src/bsp/mcu/all/bsp_rom_registers.o
 .comment       0x00000049       0x4a ./ra/fsp/src/bsp/cmsis/Device/RENESAS/Source/startup.o
 .comment       0x00000049       0x4a ./ra/fsp/src/bsp/cmsis/Device/RENESAS/Source/system.o

.debug_info     0x00000000    0x5ddd6
 .debug_info    0x00000000      0x525 ./src/application_data.o
 .debug_info    0x00000525      0x193 ./src/control_utils.o
 .debug_info    0x000006b8     0x398b ./src/dosing_control.o
 .debug_info    0x00004043     0x878f ./src/hal_entry.o
 .debug_info    0x0000c7d2      0xa6a ./src/hmi_control.o
 .debug_info    0x0000d23c      0x15d ./src/modbus_crc.o
 .debug_info    0x0000d399     0x75eb ./src/modbus_protocol.o
 .debug_info    0x00014984     0x308b ./src/serial_communication.o
 .debug_info    0x00017a0f     0x1207 ./ra_gen/common_data.o
 .debug_info    0x00018c16     0xa62f ./ra_gen/hal_data.o
 .debug_info    0x00023245       0xaa ./ra_gen/main.o
 .debug_info    0x000232ef      0xa07 ./ra_gen/pin_data.o
 .debug_info    0x00023cf6      0x858 ./ra_gen/vector_data.o
 .debug_info    0x0002454e     0xa5e4 ./ra/fsp/src/r_sci_uart/r_sci_uart.o
 .debug_info    0x0002eb32     0x6c19 ./ra/fsp/src/r_ioport/r_ioport.o
 .debug_info    0x0003574b     0x9803 ./ra/fsp/src/r_gpt/r_gpt.o
 .debug_info    0x0003ef4e     0x70a4 ./ra/fsp/src/r_agt/r_agt.o
 .debug_info    0x00045ff2     0xade6 ./ra/fsp/src/r_adc/r_adc.o
 .debug_info    0x00050dd8     0x496e ./ra/fsp/src/bsp/mcu/all/bsp_clocks.o
 .debug_info    0x00055746      0x916 ./ra/fsp/src/bsp/mcu/all/bsp_common.o
 .debug_info    0x0005605c      0x1d1 ./ra/fsp/src/bsp/mcu/all/bsp_delay.o
 .debug_info    0x0005622d     0x13d8 ./ra/fsp/src/bsp/mcu/all/bsp_group_irq.o
 .debug_info    0x00057605       0xa3 ./ra/fsp/src/bsp/mcu/all/bsp_io.o
 .debug_info    0x000576a8     0x1e7b ./ra/fsp/src/bsp/mcu/all/bsp_irq.o
 .debug_info    0x00059523     0x3cb8 ./ra/fsp/src/bsp/mcu/all/bsp_register_protection.o
 .debug_info    0x0005d1db      0x1de ./ra/fsp/src/bsp/mcu/all/bsp_rom_registers.o
 .debug_info    0x0005d3b9      0x141 ./ra/fsp/src/bsp/cmsis/Device/RENESAS/Source/startup.o
 .debug_info    0x0005d4fa      0x8dc ./ra/fsp/src/bsp/cmsis/Device/RENESAS/Source/system.o

.debug_abbrev   0x00000000     0x436c
 .debug_abbrev  0x00000000      0x102 ./src/application_data.o
 .debug_abbrev  0x00000102       0x9b ./src/control_utils.o
 .debug_abbrev  0x0000019d      0x226 ./src/dosing_control.o
 .debug_abbrev  0x000003c3      0x2ec ./src/hal_entry.o
 .debug_abbrev  0x000006af      0x251 ./src/hmi_control.o
 .debug_abbrev  0x00000900       0xc6 ./src/modbus_crc.o
 .debug_abbrev  0x000009c6      0x411 ./src/modbus_protocol.o
 .debug_abbrev  0x00000dd7      0x340 ./src/serial_communication.o
 .debug_abbrev  0x00001117      0x150 ./ra_gen/common_data.o
 .debug_abbrev  0x00001267      0x2ed ./ra_gen/hal_data.o
 .debug_abbrev  0x00001554       0x66 ./ra_gen/main.o
 .debug_abbrev  0x000015ba       0xdc ./ra_gen/pin_data.o
 .debug_abbrev  0x00001696       0xa7 ./ra_gen/vector_data.o
 .debug_abbrev  0x0000173d      0x5f8 ./ra/fsp/src/r_sci_uart/r_sci_uart.o
 .debug_abbrev  0x00001d35      0x428 ./ra/fsp/src/r_ioport/r_ioport.o
 .debug_abbrev  0x0000215d      0x607 ./ra/fsp/src/r_gpt/r_gpt.o
 .debug_abbrev  0x00002764      0x538 ./ra/fsp/src/r_agt/r_agt.o
 .debug_abbrev  0x00002c9c      0x598 ./ra/fsp/src/r_adc/r_adc.o
 .debug_abbrev  0x00003234      0x38c ./ra/fsp/src/bsp/mcu/all/bsp_clocks.o
 .debug_abbrev  0x000035c0      0x172 ./ra/fsp/src/bsp/mcu/all/bsp_common.o
 .debug_abbrev  0x00003732      0x111 ./ra/fsp/src/bsp/mcu/all/bsp_delay.o
 .debug_abbrev  0x00003843      0x254 ./ra/fsp/src/bsp/mcu/all/bsp_group_irq.o
 .debug_abbrev  0x00003a97       0x5e ./ra/fsp/src/bsp/mcu/all/bsp_io.o
 .debug_abbrev  0x00003af5      0x251 ./ra/fsp/src/bsp/mcu/all/bsp_irq.o
 .debug_abbrev  0x00003d46      0x277 ./ra/fsp/src/bsp/mcu/all/bsp_register_protection.o
 .debug_abbrev  0x00003fbd       0x4d ./ra/fsp/src/bsp/mcu/all/bsp_rom_registers.o
 .debug_abbrev  0x0000400a       0xe6 ./ra/fsp/src/bsp/cmsis/Device/RENESAS/Source/startup.o
 .debug_abbrev  0x000040f0      0x27c ./ra/fsp/src/bsp/cmsis/Device/RENESAS/Source/system.o

.debug_loc      0x00000000     0x6f78
 .debug_loc     0x00000000       0x32 ./src/application_data.o
 .debug_loc     0x00000032      0x248 ./src/control_utils.o
 .debug_loc     0x0000027a       0xef ./src/dosing_control.o
 .debug_loc     0x00000369       0x57 ./src/hal_entry.o
 .debug_loc     0x000003c0      0x119 ./src/hmi_control.o
 .debug_loc     0x000004d9      0x109 ./src/modbus_crc.o
 .debug_loc     0x000005e2      0x4ae ./src/modbus_protocol.o
 .debug_loc     0x00000a90      0x175 ./src/serial_communication.o
 .debug_loc     0x00000c05     0x1950 ./ra/fsp/src/r_sci_uart/r_sci_uart.o
 .debug_loc     0x00002555      0xdd9 ./ra/fsp/src/r_ioport/r_ioport.o
 .debug_loc     0x0000332e     0x1156 ./ra/fsp/src/r_gpt/r_gpt.o
 .debug_loc     0x00004484      0xe2d ./ra/fsp/src/r_agt/r_agt.o
 .debug_loc     0x000052b1     0x147b ./ra/fsp/src/r_adc/r_adc.o
 .debug_loc     0x0000672c      0x315 ./ra/fsp/src/bsp/mcu/all/bsp_clocks.o
 .debug_loc     0x00006a41       0x22 ./ra/fsp/src/bsp/mcu/all/bsp_common.o
 .debug_loc     0x00006a63      0x178 ./ra/fsp/src/bsp/mcu/all/bsp_delay.o
 .debug_loc     0x00006bdb       0xaa ./ra/fsp/src/bsp/mcu/all/bsp_group_irq.o
 .debug_loc     0x00006c85      0x121 ./ra/fsp/src/bsp/mcu/all/bsp_irq.o
 .debug_loc     0x00006da6      0x105 ./ra/fsp/src/bsp/mcu/all/bsp_register_protection.o
 .debug_loc     0x00006eab       0xcd ./ra/fsp/src/bsp/cmsis/Device/RENESAS/Source/system.o

.debug_aranges  0x00000000      0x708
 .debug_aranges
                0x00000000       0x20 ./src/application_data.o
 .debug_aranges
                0x00000020       0x38 ./src/control_utils.o
 .debug_aranges
                0x00000058       0x28 ./src/dosing_control.o
 .debug_aranges
                0x00000080       0x30 ./src/hal_entry.o
 .debug_aranges
                0x000000b0       0x40 ./src/hmi_control.o
 .debug_aranges
                0x000000f0       0x20 ./src/modbus_crc.o
 .debug_aranges
                0x00000110       0x58 ./src/modbus_protocol.o
 .debug_aranges
                0x00000168       0x30 ./src/serial_communication.o
 .debug_aranges
                0x00000198       0x20 ./ra_gen/common_data.o
 .debug_aranges
                0x000001b8       0x20 ./ra_gen/hal_data.o
 .debug_aranges
                0x000001d8       0x20 ./ra_gen/main.o
 .debug_aranges
                0x000001f8       0x18 ./ra_gen/pin_data.o
 .debug_aranges
                0x00000210       0x18 ./ra_gen/vector_data.o
 .debug_aranges
                0x00000228       0x98 ./ra/fsp/src/r_sci_uart/r_sci_uart.o
 .debug_aranges
                0x000002c0       0x90 ./ra/fsp/src/r_ioport/r_ioport.o
 .debug_aranges
                0x00000350       0xd8 ./ra/fsp/src/r_gpt/r_gpt.o
 .debug_aranges
                0x00000428       0x80 ./ra/fsp/src/r_agt/r_agt.o
 .debug_aranges
                0x000004a8       0xb8 ./ra/fsp/src/r_adc/r_adc.o
 .debug_aranges
                0x00000560       0x60 ./ra/fsp/src/bsp/mcu/all/bsp_clocks.o
 .debug_aranges
                0x000005c0       0x30 ./ra/fsp/src/bsp/mcu/all/bsp_common.o
 .debug_aranges
                0x000005f0       0x28 ./ra/fsp/src/bsp/mcu/all/bsp_delay.o
 .debug_aranges
                0x00000618       0x28 ./ra/fsp/src/bsp/mcu/all/bsp_group_irq.o
 .debug_aranges
                0x00000640       0x18 ./ra/fsp/src/bsp/mcu/all/bsp_io.o
 .debug_aranges
                0x00000658       0x20 ./ra/fsp/src/bsp/mcu/all/bsp_irq.o
 .debug_aranges
                0x00000678       0x28 ./ra/fsp/src/bsp/mcu/all/bsp_register_protection.o
 .debug_aranges
                0x000006a0       0x18 ./ra/fsp/src/bsp/mcu/all/bsp_rom_registers.o
 .debug_aranges
                0x000006b8       0x28 ./ra/fsp/src/bsp/cmsis/Device/RENESAS/Source/startup.o
 .debug_aranges
                0x000006e0       0x28 ./ra/fsp/src/bsp/cmsis/Device/RENESAS/Source/system.o

.debug_ranges   0x00000000     0x15c0
 .debug_ranges  0x00000000       0x10 ./src/application_data.o
 .debug_ranges  0x00000010       0x28 ./src/control_utils.o
 .debug_ranges  0x00000038       0x18 ./src/dosing_control.o
 .debug_ranges  0x00000050       0x20 ./src/hal_entry.o
 .debug_ranges  0x00000070       0xc8 ./src/hmi_control.o
 .debug_ranges  0x00000138       0x10 ./src/modbus_crc.o
 .debug_ranges  0x00000148      0x138 ./src/modbus_protocol.o
 .debug_ranges  0x00000280       0x90 ./src/serial_communication.o
 .debug_ranges  0x00000310       0x10 ./ra_gen/common_data.o
 .debug_ranges  0x00000320       0x10 ./ra_gen/hal_data.o
 .debug_ranges  0x00000330       0x10 ./ra_gen/main.o
 .debug_ranges  0x00000340      0x5b8 ./ra/fsp/src/r_sci_uart/r_sci_uart.o
 .debug_ranges  0x000008f8      0x158 ./ra/fsp/src/r_ioport/r_ioport.o
 .debug_ranges  0x00000a50      0x300 ./ra/fsp/src/r_gpt/r_gpt.o
 .debug_ranges  0x00000d50      0x288 ./ra/fsp/src/r_agt/r_agt.o
 .debug_ranges  0x00000fd8      0x340 ./ra/fsp/src/r_adc/r_adc.o
 .debug_ranges  0x00001318      0x120 ./ra/fsp/src/bsp/mcu/all/bsp_clocks.o
 .debug_ranges  0x00001438       0x20 ./ra/fsp/src/bsp/mcu/all/bsp_common.o
 .debug_ranges  0x00001458       0x18 ./ra/fsp/src/bsp/mcu/all/bsp_delay.o
 .debug_ranges  0x00001470       0x58 ./ra/fsp/src/bsp/mcu/all/bsp_group_irq.o
 .debug_ranges  0x000014c8       0x68 ./ra/fsp/src/bsp/mcu/all/bsp_irq.o
 .debug_ranges  0x00001530       0x48 ./ra/fsp/src/bsp/mcu/all/bsp_register_protection.o
 .debug_ranges  0x00001578       0x18 ./ra/fsp/src/bsp/cmsis/Device/RENESAS/Source/startup.o
 .debug_ranges  0x00001590       0x30 ./ra/fsp/src/bsp/cmsis/Device/RENESAS/Source/system.o

.debug_line     0x00000000     0xd0b0
 .debug_line    0x00000000      0x331 ./src/application_data.o
 .debug_line    0x00000331      0x2e2 ./src/control_utils.o
 .debug_line    0x00000613      0x7b4 ./src/dosing_control.o
 .debug_line    0x00000dc7      0x8af ./src/hal_entry.o
 .debug_line    0x00001676      0x6bc ./src/hmi_control.o
 .debug_line    0x00001d32      0x1f3 ./src/modbus_crc.o
 .debug_line    0x00001f25      0xbe5 ./src/modbus_protocol.o
 .debug_line    0x00002b0a      0x763 ./src/serial_communication.o
 .debug_line    0x0000326d      0x4cd ./ra_gen/common_data.o
 .debug_line    0x0000373a      0x613 ./ra_gen/hal_data.o
 .debug_line    0x00003d4d       0x5e ./ra_gen/main.o
 .debug_line    0x00003dab      0x2cc ./ra_gen/pin_data.o
 .debug_line    0x00004077      0x187 ./ra_gen/vector_data.o
 .debug_line    0x000041fe     0x1b69 ./ra/fsp/src/r_sci_uart/r_sci_uart.o
 .debug_line    0x00005d67      0xdf9 ./ra/fsp/src/r_ioport/r_ioport.o
 .debug_line    0x00006b60     0x132b ./ra/fsp/src/r_gpt/r_gpt.o
 .debug_line    0x00007e8b      0xfe8 ./ra/fsp/src/r_agt/r_agt.o
 .debug_line    0x00008e73     0x1607 ./ra/fsp/src/r_adc/r_adc.o
 .debug_line    0x0000a47a      0x91a ./ra/fsp/src/bsp/mcu/all/bsp_clocks.o
 .debug_line    0x0000ad94      0x371 ./ra/fsp/src/bsp/mcu/all/bsp_common.o
 .debug_line    0x0000b105      0x3b8 ./ra/fsp/src/bsp/mcu/all/bsp_delay.o
 .debug_line    0x0000b4bd      0x456 ./ra/fsp/src/bsp/mcu/all/bsp_group_irq.o
 .debug_line    0x0000b913      0x23c ./ra/fsp/src/bsp/mcu/all/bsp_io.o
 .debug_line    0x0000bb4f      0x5d5 ./ra/fsp/src/bsp/mcu/all/bsp_irq.o
 .debug_line    0x0000c124      0x505 ./ra/fsp/src/bsp/mcu/all/bsp_register_protection.o
 .debug_line    0x0000c629      0x1a7 ./ra/fsp/src/bsp/mcu/all/bsp_rom_registers.o
 .debug_line    0x0000c7d0      0x2c0 ./ra/fsp/src/bsp/cmsis/Device/RENESAS/Source/startup.o
 .debug_line    0x0000ca90      0x620 ./ra/fsp/src/bsp/cmsis/Device/RENESAS/Source/system.o

.debug_str      0x00000000    0x1035b
 .debug_str     0x00000000      0x74b ./src/application_data.o
                                0x7ac (size before relaxing)
 .debug_str     0x0000074b       0x61 ./src/control_utils.o
                                0x275 (size before relaxing)
 .debug_str     0x000007ac     0x2aa8 ./src/dosing_control.o
                               0x3136 (size before relaxing)
 .debug_str     0x00003254     0x3db5 ./src/hal_entry.o
                               0x6e2c (size before relaxing)
 .debug_str     0x00007009       0x97 ./src/hmi_control.o
                               0x17df (size before relaxing)
 .debug_str     0x000070a0       0x42 ./src/modbus_crc.o
                                0x252 (size before relaxing)
 .debug_str     0x000070e2     0x18f4 ./src/modbus_protocol.o
                               0x5ba1 (size before relaxing)
 .debug_str     0x000089d6       0xb4 ./src/serial_communication.o
                               0x3e7f (size before relaxing)
 .debug_str     0x00008a8a       0x39 ./ra_gen/common_data.o
                               0x329c (size before relaxing)
 .debug_str     0x00008ac3     0x3a20 ./ra_gen/hal_data.o
                               0xa5bf (size before relaxing)
 .debug_str     0x0000c4e3       0x16 ./ra_gen/main.o
                                0x200 (size before relaxing)
 .debug_str     0x0000c4f9      0x648 ./ra_gen/pin_data.o
                               0x1d82 (size before relaxing)
 .debug_str     0x0000cb41       0x68 ./ra_gen/vector_data.o
                               0x1d00 (size before relaxing)
 .debug_str     0x0000cba9      0xc73 ./ra/fsp/src/r_sci_uart/r_sci_uart.o
                               0x6819 (size before relaxing)
 .debug_str     0x0000d81c      0x749 ./ra/fsp/src/r_ioport/r_ioport.o
                               0x567c (size before relaxing)
 .debug_str     0x0000df65      0x9c4 ./ra/fsp/src/r_gpt/r_gpt.o
                               0x61a4 (size before relaxing)
 .debug_str     0x0000e929      0x1b5 ./ra/fsp/src/r_agt/r_agt.o
                               0x46ee (size before relaxing)
 .debug_str     0x0000eade      0x5f6 ./ra/fsp/src/r_adc/r_adc.o
                               0x813e (size before relaxing)
 .debug_str     0x0000f0d4      0x704 ./ra/fsp/src/bsp/mcu/all/bsp_clocks.o
                               0x2088 (size before relaxing)
 .debug_str     0x0000f7d8      0x10b ./ra/fsp/src/bsp/mcu/all/bsp_common.o
                               0x1bb0 (size before relaxing)
 .debug_str     0x0000f8e3       0xb1 ./ra/fsp/src/bsp/mcu/all/bsp_delay.o
                                0x329 (size before relaxing)
 .debug_str     0x0000f994      0x1de ./ra/fsp/src/bsp/mcu/all/bsp_group_irq.o
                               0x20bb (size before relaxing)
 .debug_str     0x0000fb72       0x23 ./ra/fsp/src/bsp/mcu/all/bsp_io.o
                                0x229 (size before relaxing)
 .debug_str     0x0000fb95      0x36f ./ra/fsp/src/bsp/mcu/all/bsp_irq.o
                               0x25b0 (size before relaxing)
 .debug_str     0x0000ff04       0x88 ./ra/fsp/src/bsp/mcu/all/bsp_register_protection.o
                               0x19ff (size before relaxing)
 .debug_str     0x0000ff8c      0x197 ./ra/fsp/src/bsp/mcu/all/bsp_rom_registers.o
                                0x385 (size before relaxing)
 .debug_str     0x00010123       0x82 ./ra/fsp/src/bsp/cmsis/Device/RENESAS/Source/startup.o
                                0x273 (size before relaxing)
 .debug_str     0x000101a5      0x1b6 ./ra/fsp/src/bsp/cmsis/Device/RENESAS/Source/system.o
                                0x655 (size before relaxing)

.debug_frame    0x00000000      0xf68
 .debug_frame   0x00000000       0x30 ./src/application_data.o
 .debug_frame   0x00000030       0x50 ./src/control_utils.o
 .debug_frame   0x00000080       0x58 ./src/dosing_control.o
 .debug_frame   0x000000d8       0x58 ./src/hal_entry.o
 .debug_frame   0x00000130       0xa0 ./src/hmi_control.o
 .debug_frame   0x000001d0       0x2c ./src/modbus_crc.o
 .debug_frame   0x000001fc      0x150 ./src/modbus_protocol.o
 .debug_frame   0x0000034c       0x60 ./src/serial_communication.o
 .debug_frame   0x000003ac       0x20 ./ra_gen/common_data.o
 .debug_frame   0x000003cc       0x20 ./ra_gen/hal_data.o
 .debug_frame   0x000003ec       0x28 ./ra_gen/main.o
 .debug_frame   0x00000414      0x1f4 ./ra/fsp/src/r_sci_uart/r_sci_uart.o
 .debug_frame   0x00000608      0x17c ./ra/fsp/src/r_ioport/r_ioport.o
 .debug_frame   0x00000784      0x21c ./ra/fsp/src/r_gpt/r_gpt.o
 .debug_frame   0x000009a0      0x128 ./ra/fsp/src/r_agt/r_agt.o
 .debug_frame   0x00000ac8      0x1d8 ./ra/fsp/src/r_adc/r_adc.o
 .debug_frame   0x00000ca0       0xcc ./ra/fsp/src/bsp/mcu/all/bsp_clocks.o
 .debug_frame   0x00000d6c       0x40 ./ra/fsp/src/bsp/mcu/all/bsp_common.o
 .debug_frame   0x00000dac       0x44 ./ra/fsp/src/bsp/mcu/all/bsp_delay.o
 .debug_frame   0x00000df0       0x3c ./ra/fsp/src/bsp/mcu/all/bsp_group_irq.o
 .debug_frame   0x00000e2c       0x30 ./ra/fsp/src/bsp/mcu/all/bsp_irq.o
 .debug_frame   0x00000e5c       0x48 ./ra/fsp/src/bsp/mcu/all/bsp_register_protection.o
 .debug_frame   0x00000ea4       0x38 ./ra/fsp/src/bsp/cmsis/Device/RENESAS/Source/startup.o
 .debug_frame   0x00000edc       0x44 ./ra/fsp/src/bsp/cmsis/Device/RENESAS/Source/system.o
 .debug_frame   0x00000f20       0x28 c:/users/patri/appdata/local/programs/renesas/ra/e2studio_v2022-10_fsp_v4.2.0/toolchains/gcc_arm/gcc-arm-none-eabi-10.3-2021.10/bin/../lib/gcc/arm-none-eabi/10.3.1/../../../../arm-none-eabi/lib/thumb/v8-m.main+fp/hard\libg_nano.a(lib_a-memcpy-stub.o)
 .debug_frame   0x00000f48       0x20 c:/users/patri/appdata/local/programs/renesas/ra/e2studio_v2022-10_fsp_v4.2.0/toolchains/gcc_arm/gcc-arm-none-eabi-10.3-2021.10/bin/../lib/gcc/arm-none-eabi/10.3.1/../../../../arm-none-eabi/lib/thumb/v8-m.main+fp/hard\libg_nano.a(lib_a-memset.o)
